{"logTime": "0520/114012", "correlationVector":"aT23KFae9gO21insaqHC0p.1","action":"SyncServerConnectionManagerRequest", "result":"SYNC_SERVER_OK", "context":{"environment":"Prod_brazilsouth_prod-s01-034-sam-brazilsouth", "migrationStage":"NotStarted", "server":"akswtt100000006"}}
{"logTime": "0520/114012", "correlationVector":"aT23KFae9gO21insaqHC0p.2","action":"ProcessGetUpdates", "result":"Done", "context":{"dataType":"Encryption Keys", "deleted":"0", "process_failed_to_decrypt":"0", "process_pending_decryption":"0", "process_success":"1", "total":"1"}}
{"logTime": "0520/114013", "correlationVector":"FL/g3s3xMpODfJ7jFXHX0l","action":"SyncServerConnectionManagerRequest", "result":"SYNC_SERVER_OK", "context":{"environment":"", "migrationStage":"", "server":""}}
{"logTime": "0520/114013", "correlationVector":"FL/g3s3xMpODfJ7jFXHX0l.0","action":"EncryptionKeysFetcher.DownloadKeys:", "result":"Success", "context":Key count: 7, Last key timestamp: 2026-02-09T01:20:38Z}
{"logTime": "0520/114013", "correlationVector":"FL/g3s3xMpODfJ7jFXHX0l.1","action":"EncryptionKeysManager::SetEncryptionKeys:", "result":"Success", "context":Key names[7]:[TQutwejxrYZ5W09vcSqKDGfKaPquwletOESQWOx2FGe/wJiI6411LbSMvaEJEDkwTg4XL66yHL8WPZ1WHLJ60w==][V4bEF1HBBGXn0QqQBYNNDE1qH0lkFowJ510XjGbcB9ooOkAlNad+KB7uHznNXJeIUpI5wtft5nqhE8GDlfyT9A==][QcO8Cg/lle/ViQ8qUOUtEisMICZLtZ4TRB7tI1VPSKWQ00iZnlhQpoPRFqhIc6jdQAZz65OwJJ5yfEHeVAHRzA==][257cvOaBRRDwlytD6ySOKZn72TTXJTsxvVdSrYa1Y1u3n2W3Uuj2/9yrTLKtrH3Bvqjp8lcBz2WkGMmRuOOnUA==][hcS3DmeZeC2fi5FYpn08+fBrgw31VIBzpJCBYp7/a64GH5lqkA3AaZQaJ3fcpWs8NH8CvZjirPq9LdmgooJUpg==][5wcftUQpbsOpNPjDszDTh7v2GSB7mqMIPpwwvvMVgKClGs9U29gIy209ddGamATeoTyE+9Nxcg0Dy+cfqxX08g==][sdj/9mzE7mmkbvsPdLkLfaJJ4Ll4LqkYHPiCbFkSgp6InZD9Keyz/WaxYsHnOAf9m1pLNNGyz2878fquRPrtKw==]}
{"logTime": "0520/114013", "correlationVector":"FL/g3s3xMpODfJ7jFXHX0l.2","action":"EncryptionKeysManager::SetEncryptionKeysWithTimestamps:", "result":"Success", "context":Key timestamps[7]:[2021-07-01T11:42:44Z][2023-02-22T23:39:34Z][2023-12-26T20:16:54Z][2024-06-24T14:18:48Z][2024-12-22T00:09:18Z][2025-07-18T20:11:02Z][2026-02-09T01:20:38Z]}
{"logTime": "0520/114013", "correlationVector":"aT23KFae9gO21insaqHC0p","action":"Initial GetUpdates", "result":"", "context":Reason: NEW_CLIENT. cV=aT23KFae9gO21insaqHC0p}
{"logTime": "0520/114013", "correlationVector":"aT23KFae9gO21insaqHC0p.3","action":"GetUpdates Response", "result":"Success", "context":Received 1 update(s). cV=aT23KFae9gO21insaqHC0p.0;server=akswtt100000006;cloudType=Consumer;environment=Prod_brazilsouth_prod-s01-034-sam-brazilsouth;migrationStage=NotStarted}
{"logTime": "0520/114013", "correlationVector":"3iKjxAbHW3NVa4hDleh8pr","action":"Initial GetUpdates", "result":"", "context":Reason: NEWLY_SUPPORTED_DATATYPE. cV=3iKjxAbHW3NVa4hDleh8pr}
{"logTime": "0520/114014", "correlationVector":"3iKjxAbHW3NVa4hDleh8pr.1","action":"SyncServerConnectionManagerRequest", "result":"SYNC_SERVER_OK", "context":{"environment":"Prod_brazilsouth_prod-s01-001-sam-brazilsouth", "migrationStage":"NotStarted", "server":"akswtt00400000x"}}
{"logTime": "0520/114014", "correlationVector":"3iKjxAbHW3NVa4hDleh8pr.2","action":"ProcessGetUpdates", "result":"Done", "context":{"dataType":"Preferences", "deleted":"0", "process_failed_to_decrypt":"0", "process_pending_decryption":"0", "process_success":"107", "total":"107"}}
{"logTime": "0520/114014", "correlationVector":"3iKjxAbHW3NVa4hDleh8pr.3","action":"ProcessGetUpdates", "result":"Done", "context":{"dataType":"Passwords", "deleted":"0", "process_failed_to_decrypt":"0", "process_pending_decryption":"0", "process_success":"17", "total":"17"}}
{"logTime": "0520/114014", "correlationVector":"3iKjxAbHW3NVa4hDleh8pr.4","action":"ProcessGetUpdates", "result":"Done", "context":{"dataType":"Device Info", "deleted":"0", "process_failed_to_decrypt":"0", "process_pending_decryption":"0", "process_success":"126", "total":"126"}}
{"logTime": "0520/114014", "correlationVector":"3iKjxAbHW3NVa4hDleh8pr.5","action":"GetUpdates Response", "result":"Success", "context":Received 250 update(s). cV=3iKjxAbHW3NVa4hDleh8pr.0;server=akswtt00400000x;cloudType=Consumer;environment=Prod_brazilsouth_prod-s01-001-sam-brazilsouth;migrationStage=NotStarted Some updates remain.}
{"logTime": "0520/114014", "correlationVector":"RgyPDWMgc2kfAPS2IAW/7V","action":"Initial GetUpdates", "result":"", "context":Reason: NEWLY_SUPPORTED_DATATYPE. cV=RgyPDWMgc2kfAPS2IAW/7V}
{"logTime": "0520/114014", "correlationVector":"RgyPDWMgc2kfAPS2IAW/7V.1","action":"SyncServerConnectionManagerRequest", "result":"SYNC_SERVER_OK", "context":{"environment":"Prod_brazilsouth_prod-s01-034-sam-brazilsouth", "migrationStage":"NotStarted", "server":"akswtt100000006"}}
{"logTime": "0520/114014", "correlationVector":"RgyPDWMgc2kfAPS2IAW/7V.2","action":"ProcessGetUpdates", "result":"Done", "context":{"dataType":"Preferences", "deleted":"0", "process_failed_to_decrypt":"0", "process_pending_decryption":"0", "process_success":"1", "total":"1"}}
{"logTime": "0520/114014", "correlationVector":"RgyPDWMgc2kfAPS2IAW/7V.3","action":"ProcessGetUpdates", "result":"Done", "context":{"dataType":"Passwords", "deleted":"0", "process_failed_to_decrypt":"0", "process_pending_decryption":"0", "process_success":"225", "total":"225"}}
{"logTime": "0520/114014", "correlationVector":"RgyPDWMgc2kfAPS2IAW/7V.4","action":"ProcessGetUpdates", "result":"Done", "context":{"dataType":"Device Info", "deleted":"0", "process_failed_to_decrypt":"0", "process_pending_decryption":"0", "process_success":"24", "total":"24"}}
{"logTime": "0520/114014", "correlationVector":"RgyPDWMgc2kfAPS2IAW/7V.5","action":"GetUpdates Response", "result":"Success", "context":Received 250 update(s). cV=RgyPDWMgc2kfAPS2IAW/7V.0;server=akswtt100000006;cloudType=Consumer;environment=Prod_brazilsouth_prod-s01-034-sam-brazilsouth;migrationStage=NotStarted Some updates remain.}
{"logTime": "0520/114014", "correlationVector":"psYs9EQv7ccUVhKcAz23nZ","action":"Initial GetUpdates", "result":"", "context":Reason: NEWLY_SUPPORTED_DATATYPE. cV=psYs9EQv7ccUVhKcAz23nZ}
{"logTime": "0520/114014", "correlationVector":"psYs9EQv7ccUVhKcAz23nZ.1","action":"SyncServerConnectionManagerRequest", "result":"SYNC_SERVER_OK", "context":{"environment":"Prod_brazilsouth_prod-s01-034-sam-brazilsouth", "migrationStage":"NotStarted", "server":"akswtt10000001o"}}
{"logTime": "0520/114014", "correlationVector":"psYs9EQv7ccUVhKcAz23nZ.2","action":"ProcessGetUpdates", "result":"Done", "context":{"dataType":"Passwords", "deleted":"0", "process_failed_to_decrypt":"0", "process_pending_decryption":"0", "process_success":"32", "total":"32"}}
{"logTime": "0520/114014", "correlationVector":"psYs9EQv7ccUVhKcAz23nZ.3","action":"GetUpdates Response", "result":"Success", "context":Received 32 update(s). cV=psYs9EQv7ccUVhKcAz23nZ.0;server=akswtt10000001o;cloudType=Consumer;environment=Prod_brazilsouth_prod-s01-034-sam-brazilsouth;migrationStage=NotStarted}
{"logTime": "0520/114014", "correlationVector":"4JhwdKoPJ2lFiKWtpyAvE7","action":"Initial GetUpdates", "result":"", "context":Reason: NEWLY_SUPPORTED_DATATYPE. cV=4JhwdKoPJ2lFiKWtpyAvE7}
{"logTime": "0520/114015", "correlationVector":"4JhwdKoPJ2lFiKWtpyAvE7.1","action":"SyncServerConnectionManagerRequest", "result":"SYNC_SERVER_OK", "context":{"environment":"Prod_brazilsouth_prod-s01-034-sam-brazilsouth", "migrationStage":"NotStarted", "server":"akswtt10000001g"}}
{"logTime": "0520/114015", "correlationVector":"4JhwdKoPJ2lFiKWtpyAvE7.2","action":"ProcessGetUpdates", "result":"Done", "context":{"dataType":"Bookmarks", "deleted":"0", "process_failed_to_decrypt":"0", "process_pending_decryption":"0", "process_success":"89", "total":"89"}}
{"logTime": "0520/114015", "correlationVector":"4JhwdKoPJ2lFiKWtpyAvE7.3","action":"GetUpdates Response", "result":"Success", "context":Received 89 update(s). cV=4JhwdKoPJ2lFiKWtpyAvE7.0;server=akswtt10000001g;cloudType=Consumer;environment=Prod_brazilsouth_prod-s01-034-sam-brazilsouth;migrationStage=NotStarted}
{"logTime": "0520/114015", "correlationVector":"/rSm23dQXNb+45vzk2wARx","action":"Initial GetUpdates", "result":"", "context":Reason: NEWLY_SUPPORTED_DATATYPE. cV=/rSm23dQXNb+45vzk2wARx}
{"logTime": "0520/114016", "correlationVector":"/rSm23dQXNb+45vzk2wARx.1","action":"SyncServerConnectionManagerRequest", "result":"SYNC_SERVER_OK", "context":{"environment":"Prod_brazilsouth_prod-s01-034-sam-brazilsouth", "migrationStage":"NotStarted", "server":"akswtt10000001h"}}
{"logTime": "0520/114016", "correlationVector":"/rSm23dQXNb+45vzk2wARx.2","action":"ProcessGetUpdates", "result":"Done", "context":{"dataType":"Autofill Profiles", "deleted":"0", "process_failed_to_decrypt":"0", "process_pending_decryption":"0", "process_success":"1", "total":"1"}}
{"logTime": "0520/114016", "correlationVector":"/rSm23dQXNb+45vzk2wARx.3","action":"ProcessGetUpdates", "result":"Done", "context":{"dataType":"Autofill", "deleted":"0", "process_failed_to_decrypt":"0", "process_pending_decryption":"0", "process_success":"235", "total":"235"}}
{"logTime": "0520/114016", "correlationVector":"/rSm23dQXNb+45vzk2wARx.4","action":"ProcessGetUpdates", "result":"Done", "context":{"dataType":"Extensions", "deleted":"0", "process_failed_to_decrypt":"0", "process_pending_decryption":"0", "process_success":"5", "total":"5"}}
{"logTime": "0520/114016", "correlationVector":"/rSm23dQXNb+45vzk2wARx.5","action":"ProcessGetUpdates", "result":"Done", "context":{"dataType":"Extension settings", "deleted":"0", "process_failed_to_decrypt":"0", "process_pending_decryption":"0", "process_success":"7", "total":"7"}}
{"logTime": "0520/114016", "correlationVector":"/rSm23dQXNb+45vzk2wARx.6","action":"ProcessGetUpdates", "result":"Done", "context":{"dataType":"Collection", "deleted":"0", "process_failed_to_decrypt":"0", "process_pending_decryption":"0", "process_success":"2", "total":"2"}}
{"logTime": "0520/114016", "correlationVector":"/rSm23dQXNb+45vzk2wARx.7","action":"GetUpdates Response", "result":"Success", "context":Received 250 update(s). cV=/rSm23dQXNb+45vzk2wARx.0;server=akswtt10000001h;cloudType=Consumer;environment=Prod_brazilsouth_prod-s01-034-sam-brazilsouth;migrationStage=NotStarted Some updates remain.}
{"logTime": "0520/114016", "correlationVector":"4qvCdczb1qWuZPSB9yawiP","action":"Initial GetUpdates", "result":"", "context":Reason: NEWLY_SUPPORTED_DATATYPE. cV=4qvCdczb1qWuZPSB9yawiP}
{"logTime": "0520/114016", "correlationVector":"4qvCdczb1qWuZPSB9yawiP.1","action":"SyncServerConnectionManagerRequest", "result":"SYNC_SERVER_OK", "context":{"environment":"Prod_brazilsouth_prod-s01-034-sam-brazilsouth", "migrationStage":"NotStarted", "server":"akswtt10000001l"}}
{"logTime": "0520/114016", "correlationVector":"4qvCdczb1qWuZPSB9yawiP.2","action":"ProcessGetUpdates", "result":"Done", "context":{"dataType":"Autofill", "deleted":"0", "process_failed_to_decrypt":"0", "process_pending_decryption":"0", "process_success":"250", "total":"250"}}
{"logTime": "0520/114016", "correlationVector":"4qvCdczb1qWuZPSB9yawiP.3","action":"GetUpdates Response", "result":"Success", "context":Received 250 update(s). cV=4qvCdczb1qWuZPSB9yawiP.0;server=akswtt10000001l;cloudType=Consumer;environment=Prod_brazilsouth_prod-s01-034-sam-brazilsouth;migrationStage=NotStarted Some updates remain.}
{"logTime": "0520/114016", "correlationVector":"EAMz3Y9sJ45L1iTs1UEIsl","action":"Initial GetUpdates", "result":"", "context":Reason: NEWLY_SUPPORTED_DATATYPE. cV=EAMz3Y9sJ45L1iTs1UEIsl}
{"logTime": "0520/114017", "correlationVector":"EAMz3Y9sJ45L1iTs1UEIsl.1","action":"SyncServerConnectionManagerRequest", "result":"SYNC_SERVER_OK", "context":{"environment":"Prod_brazilsouth_prod-s01-034-sam-brazilsouth", "migrationStage":"NotStarted", "server":"akswtt10000001r"}}
{"logTime": "0520/114017", "correlationVector":"EAMz3Y9sJ45L1iTs1UEIsl.2","action":"ProcessGetUpdates", "result":"Done", "context":{"dataType":"Autofill", "deleted":"0", "process_failed_to_decrypt":"0", "process_pending_decryption":"0", "process_success":"208", "total":"208"}}
{"logTime": "0520/114017", "correlationVector":"EAMz3Y9sJ45L1iTs1UEIsl.3","action":"ProcessGetUpdates", "result":"Done", "context":{"dataType":"Extensions", "deleted":"0", "process_failed_to_decrypt":"0", "process_pending_decryption":"0", "process_success":"1", "total":"1"}}
{"logTime": "0520/114017", "correlationVector":"EAMz3Y9sJ45L1iTs1UEIsl.4","action":"ProcessGetUpdates", "result":"Done", "context":{"dataType":"Sessions", "deleted":"36", "process_failed_to_decrypt":"0", "process_pending_decryption":"0", "process_success":"36", "total":"36"}}
{"logTime": "0520/114017", "correlationVector":"EAMz3Y9sJ45L1iTs1UEIsl.5","action":"ProcessGetUpdates", "result":"Done", "context":{"dataType":"Web Apps", "deleted":"0", "process_failed_to_decrypt":"0", "process_pending_decryption":"0", "process_success":"1", "total":"1"}}
{"logTime": "0520/114017", "correlationVector":"EAMz3Y9sJ45L1iTs1UEIsl.6","action":"ProcessGetUpdates", "result":"Done", "context":{"dataType":"Edge Hub App Usage", "deleted":"0", "process_failed_to_decrypt":"0", "process_pending_decryption":"0", "process_success":"2", "total":"2"}}
{"logTime": "0520/114017", "correlationVector":"EAMz3Y9sJ45L1iTs1UEIsl.7","action":"ProcessGetUpdates", "result":"Done", "context":{"dataType":"Edge Workspace", "deleted":"0", "process_failed_to_decrypt":"0", "process_pending_decryption":"0", "process_success":"2", "total":"2"}}
{"logTime": "0520/114017", "correlationVector":"EAMz3Y9sJ45L1iTs1UEIsl.8","action":"GetUpdates Response", "result":"Success", "context":Received 250 update(s). cV=EAMz3Y9sJ45L1iTs1UEIsl.0;server=akswtt10000001r;cloudType=Consumer;environment=Prod_brazilsouth_prod-s01-034-sam-brazilsouth;migrationStage=NotStarted Some updates remain.}
{"logTime": "0520/114017", "correlationVector":"bVGm2I8TEmyxiCmbg6zHEA","action":"Initial GetUpdates", "result":"", "context":Reason: NEWLY_SUPPORTED_DATATYPE. cV=bVGm2I8TEmyxiCmbg6zHEA}
{"logTime": "0520/114019", "correlationVector":"bVGm2I8TEmyxiCmbg6zHEA.1","action":"SyncServerConnectionManagerRequest", "result":"SYNC_SERVER_OK", "context":{"environment":"Prod_brazilsouth_prod-s01-034-sam-brazilsouth", "migrationStage":"NotStarted", "server":"akswtt100000006"}}
{"logTime": "0520/114019", "correlationVector":"bVGm2I8TEmyxiCmbg6zHEA.2","action":"ProcessGetUpdates", "result":"Done", "context":{"dataType":"Autofill", "deleted":"0", "process_failed_to_decrypt":"0", "process_pending_decryption":"0", "process_success":"4", "total":"4"}}
{"logTime": "0520/114019", "correlationVector":"bVGm2I8TEmyxiCmbg6zHEA.3","action":"ProcessGetUpdates", "result":"Done", "context":{"dataType":"Sessions", "deleted":"63", "process_failed_to_decrypt":"0", "process_pending_decryption":"0", "process_success":"246", "total":"246"}}
{"logTime": "0520/114019", "correlationVector":"bVGm2I8TEmyxiCmbg6zHEA.4","action":"GetUpdates Response", "result":"Success", "context":Received 250 update(s). cV=bVGm2I8TEmyxiCmbg6zHEA.0;server=akswtt100000006;cloudType=Consumer;environment=Prod_brazilsouth_prod-s01-034-sam-brazilsouth;migrationStage=NotStarted Some updates remain.}
{"logTime": "0520/114019", "correlationVector":"w3CBxhseIqmLPNepNsNdHD","action":"Initial GetUpdates", "result":"", "context":Reason: NEWLY_SUPPORTED_DATATYPE. cV=w3CBxhseIqmLPNepNsNdHD}
{"logTime": "0520/114019", "correlationVector":"w3CBxhseIqmLPNepNsNdHD.1","action":"SyncServerConnectionManagerRequest", "result":"SYNC_SERVER_OK", "context":{"environment":"Prod_brazilsouth_prod-s01-034-sam-brazilsouth", "migrationStage":"NotStarted", "server":"akswtt10000001m"}}
{"logTime": "0520/114019", "correlationVector":"w3CBxhseIqmLPNepNsNdHD.2","action":"ProcessGetUpdates", "result":"Done", "context":{"dataType":"Sessions", "deleted":"43", "process_failed_to_decrypt":"0", "process_pending_decryption":"0", "process_success":"250", "total":"250"}}
{"logTime": "0520/114019", "correlationVector":"w3CBxhseIqmLPNepNsNdHD.3","action":"GetUpdates Response", "result":"Success", "context":Received 250 update(s). cV=w3CBxhseIqmLPNepNsNdHD.0;server=akswtt10000001m;cloudType=Consumer;environment=Prod_brazilsouth_prod-s01-034-sam-brazilsouth;migrationStage=NotStarted Some updates remain.}
{"logTime": "0520/114019", "correlationVector":"D9szlX7EJu9Inkx5YVIqyv","action":"Initial GetUpdates", "result":"", "context":Reason: NEWLY_SUPPORTED_DATATYPE. cV=D9szlX7EJu9Inkx5YVIqyv}
{"logTime": "0520/114020", "correlationVector":"D9szlX7EJu9Inkx5YVIqyv.1","action":"SyncServerConnectionManagerRequest", "result":"SYNC_SERVER_OK", "context":{"environment":"Prod_brazilsouth_prod-s01-034-sam-brazilsouth", "migrationStage":"NotStarted", "server":"akswtt10000001l"}}
{"logTime": "0520/114020", "correlationVector":"D9szlX7EJu9Inkx5YVIqyv.2","action":"ProcessGetUpdates", "result":"Done", "context":{"dataType":"Extensions", "deleted":"0", "process_failed_to_decrypt":"0", "process_pending_decryption":"0", "process_success":"3", "total":"3"}}
{"logTime": "0520/114020", "correlationVector":"D9szlX7EJu9Inkx5YVIqyv.3","action":"ProcessGetUpdates", "result":"Done", "context":{"dataType":"Sessions", "deleted":"16", "process_failed_to_decrypt":"0", "process_pending_decryption":"0", "process_success":"246", "total":"246"}}
{"logTime": "0520/114020", "correlationVector":"D9szlX7EJu9Inkx5YVIqyv.4","action":"ProcessGetUpdates", "result":"Done", "context":{"dataType":"Edge Hub App Usage", "deleted":"0", "process_failed_to_decrypt":"0", "process_pending_decryption":"0", "process_success":"1", "total":"1"}}
{"logTime": "0520/114020", "correlationVector":"D9szlX7EJu9Inkx5YVIqyv.5","action":"GetUpdates Response", "result":"Success", "context":Received 250 update(s). cV=D9szlX7EJu9Inkx5YVIqyv.0;server=akswtt10000001l;cloudType=Consumer;environment=Prod_brazilsouth_prod-s01-034-sam-brazilsouth;migrationStage=NotStarted Some updates remain.}
{"logTime": "0520/114020", "correlationVector":"lVx041qCdWYtH8AIp6sTJM","action":"Initial GetUpdates", "result":"", "context":Reason: NEWLY_SUPPORTED_DATATYPE. cV=lVx041qCdWYtH8AIp6sTJM}
{"logTime": "0520/114021", "correlationVector":"lVx041qCdWYtH8AIp6sTJM.1","action":"SyncServerConnectionManagerRequest", "result":"SYNC_SERVER_OK", "context":{"environment":"Prod_brazilsouth_prod-s01-034-sam-brazilsouth", "migrationStage":"NotStarted", "server":"akswtt100000006"}}
{"logTime": "0520/114021", "correlationVector":"lVx041qCdWYtH8AIp6sTJM.2","action":"ProcessGetUpdates", "result":"Done", "context":{"dataType":"Sessions", "deleted":"27", "process_failed_to_decrypt":"0", "process_pending_decryption":"0", "process_success":"250", "total":"250"}}
{"logTime": "0520/114021", "correlationVector":"lVx041qCdWYtH8AIp6sTJM.3","action":"GetUpdates Response", "result":"Success", "context":Received 250 update(s). cV=lVx041qCdWYtH8AIp6sTJM.0;server=akswtt100000006;cloudType=Consumer;environment=Prod_brazilsouth_prod-s01-034-sam-brazilsouth;migrationStage=NotStarted Some updates remain.}
{"logTime": "0520/114021", "correlationVector":"NbbuvAozYUUlhZG0PzlQxF","action":"Initial GetUpdates", "result":"", "context":Reason: NEWLY_SUPPORTED_DATATYPE. cV=NbbuvAozYUUlhZG0PzlQxF}
{"logTime": "0520/114022", "correlationVector":"NbbuvAozYUUlhZG0PzlQxF.1","action":"SyncServerConnectionManagerRequest", "result":"SYNC_SERVER_OK", "context":{"environment":"Prod_brazilsouth_prod-s01-034-sam-brazilsouth", "migrationStage":"NotStarted", "server":"akswtt10000001t"}}
{"logTime": "0520/114022", "correlationVector":"NbbuvAozYUUlhZG0PzlQxF.2","action":"ProcessGetUpdates", "result":"Done", "context":{"dataType":"Sessions", "deleted":"42", "process_failed_to_decrypt":"0", "process_pending_decryption":"0", "process_success":"250", "total":"250"}}
{"logTime": "0520/114022", "correlationVector":"NbbuvAozYUUlhZG0PzlQxF.3","action":"GetUpdates Response", "result":"Success", "context":Received 250 update(s). cV=NbbuvAozYUUlhZG0PzlQxF.0;server=akswtt10000001t;cloudType=Consumer;environment=Prod_brazilsouth_prod-s01-034-sam-brazilsouth;migrationStage=NotStarted Some updates remain.}
{"logTime": "0520/114022", "correlationVector":"rzXG4jyPKYQFXqM3DRkK3P","action":"Initial GetUpdates", "result":"", "context":Reason: NEWLY_SUPPORTED_DATATYPE. cV=rzXG4jyPKYQFXqM3DRkK3P}
{"logTime": "0520/114022", "correlationVector":"rzXG4jyPKYQFXqM3DRkK3P.1","action":"SyncServerConnectionManagerRequest", "result":"SYNC_SERVER_OK", "context":{"environment":"Prod_brazilsouth_prod-s01-034-sam-brazilsouth", "migrationStage":"NotStarted", "server":"akswtt100000006"}}
{"logTime": "0520/114022", "correlationVector":"rzXG4jyPKYQFXqM3DRkK3P.2","action":"ProcessGetUpdates", "result":"Done", "context":{"dataType":"Extensions", "deleted":"0", "process_failed_to_decrypt":"0", "process_pending_decryption":"0", "process_success":"1", "total":"1"}}
{"logTime": "0520/114022", "correlationVector":"rzXG4jyPKYQFXqM3DRkK3P.3","action":"ProcessGetUpdates", "result":"Done", "context":{"dataType":"Sessions", "deleted":"58", "process_failed_to_decrypt":"0", "process_pending_decryption":"0", "process_success":"249", "total":"249"}}
{"logTime": "0520/114022", "correlationVector":"rzXG4jyPKYQFXqM3DRkK3P.4","action":"GetUpdates Response", "result":"Success", "context":Received 250 update(s). cV=rzXG4jyPKYQFXqM3DRkK3P.0;server=akswtt100000006;cloudType=Consumer;environment=Prod_brazilsouth_prod-s01-034-sam-brazilsouth;migrationStage=NotStarted Some updates remain.}
{"logTime": "0520/114022", "correlationVector":"cmee6QmDMb4Q8XlgSz/h7w","action":"Initial GetUpdates", "result":"", "context":Reason: NEWLY_SUPPORTED_DATATYPE. cV=cmee6QmDMb4Q8XlgSz/h7w}
{"logTime": "0520/114023", "correlationVector":"cmee6QmDMb4Q8XlgSz/h7w.1","action":"SyncServerConnectionManagerRequest", "result":"SYNC_SERVER_OK", "context":{"environment":"Prod_brazilsouth_prod-s01-034-sam-brazilsouth", "migrationStage":"NotStarted", "server":"akswtt10000000h"}}
{"logTime": "0520/114023", "correlationVector":"cmee6QmDMb4Q8XlgSz/h7w.2","action":"ProcessGetUpdates", "result":"Done", "context":{"dataType":"Sessions", "deleted":"42", "process_failed_to_decrypt":"0", "process_pending_decryption":"0", "process_success":"250", "total":"250"}}
{"logTime": "0520/114023", "correlationVector":"cmee6QmDMb4Q8XlgSz/h7w.3","action":"GetUpdates Response", "result":"Success", "context":Received 250 update(s). cV=cmee6QmDMb4Q8XlgSz/h7w.0;server=akswtt10000000h;cloudType=Consumer;environment=Prod_brazilsouth_prod-s01-034-sam-brazilsouth;migrationStage=NotStarted Some updates remain.}
{"logTime": "0520/114023", "correlationVector":"aTwE1eEy+5ukuglggfuvtA","action":"Initial GetUpdates", "result":"", "context":Reason: NEWLY_SUPPORTED_DATATYPE. cV=aTwE1eEy+5ukuglggfuvtA}
{"logTime": "0520/114023", "correlationVector":"aTwE1eEy+5ukuglggfuvtA.1","action":"SyncServerConnectionManagerRequest", "result":"SYNC_SERVER_OK", "context":{"environment":"Prod_brazilsouth_prod-s01-034-sam-brazilsouth", "migrationStage":"NotStarted", "server":"akswtt100000006"}}
{"logTime": "0520/114023", "correlationVector":"aTwE1eEy+5ukuglggfuvtA.2","action":"ProcessGetUpdates", "result":"Done", "context":{"dataType":"Autofill", "deleted":"0", "process_failed_to_decrypt":"0", "process_pending_decryption":"0", "process_success":"6", "total":"6"}}
{"logTime": "0520/114023", "correlationVector":"aTwE1eEy+5ukuglggfuvtA.3","action":"ProcessGetUpdates", "result":"Done", "context":{"dataType":"Sessions", "deleted":"19", "process_failed_to_decrypt":"0", "process_pending_decryption":"0", "process_success":"110", "total":"110"}}
{"logTime": "0520/114023", "correlationVector":"aTwE1eEy+5ukuglggfuvtA.4","action":"ProcessGetUpdates", "result":"Done", "context":{"dataType":"Extension settings", "deleted":"0", "process_failed_to_decrypt":"0", "process_pending_decryption":"0", "process_success":"1", "total":"1"}}
{"logTime": "0520/114023", "correlationVector":"aTwE1eEy+5ukuglggfuvtA.5","action":"GetUpdates Response", "result":"Success", "context":Received 117 update(s). cV=aTwE1eEy+5ukuglggfuvtA.0;server=akswtt100000006;cloudType=Consumer;environment=Prod_brazilsouth_prod-s01-034-sam-brazilsouth;migrationStage=NotStarted}
{"logTime": "0520/114023", "correlationVector":"yjfWTdN+07ChP/2CyCi0Za","action":"Initial GetUpdates", "result":"", "context":Reason: NEWLY_SUPPORTED_DATATYPE. cV=yjfWTdN+07ChP/2CyCi0Za}
{"logTime": "0520/114024", "correlationVector":"yjfWTdN+07ChP/2CyCi0Za.1","action":"SyncServerConnectionManagerRequest", "result":"SYNC_SERVER_OK", "context":{"environment":"Prod_brazilsouth_prod-s01-034-sam-brazilsouth", "migrationStage":"NotStarted", "server":"akswtt10000000g"}}
{"logTime": "0520/114024", "correlationVector":"yjfWTdN+07ChP/2CyCi0Za.2","action":"ProcessGetUpdates", "result":"Done", "context":{"dataType":"History", "deleted":"0", "process_failed_to_decrypt":"0", "process_pending_decryption":"0", "process_success":"250", "total":"250"}}
{"logTime": "0520/114025", "correlationVector":"yjfWTdN+07ChP/2CyCi0Za.3","action":"GetUpdates Response", "result":"Success", "context":Received 250 update(s). cV=yjfWTdN+07ChP/2CyCi0Za.0;server=akswtt10000000g;cloudType=Consumer;environment=Prod_brazilsouth_prod-s01-034-sam-brazilsouth;migrationStage=NotStarted Some updates remain.}
{"logTime": "0520/114025", "correlationVector":"GosLvYsL8zchscApYBSGlq","action":"Initial GetUpdates", "result":"", "context":Reason: NEWLY_SUPPORTED_DATATYPE. cV=GosLvYsL8zchscApYBSGlq}
{"logTime": "0520/114025", "correlationVector":"GosLvYsL8zchscApYBSGlq.1","action":"SyncServerConnectionManagerRequest", "result":"SYNC_SERVER_OK", "context":{"environment":"Prod_brazilsouth_prod-s01-034-sam-brazilsouth", "migrationStage":"NotStarted", "server":"akswtt100000006"}}
{"logTime": "0520/114025", "correlationVector":"GosLvYsL8zchscApYBSGlq.2","action":"ProcessGetUpdates", "result":"Done", "context":{"dataType":"History", "deleted":"0", "process_failed_to_decrypt":"0", "process_pending_decryption":"0", "process_success":"250", "total":"250"}}
{"logTime": "0520/114025", "correlationVector":"GosLvYsL8zchscApYBSGlq.3","action":"GetUpdates Response", "result":"Success", "context":Received 250 update(s). cV=GosLvYsL8zchscApYBSGlq.0;server=akswtt100000006;cloudType=Consumer;environment=Prod_brazilsouth_prod-s01-034-sam-brazilsouth;migrationStage=NotStarted Some updates remain.}
{"logTime": "0520/114025", "correlationVector":"QU2oA5SRgFHQ4oYjOTawLO","action":"Initial GetUpdates", "result":"", "context":Reason: NEWLY_SUPPORTED_DATATYPE. cV=QU2oA5SRgFHQ4oYjOTawLO}
{"logTime": "0520/114026", "correlationVector":"QU2oA5SRgFHQ4oYjOTawLO.1","action":"SyncServerConnectionManagerRequest", "result":"SYNC_SERVER_OK", "context":{"environment":"Prod_brazilsouth_prod-s01-034-sam-brazilsouth", "migrationStage":"NotStarted", "server":"akswtt10000001r"}}
{"logTime": "0520/114026", "correlationVector":"QU2oA5SRgFHQ4oYjOTawLO.2","action":"ProcessGetUpdates", "result":"Done", "context":{"dataType":"History", "deleted":"0", "process_failed_to_decrypt":"0", "process_pending_decryption":"0", "process_success":"250", "total":"250"}}
{"logTime": "0520/114026", "correlationVector":"QU2oA5SRgFHQ4oYjOTawLO.3","action":"GetUpdates Response", "result":"Success", "context":Received 250 update(s). cV=QU2oA5SRgFHQ4oYjOTawLO.0;server=akswtt10000001r;cloudType=Consumer;environment=Prod_brazilsouth_prod-s01-034-sam-brazilsouth;migrationStage=NotStarted Some updates remain.}
{"logTime": "0520/114026", "correlationVector":"bChcKkVb0js8L3HTDYqeQs","action":"Initial GetUpdates", "result":"", "context":Reason: NEWLY_SUPPORTED_DATATYPE. cV=bChcKkVb0js8L3HTDYqeQs}
{"logTime": "0520/114027", "correlationVector":"bChcKkVb0js8L3HTDYqeQs.1","action":"SyncServerConnectionManagerRequest", "result":"SYNC_SERVER_OK", "context":{"environment":"Prod_brazilsouth_prod-s01-034-sam-brazilsouth", "migrationStage":"NotStarted", "server":"akswtt10000001g"}}
{"logTime": "0520/114027", "correlationVector":"bChcKkVb0js8L3HTDYqeQs.2","action":"ProcessGetUpdates", "result":"Done", "context":{"dataType":"History", "deleted":"0", "process_failed_to_decrypt":"0", "process_pending_decryption":"0", "process_success":"250", "total":"250"}}
{"logTime": "0520/114027", "correlationVector":"bChcKkVb0js8L3HTDYqeQs.3","action":"GetUpdates Response", "result":"Success", "context":Received 250 update(s). cV=bChcKkVb0js8L3HTDYqeQs.0;server=akswtt10000001g;cloudType=Consumer;environment=Prod_brazilsouth_prod-s01-034-sam-brazilsouth;migrationStage=NotStarted Some updates remain.}
{"logTime": "0520/114027", "correlationVector":"i7ka44IsUjB+OkVGzNt/ZK","action":"Initial GetUpdates", "result":"", "context":Reason: NEWLY_SUPPORTED_DATATYPE. cV=i7ka44IsUjB+OkVGzNt/ZK}
{"logTime": "0520/114027", "correlationVector":"i7ka44IsUjB+OkVGzNt/ZK.1","action":"SyncServerConnectionManagerRequest", "result":"SYNC_SERVER_OK", "context":{"environment":"Prod_brazilsouth_prod-s01-034-sam-brazilsouth", "migrationStage":"NotStarted", "server":"akswtt10000001t"}}
{"logTime": "0520/114027", "correlationVector":"i7ka44IsUjB+OkVGzNt/ZK.2","action":"ProcessGetUpdates", "result":"Done", "context":{"dataType":"History", "deleted":"0", "process_failed_to_decrypt":"0", "process_pending_decryption":"0", "process_success":"250", "total":"250"}}
{"logTime": "0520/114027", "correlationVector":"i7ka44IsUjB+OkVGzNt/ZK.3","action":"GetUpdates Response", "result":"Success", "context":Received 250 update(s). cV=i7ka44IsUjB+OkVGzNt/ZK.0;server=akswtt10000001t;cloudType=Consumer;environment=Prod_brazilsouth_prod-s01-034-sam-brazilsouth;migrationStage=NotStarted Some updates remain.}
{"logTime": "0520/114027", "correlationVector":"4/dGyU/rJ+4V54wQC5nofr","action":"Initial GetUpdates", "result":"", "context":Reason: NEWLY_SUPPORTED_DATATYPE. cV=4/dGyU/rJ+4V54wQC5nofr}
{"logTime": "0520/114028", "correlationVector":"4/dGyU/rJ+4V54wQC5nofr.1","action":"SyncServerConnectionManagerRequest", "result":"SYNC_SERVER_OK", "context":{"environment":"Prod_brazilsouth_prod-s01-034-sam-brazilsouth", "migrationStage":"NotStarted", "server":"akswtt10000001t"}}
{"logTime": "0520/114028", "correlationVector":"4/dGyU/rJ+4V54wQC5nofr.2","action":"ProcessGetUpdates", "result":"Done", "context":{"dataType":"History", "deleted":"0", "process_failed_to_decrypt":"0", "process_pending_decryption":"0", "process_success":"250", "total":"250"}}
{"logTime": "0520/114028", "correlationVector":"4/dGyU/rJ+4V54wQC5nofr.3","action":"GetUpdates Response", "result":"Success", "context":Received 250 update(s). cV=4/dGyU/rJ+4V54wQC5nofr.0;server=akswtt10000001t;cloudType=Consumer;environment=Prod_brazilsouth_prod-s01-034-sam-brazilsouth;migrationStage=NotStarted Some updates remain.}
{"logTime": "0520/114028", "correlationVector":"b+HZEBDG5jWDYK5idodXgk","action":"Initial GetUpdates", "result":"", "context":Reason: NEWLY_SUPPORTED_DATATYPE. cV=b+HZEBDG5jWDYK5idodXgk}
{"logTime": "0520/114029", "correlationVector":"b+HZEBDG5jWDYK5idodXgk.1","action":"SyncServerConnectionManagerRequest", "result":"SYNC_SERVER_OK", "context":{"environment":"Prod_brazilsouth_prod-s01-034-sam-brazilsouth", "migrationStage":"NotStarted", "server":"akswtt10000001g"}}
{"logTime": "0520/114029", "correlationVector":"b+HZEBDG5jWDYK5idodXgk.2","action":"ProcessGetUpdates", "result":"Done", "context":{"dataType":"History", "deleted":"0", "process_failed_to_decrypt":"0", "process_pending_decryption":"0", "process_success":"250", "total":"250"}}
{"logTime": "0520/114029", "correlationVector":"b+HZEBDG5jWDYK5idodXgk.3","action":"GetUpdates Response", "result":"Success", "context":Received 250 update(s). cV=b+HZEBDG5jWDYK5idodXgk.0;server=akswtt10000001g;cloudType=Consumer;environment=Prod_brazilsouth_prod-s01-034-sam-brazilsouth;migrationStage=NotStarted Some updates remain.}
{"logTime": "0520/114029", "correlationVector":"ScutfGL1AU+wf0vEHp1ULS","action":"Initial GetUpdates", "result":"", "context":Reason: NEWLY_SUPPORTED_DATATYPE. cV=ScutfGL1AU+wf0vEHp1ULS}
{"logTime": "0520/114030", "correlationVector":"ScutfGL1AU+wf0vEHp1ULS.1","action":"SyncServerConnectionManagerRequest", "result":"SYNC_SERVER_OK", "context":{"environment":"Prod_brazilsouth_prod-s01-034-sam-brazilsouth", "migrationStage":"NotStarted", "server":"akswtt100000006"}}
{"logTime": "0520/114030", "correlationVector":"ScutfGL1AU+wf0vEHp1ULS.2","action":"ProcessGetUpdates", "result":"Done", "context":{"dataType":"History", "deleted":"0", "process_failed_to_decrypt":"0", "process_pending_decryption":"0", "process_success":"250", "total":"250"}}
{"logTime": "0520/114030", "correlationVector":"ScutfGL1AU+wf0vEHp1ULS.3","action":"GetUpdates Response", "result":"Success", "context":Received 250 update(s). cV=ScutfGL1AU+wf0vEHp1ULS.0;server=akswtt100000006;cloudType=Consumer;environment=Prod_brazilsouth_prod-s01-034-sam-brazilsouth;migrationStage=NotStarted Some updates remain.}
{"logTime": "0520/114030", "correlationVector":"uxzBS/rIuxup7rkA4fAiWZ","action":"Initial GetUpdates", "result":"", "context":Reason: NEWLY_SUPPORTED_DATATYPE. cV=uxzBS/rIuxup7rkA4fAiWZ}
{"logTime": "0520/114030", "correlationVector":"uxzBS/rIuxup7rkA4fAiWZ.1","action":"SyncServerConnectionManagerRequest", "result":"SYNC_SERVER_OK", "context":{"environment":"Prod_brazilsouth_prod-s01-034-sam-brazilsouth", "migrationStage":"NotStarted", "server":"akswtt10000001m"}}
{"logTime": "0520/114030", "correlationVector":"uxzBS/rIuxup7rkA4fAiWZ.2","action":"ProcessGetUpdates", "result":"Done", "context":{"dataType":"History", "deleted":"0", "process_failed_to_decrypt":"0", "process_pending_decryption":"0", "process_success":"68", "total":"68"}}
{"logTime": "0520/114030", "correlationVector":"uxzBS/rIuxup7rkA4fAiWZ.3","action":"GetUpdates Response", "result":"Success", "context":Received 68 update(s). cV=uxzBS/rIuxup7rkA4fAiWZ.0;server=akswtt10000001m;cloudType=Consumer;environment=Prod_brazilsouth_prod-s01-034-sam-brazilsouth;migrationStage=NotStarted}
{"logTime": "0520/114030", "correlationVector":"wRs3jREJ1el7qNWvwqNZEi","action":"Normal GetUpdate request", "result":"", "context":cV=wRs3jREJ1el7qNWvwqNZEi
Nudged types: Preferences, Sessions, Extension settings, Device Info, User Consents, History
Refresh requested types: Bookmarks, Preferences, Passwords, Autofill Profiles, Autofill, Extensions, Sessions, Extension settings, History Delete Directives, Device Info, User Consents, Send Tab To Self, Web Apps, History, Saved Tab Group, WebAuthn Credentials, Collection, Edge E Drop, Edge Hub App Usage, Edge Wallet, Edge Workspace, Encryption Keys}
{"logTime": "0520/114031", "correlationVector":"wRs3jREJ1el7qNWvwqNZEi.1","action":"SyncServerConnectionManagerRequest", "result":"SYNC_SERVER_OK", "context":{"environment":"Prod_brazilsouth_prod-s01-034-sam-brazilsouth", "migrationStage":"NotStarted", "server":"akswtt10000001m"}}
{"logTime": "0520/114031", "correlationVector":"wRs3jREJ1el7qNWvwqNZEi.2","action":"GetUpdates Response", "result":"Success", "context":Received 0 update(s). cV=wRs3jREJ1el7qNWvwqNZEi.0;server=akswtt10000001m;cloudType=Consumer;environment=Prod_brazilsouth_prod-s01-034-sam-brazilsouth;migrationStage=NotStarted}
{"logTime": "0520/114031", "correlationVector":"/wbVDLSxNrWmmaHgNBq4sT","action":"Commit Request", "result":"", "context":Item count: 27
Contributing types: Preferences, Sessions, Extension settings, Device Info, User Consents, History}
{"logTime": "0520/114038", "correlationVector":"/wbVDLSxNrWmmaHgNBq4sT.1","action":"SyncServerConnectionManagerRequest", "result":"SYNC_SERVER_OK", "context":{"environment":"Prod_brazilsouth_prod-s01-034-sam-brazilsouth", "migrationStage":"NotStarted", "server":"akswtt10000001q"}}
{"logTime": "0520/114038", "correlationVector":"/wbVDLSxNrWmmaHgNBq4sT.2","action":"Commit Response", "result":"Success", "context":Result: Success. cV=/wbVDLSxNrWmmaHgNBq4sT.0;server=akswtt10000001q;cloudType=Consumer;environment=Prod_brazilsouth_prod-s01-034-sam-brazilsouth;migrationStage=NotStarted}
{"logTime": "0520/114038", "correlationVector":"DGR0HC5QEoDMKfw1EEMivA","action":"Commit Request", "result":"", "context":Item count: 13
Contributing types: Sessions, History}
{"logTime": "0520/114044", "correlationVector":"DGR0HC5QEoDMKfw1EEMivA.1","action":"SyncServerConnectionManagerRequest", "result":"SYNC_SERVER_OK", "context":{"environment":"Prod_brazilsouth_prod-s01-034-sam-brazilsouth", "migrationStage":"NotStarted", "server":"akswtt10000001r"}}
{"logTime": "0520/114044", "correlationVector":"DGR0HC5QEoDMKfw1EEMivA.2","action":"Commit Response", "result":"Success", "context":Result: Success. cV=DGR0HC5QEoDMKfw1EEMivA.0;server=akswtt10000001r;cloudType=Consumer;environment=Prod_brazilsouth_prod-s01-034-sam-brazilsouth;migrationStage=NotStarted}
{"logTime": "0520/114111", "correlationVector":"LKGXka3SBHVK2GhZmoVWGG","action":"Commit Request", "result":"", "context":Item count: 40
Contributing types: Passwords}
{"logTime": "0520/114121", "correlationVector":"LKGXka3SBHVK2GhZmoVWGG.1","action":"SyncServerConnectionManagerRequest", "result":"SYNC_SERVER_OK", "context":{"environment":"Prod_brazilsouth_prod-s01-034-sam-brazilsouth", "migrationStage":"NotStarted", "server":"akswtt10000000h"}}
{"logTime": "0520/114121", "correlationVector":"LKGXka3SBHVK2GhZmoVWGG.2","action":"Commit Response", "result":"Success", "context":Result: Success. cV=LKGXka3SBHVK2GhZmoVWGG.0;server=akswtt10000000h;cloudType=Consumer;environment=Prod_brazilsouth_prod-s01-034-sam-brazilsouth;migrationStage=NotStarted}
{"logTime": "0520/114121", "correlationVector":"TntscXIL0iXKK/yJKJ9aQR","action":"Commit Request", "result":"", "context":Item count: 40
Contributing types: Passwords}
{"logTime": "0520/114131", "correlationVector":"TntscXIL0iXKK/yJKJ9aQR.1","action":"SyncServerConnectionManagerRequest", "result":"SYNC_SERVER_OK", "context":{"environment":"Prod_brazilsouth_prod-s01-034-sam-brazilsouth", "migrationStage":"NotStarted", "server":"akswtt10000001o"}}
{"logTime": "0520/114131", "correlationVector":"TntscXIL0iXKK/yJKJ9aQR.2","action":"Commit Response", "result":"Success", "context":Result: Success. cV=TntscXIL0iXKK/yJKJ9aQR.0;server=akswtt10000001o;cloudType=Consumer;environment=Prod_brazilsouth_prod-s01-034-sam-brazilsouth;migrationStage=NotStarted}
{"logTime": "0520/114131", "correlationVector":"gYIscjm4nAAiGXORvku120","action":"Commit Request", "result":"", "context":Item count: 40
Contributing types: Passwords}
