{"logTime": "0520/102025", "correlationVector":"rwxEGjMyXL/P1B5GCUcLif.1","action":"SyncServerConnectionManagerRequest", "result":"SYNC_SERVER_OK", "context":{"environment":"Prod_brazilsouth_prod-s01-034-sam-brazilsouth", "migrationStage":"NotStarted", "server":"akswtt10000000h"}}
{"logTime": "0520/102025", "correlationVector":"rwxEGjMyXL/P1B5GCUcLif.2","action":"ProcessGetUpdates", "result":"Done", "context":{"dataType":"Encryption Keys", "deleted":"0", "process_failed_to_decrypt":"0", "process_pending_decryption":"0", "process_success":"1", "total":"1"}}
{"logTime": "0520/102025", "correlationVector":"PWrYb5hHzugaiL3J8sz29i","action":"SyncServerConnectionManagerRequest", "result":"SYNC_SERVER_OK", "context":{"environment":"", "migrationStage":"", "server":""}}
{"logTime": "0520/102025", "correlationVector":"PWrYb5hHzugaiL3J8sz29i.0","action":"EncryptionKeysFetcher.DownloadKeys:", "result":"Success", "context":Key count: 7, Last key timestamp: 2026-02-09T01:20:38Z}
{"logTime": "0520/102025", "correlationVector":"PWrYb5hHzugaiL3J8sz29i.1","action":"EncryptionKeysManager::SetEncryptionKeys:", "result":"Success", "context":Key names[7]:[TQutwejxrYZ5W09vcSqKDGfKaPquwletOESQWOx2FGe/wJiI6411LbSMvaEJEDkwTg4XL66yHL8WPZ1WHLJ60w==][V4bEF1HBBGXn0QqQBYNNDE1qH0lkFowJ510XjGbcB9ooOkAlNad+KB7uHznNXJeIUpI5wtft5nqhE8GDlfyT9A==][QcO8Cg/lle/ViQ8qUOUtEisMICZLtZ4TRB7tI1VPSKWQ00iZnlhQpoPRFqhIc6jdQAZz65OwJJ5yfEHeVAHRzA==][257cvOaBRRDwlytD6ySOKZn72TTXJTsxvVdSrYa1Y1u3n2W3Uuj2/9yrTLKtrH3Bvqjp8lcBz2WkGMmRuOOnUA==][hcS3DmeZeC2fi5FYpn08+fBrgw31VIBzpJCBYp7/a64GH5lqkA3AaZQaJ3fcpWs8NH8CvZjirPq9LdmgooJUpg==][5wcftUQpbsOpNPjDszDTh7v2GSB7mqMIPpwwvvMVgKClGs9U29gIy209ddGamATeoTyE+9Nxcg0Dy+cfqxX08g==][sdj/9mzE7mmkbvsPdLkLfaJJ4Ll4LqkYHPiCbFkSgp6InZD9Keyz/WaxYsHnOAf9m1pLNNGyz2878fquRPrtKw==]}
{"logTime": "0520/102025", "correlationVector":"PWrYb5hHzugaiL3J8sz29i.2","action":"EncryptionKeysManager::SetEncryptionKeysWithTimestamps:", "result":"Success", "context":Key timestamps[7]:[2021-07-01T11:42:44Z][2023-02-22T23:39:34Z][2023-12-26T20:16:54Z][2024-06-24T14:18:48Z][2024-12-22T00:09:18Z][2025-07-18T20:11:02Z][2026-02-09T01:20:38Z]}
{"logTime": "0520/102026", "correlationVector":"rwxEGjMyXL/P1B5GCUcLif","action":"Initial GetUpdates", "result":"", "context":Reason: NEW_CLIENT. cV=rwxEGjMyXL/P1B5GCUcLif}
{"logTime": "0520/102026", "correlationVector":"rwxEGjMyXL/P1B5GCUcLif.3","action":"GetUpdates Response", "result":"Success", "context":Received 1 update(s). cV=rwxEGjMyXL/P1B5GCUcLif.0;server=akswtt10000000h;cloudType=Consumer;environment=Prod_brazilsouth_prod-s01-034-sam-brazilsouth;migrationStage=NotStarted}
{"logTime": "0520/102026", "correlationVector":"el9iwqrRUKrR5/saHzPaSi","action":"Initial GetUpdates", "result":"", "context":Reason: NEWLY_SUPPORTED_DATATYPE. cV=el9iwqrRUKrR5/saHzPaSi}
{"logTime": "0520/102026", "correlationVector":"el9iwqrRUKrR5/saHzPaSi.1","action":"SyncServerConnectionManagerRequest", "result":"SYNC_SERVER_OK", "context":{"environment":"Prod_brazilsouth_prod-s01-034-sam-brazilsouth", "migrationStage":"NotStarted", "server":"akswtt10000001r"}}
{"logTime": "0520/102026", "correlationVector":"el9iwqrRUKrR5/saHzPaSi.2","action":"ProcessGetUpdates", "result":"Done", "context":{"dataType":"Preferences", "deleted":"0", "process_failed_to_decrypt":"0", "process_pending_decryption":"0", "process_success":"108", "total":"108"}}
{"logTime": "0520/102026", "correlationVector":"el9iwqrRUKrR5/saHzPaSi.3","action":"ProcessGetUpdates", "result":"Done", "context":{"dataType":"Passwords", "deleted":"0", "process_failed_to_decrypt":"0", "process_pending_decryption":"0", "process_success":"17", "total":"17"}}
{"logTime": "0520/102026", "correlationVector":"el9iwqrRUKrR5/saHzPaSi.4","action":"ProcessGetUpdates", "result":"Done", "context":{"dataType":"Device Info", "deleted":"0", "process_failed_to_decrypt":"0", "process_pending_decryption":"0", "process_success":"125", "total":"125"}}
{"logTime": "0520/102026", "correlationVector":"el9iwqrRUKrR5/saHzPaSi.5","action":"GetUpdates Response", "result":"Success", "context":Received 250 update(s). cV=el9iwqrRUKrR5/saHzPaSi.0;server=akswtt10000001r;cloudType=Consumer;environment=Prod_brazilsouth_prod-s01-034-sam-brazilsouth;migrationStage=NotStarted Some updates remain.}
{"logTime": "0520/102026", "correlationVector":"zaBivGJSuFQ5E5J0bu7cra","action":"Initial GetUpdates", "result":"", "context":Reason: NEWLY_SUPPORTED_DATATYPE. cV=zaBivGJSuFQ5E5J0bu7cra}
{"logTime": "0520/102027", "correlationVector":"zaBivGJSuFQ5E5J0bu7cra.1","action":"SyncServerConnectionManagerRequest", "result":"SYNC_SERVER_OK", "context":{"environment":"Prod_brazilsouth_prod-s01-034-sam-brazilsouth", "migrationStage":"NotStarted", "server":"akswtt10000001t"}}
{"logTime": "0520/102027", "correlationVector":"zaBivGJSuFQ5E5J0bu7cra.2","action":"ProcessGetUpdates", "result":"Done", "context":{"dataType":"Passwords", "deleted":"0", "process_failed_to_decrypt":"0", "process_pending_decryption":"0", "process_success":"231", "total":"231"}}
{"logTime": "0520/102027", "correlationVector":"zaBivGJSuFQ5E5J0bu7cra.3","action":"ProcessGetUpdates", "result":"Done", "context":{"dataType":"Device Info", "deleted":"0", "process_failed_to_decrypt":"0", "process_pending_decryption":"0", "process_success":"19", "total":"19"}}
{"logTime": "0520/102027", "correlationVector":"zaBivGJSuFQ5E5J0bu7cra.4","action":"GetUpdates Response", "result":"Success", "context":Received 250 update(s). cV=zaBivGJSuFQ5E5J0bu7cra.0;server=akswtt10000001t;cloudType=Consumer;environment=Prod_brazilsouth_prod-s01-034-sam-brazilsouth;migrationStage=NotStarted Some updates remain.}
{"logTime": "0520/102027", "correlationVector":"Dy1kPwDP7E4A8xQKAMAyJp","action":"Initial GetUpdates", "result":"", "context":Reason: NEWLY_SUPPORTED_DATATYPE. cV=Dy1kPwDP7E4A8xQKAMAyJp}
{"logTime": "0520/102027", "correlationVector":"Dy1kPwDP7E4A8xQKAMAyJp.1","action":"SyncServerConnectionManagerRequest", "result":"SYNC_SERVER_OK", "context":{"environment":"Prod_brazilsouth_prod-s01-034-sam-brazilsouth", "migrationStage":"NotStarted", "server":"akswtt10000001q"}}
{"logTime": "0520/102027", "correlationVector":"Dy1kPwDP7E4A8xQKAMAyJp.2","action":"ProcessGetUpdates", "result":"Done", "context":{"dataType":"Passwords", "deleted":"0", "process_failed_to_decrypt":"0", "process_pending_decryption":"0", "process_success":"26", "total":"26"}}
{"logTime": "0520/102027", "correlationVector":"Dy1kPwDP7E4A8xQKAMAyJp.3","action":"ProcessGetUpdates", "result":"Done", "context":{"dataType":"Device Info", "deleted":"0", "process_failed_to_decrypt":"0", "process_pending_decryption":"0", "process_success":"4", "total":"4"}}
{"logTime": "0520/102027", "correlationVector":"Dy1kPwDP7E4A8xQKAMAyJp.4","action":"GetUpdates Response", "result":"Success", "context":Received 30 update(s). cV=Dy1kPwDP7E4A8xQKAMAyJp.0;server=akswtt10000001q;cloudType=Consumer;environment=Prod_brazilsouth_prod-s01-034-sam-brazilsouth;migrationStage=NotStarted}
{"logTime": "0520/102027", "correlationVector":"SS1AJibwHpIDHOHoeQ3Iz/","action":"Initial GetUpdates", "result":"", "context":Reason: NEWLY_SUPPORTED_DATATYPE. cV=SS1AJibwHpIDHOHoeQ3Iz/}
{"logTime": "0520/102028", "correlationVector":"SS1AJibwHpIDHOHoeQ3Iz/.1","action":"SyncServerConnectionManagerRequest", "result":"SYNC_SERVER_OK", "context":{"environment":"Prod_brazilsouth_prod-s01-034-sam-brazilsouth", "migrationStage":"NotStarted", "server":"akswtt10000001h"}}
{"logTime": "0520/102028", "correlationVector":"SS1AJibwHpIDHOHoeQ3Iz/.2","action":"ProcessGetUpdates", "result":"Done", "context":{"dataType":"Bookmarks", "deleted":"0", "process_failed_to_decrypt":"0", "process_pending_decryption":"0", "process_success":"89", "total":"89"}}
{"logTime": "0520/102028", "correlationVector":"SS1AJibwHpIDHOHoeQ3Iz/.3","action":"GetUpdates Response", "result":"Success", "context":Received 89 update(s). cV=SS1AJibwHpIDHOHoeQ3Iz/.0;server=akswtt10000001h;cloudType=Consumer;environment=Prod_brazilsouth_prod-s01-034-sam-brazilsouth;migrationStage=NotStarted}
{"logTime": "0520/102028", "correlationVector":"n6sS1XyXu+N9SMnLvGaCvN","action":"Initial GetUpdates", "result":"", "context":Reason: NEWLY_SUPPORTED_DATATYPE. cV=n6sS1XyXu+N9SMnLvGaCvN}
{"logTime": "0520/102029", "correlationVector":"n6sS1XyXu+N9SMnLvGaCvN.1","action":"SyncServerConnectionManagerRequest", "result":"SYNC_SERVER_OK", "context":{"environment":"Prod_brazilsouth_prod-s01-034-sam-brazilsouth", "migrationStage":"NotStarted", "server":"akswtt10000001m"}}
{"logTime": "0520/102029", "correlationVector":"n6sS1XyXu+N9SMnLvGaCvN.2","action":"ProcessGetUpdates", "result":"Done", "context":{"dataType":"Autofill Profiles", "deleted":"0", "process_failed_to_decrypt":"0", "process_pending_decryption":"0", "process_success":"1", "total":"1"}}
{"logTime": "0520/102029", "correlationVector":"n6sS1XyXu+N9SMnLvGaCvN.3","action":"ProcessGetUpdates", "result":"Done", "context":{"dataType":"Autofill", "deleted":"0", "process_failed_to_decrypt":"0", "process_pending_decryption":"0", "process_success":"235", "total":"235"}}
{"logTime": "0520/102029", "correlationVector":"n6sS1XyXu+N9SMnLvGaCvN.4","action":"ProcessGetUpdates", "result":"Done", "context":{"dataType":"Extensions", "deleted":"0", "process_failed_to_decrypt":"0", "process_pending_decryption":"0", "process_success":"5", "total":"5"}}
{"logTime": "0520/102029", "correlationVector":"n6sS1XyXu+N9SMnLvGaCvN.5","action":"ProcessGetUpdates", "result":"Done", "context":{"dataType":"Extension settings", "deleted":"0", "process_failed_to_decrypt":"0", "process_pending_decryption":"0", "process_success":"7", "total":"7"}}
{"logTime": "0520/102029", "correlationVector":"n6sS1XyXu+N9SMnLvGaCvN.6","action":"ProcessGetUpdates", "result":"Done", "context":{"dataType":"Collection", "deleted":"0", "process_failed_to_decrypt":"0", "process_pending_decryption":"0", "process_success":"2", "total":"2"}}
{"logTime": "0520/102029", "correlationVector":"n6sS1XyXu+N9SMnLvGaCvN.7","action":"GetUpdates Response", "result":"Success", "context":Received 250 update(s). cV=n6sS1XyXu+N9SMnLvGaCvN.0;server=akswtt10000001m;cloudType=Consumer;environment=Prod_brazilsouth_prod-s01-034-sam-brazilsouth;migrationStage=NotStarted Some updates remain.}
{"logTime": "0520/102029", "correlationVector":"wsncz2jG5YRoHTMDYXMtYf","action":"Initial GetUpdates", "result":"", "context":Reason: NEWLY_SUPPORTED_DATATYPE. cV=wsncz2jG5YRoHTMDYXMtYf}
{"logTime": "0520/102029", "correlationVector":"wsncz2jG5YRoHTMDYXMtYf.1","action":"SyncServerConnectionManagerRequest", "result":"SYNC_SERVER_OK", "context":{"environment":"Prod_brazilsouth_prod-s01-034-sam-brazilsouth", "migrationStage":"NotStarted", "server":"akswtt100000005"}}
{"logTime": "0520/102029", "correlationVector":"wsncz2jG5YRoHTMDYXMtYf.2","action":"ProcessGetUpdates", "result":"Done", "context":{"dataType":"Autofill", "deleted":"0", "process_failed_to_decrypt":"0", "process_pending_decryption":"0", "process_success":"250", "total":"250"}}
{"logTime": "0520/102029", "correlationVector":"wsncz2jG5YRoHTMDYXMtYf.3","action":"GetUpdates Response", "result":"Success", "context":Received 250 update(s). cV=wsncz2jG5YRoHTMDYXMtYf.0;server=akswtt100000005;cloudType=Consumer;environment=Prod_brazilsouth_prod-s01-034-sam-brazilsouth;migrationStage=NotStarted Some updates remain.}
{"logTime": "0520/102029", "correlationVector":"uWEQ55vyQLvgzk55MtQS7C","action":"Initial GetUpdates", "result":"", "context":Reason: NEWLY_SUPPORTED_DATATYPE. cV=uWEQ55vyQLvgzk55MtQS7C}
{"logTime": "0520/102030", "correlationVector":"uWEQ55vyQLvgzk55MtQS7C.1","action":"SyncServerConnectionManagerRequest", "result":"SYNC_SERVER_OK", "context":{"environment":"Prod_brazilsouth_prod-s01-034-sam-brazilsouth", "migrationStage":"NotStarted", "server":"akswtt10000001t"}}
{"logTime": "0520/102030", "correlationVector":"uWEQ55vyQLvgzk55MtQS7C.2","action":"ProcessGetUpdates", "result":"Done", "context":{"dataType":"Autofill", "deleted":"0", "process_failed_to_decrypt":"0", "process_pending_decryption":"0", "process_success":"208", "total":"208"}}
{"logTime": "0520/102030", "correlationVector":"uWEQ55vyQLvgzk55MtQS7C.3","action":"ProcessGetUpdates", "result":"Done", "context":{"dataType":"Extensions", "deleted":"0", "process_failed_to_decrypt":"0", "process_pending_decryption":"0", "process_success":"1", "total":"1"}}
{"logTime": "0520/102030", "correlationVector":"uWEQ55vyQLvgzk55MtQS7C.4","action":"ProcessGetUpdates", "result":"Done", "context":{"dataType":"Sessions", "deleted":"36", "process_failed_to_decrypt":"0", "process_pending_decryption":"0", "process_success":"36", "total":"36"}}
{"logTime": "0520/102030", "correlationVector":"uWEQ55vyQLvgzk55MtQS7C.5","action":"ProcessGetUpdates", "result":"Done", "context":{"dataType":"Web Apps", "deleted":"0", "process_failed_to_decrypt":"0", "process_pending_decryption":"0", "process_success":"1", "total":"1"}}
{"logTime": "0520/102030", "correlationVector":"uWEQ55vyQLvgzk55MtQS7C.6","action":"ProcessGetUpdates", "result":"Done", "context":{"dataType":"Edge Hub App Usage", "deleted":"0", "process_failed_to_decrypt":"0", "process_pending_decryption":"0", "process_success":"2", "total":"2"}}
{"logTime": "0520/102030", "correlationVector":"uWEQ55vyQLvgzk55MtQS7C.7","action":"ProcessGetUpdates", "result":"Done", "context":{"dataType":"Edge Workspace", "deleted":"0", "process_failed_to_decrypt":"0", "process_pending_decryption":"0", "process_success":"2", "total":"2"}}
{"logTime": "0520/102030", "correlationVector":"uWEQ55vyQLvgzk55MtQS7C.8","action":"GetUpdates Response", "result":"Success", "context":Received 250 update(s). cV=uWEQ55vyQLvgzk55MtQS7C.0;server=akswtt10000001t;cloudType=Consumer;environment=Prod_brazilsouth_prod-s01-034-sam-brazilsouth;migrationStage=NotStarted Some updates remain.}
{"logTime": "0520/102030", "correlationVector":"Z3nTa3iS0GLn9GEXyqCFja","action":"Initial GetUpdates", "result":"", "context":Reason: NEWLY_SUPPORTED_DATATYPE. cV=Z3nTa3iS0GLn9GEXyqCFja}
{"logTime": "0520/102031", "correlationVector":"Z3nTa3iS0GLn9GEXyqCFja.1","action":"SyncServerConnectionManagerRequest", "result":"SYNC_SERVER_OK", "context":{"environment":"Prod_brazilsouth_prod-s01-034-sam-brazilsouth", "migrationStage":"NotStarted", "server":"akswtt10000001r"}}
{"logTime": "0520/102031", "correlationVector":"Z3nTa3iS0GLn9GEXyqCFja.2","action":"ProcessGetUpdates", "result":"Done", "context":{"dataType":"Autofill", "deleted":"0", "process_failed_to_decrypt":"0", "process_pending_decryption":"0", "process_success":"4", "total":"4"}}
{"logTime": "0520/102031", "correlationVector":"Z3nTa3iS0GLn9GEXyqCFja.3","action":"ProcessGetUpdates", "result":"Done", "context":{"dataType":"Sessions", "deleted":"63", "process_failed_to_decrypt":"0", "process_pending_decryption":"0", "process_success":"246", "total":"246"}}
{"logTime": "0520/102031", "correlationVector":"Z3nTa3iS0GLn9GEXyqCFja.4","action":"GetUpdates Response", "result":"Success", "context":Received 250 update(s). cV=Z3nTa3iS0GLn9GEXyqCFja.0;server=akswtt10000001r;cloudType=Consumer;environment=Prod_brazilsouth_prod-s01-034-sam-brazilsouth;migrationStage=NotStarted Some updates remain.}
{"logTime": "0520/102031", "correlationVector":"2zSgy3fYOgaDfSBMCmx0M2","action":"Initial GetUpdates", "result":"", "context":Reason: NEWLY_SUPPORTED_DATATYPE. cV=2zSgy3fYOgaDfSBMCmx0M2}
{"logTime": "0520/102031", "correlationVector":"2zSgy3fYOgaDfSBMCmx0M2.1","action":"SyncServerConnectionManagerRequest", "result":"SYNC_SERVER_OK", "context":{"environment":"Prod_brazilsouth_prod-s01-034-sam-brazilsouth", "migrationStage":"NotStarted", "server":"akswtt10000001t"}}
{"logTime": "0520/102031", "correlationVector":"2zSgy3fYOgaDfSBMCmx0M2.2","action":"ProcessGetUpdates", "result":"Done", "context":{"dataType":"Sessions", "deleted":"43", "process_failed_to_decrypt":"0", "process_pending_decryption":"0", "process_success":"250", "total":"250"}}
{"logTime": "0520/102031", "correlationVector":"2zSgy3fYOgaDfSBMCmx0M2.3","action":"GetUpdates Response", "result":"Success", "context":Received 250 update(s). cV=2zSgy3fYOgaDfSBMCmx0M2.0;server=akswtt10000001t;cloudType=Consumer;environment=Prod_brazilsouth_prod-s01-034-sam-brazilsouth;migrationStage=NotStarted Some updates remain.}
{"logTime": "0520/102031", "correlationVector":"LJPnb77azq4pWb4cF7m5+l","action":"Initial GetUpdates", "result":"", "context":Reason: NEWLY_SUPPORTED_DATATYPE. cV=LJPnb77azq4pWb4cF7m5+l}
{"logTime": "0520/102032", "correlationVector":"LJPnb77azq4pWb4cF7m5+l.1","action":"SyncServerConnectionManagerRequest", "result":"SYNC_SERVER_OK", "context":{"environment":"Prod_brazilsouth_prod-s01-034-sam-brazilsouth", "migrationStage":"NotStarted", "server":"akswtt10000001q"}}
{"logTime": "0520/102032", "correlationVector":"LJPnb77azq4pWb4cF7m5+l.2","action":"ProcessGetUpdates", "result":"Done", "context":{"dataType":"Extensions", "deleted":"0", "process_failed_to_decrypt":"0", "process_pending_decryption":"0", "process_success":"3", "total":"3"}}
{"logTime": "0520/102032", "correlationVector":"LJPnb77azq4pWb4cF7m5+l.3","action":"ProcessGetUpdates", "result":"Done", "context":{"dataType":"Sessions", "deleted":"16", "process_failed_to_decrypt":"0", "process_pending_decryption":"0", "process_success":"246", "total":"246"}}
{"logTime": "0520/102032", "correlationVector":"LJPnb77azq4pWb4cF7m5+l.4","action":"ProcessGetUpdates", "result":"Done", "context":{"dataType":"Edge Hub App Usage", "deleted":"0", "process_failed_to_decrypt":"0", "process_pending_decryption":"0", "process_success":"1", "total":"1"}}
{"logTime": "0520/102032", "correlationVector":"LJPnb77azq4pWb4cF7m5+l.5","action":"GetUpdates Response", "result":"Success", "context":Received 250 update(s). cV=LJPnb77azq4pWb4cF7m5+l.0;server=akswtt10000001q;cloudType=Consumer;environment=Prod_brazilsouth_prod-s01-034-sam-brazilsouth;migrationStage=NotStarted Some updates remain.}
{"logTime": "0520/102032", "correlationVector":"yZUCzWYNmy9UGNC9sm/IJT","action":"Initial GetUpdates", "result":"", "context":Reason: NEWLY_SUPPORTED_DATATYPE. cV=yZUCzWYNmy9UGNC9sm/IJT}
{"logTime": "0520/102033", "correlationVector":"yZUCzWYNmy9UGNC9sm/IJT.1","action":"SyncServerConnectionManagerRequest", "result":"SYNC_SERVER_OK", "context":{"environment":"Prod_brazilsouth_prod-s01-034-sam-brazilsouth", "migrationStage":"NotStarted", "server":"akswtt10000001r"}}
{"logTime": "0520/102033", "correlationVector":"yZUCzWYNmy9UGNC9sm/IJT.2","action":"ProcessGetUpdates", "result":"Done", "context":{"dataType":"Sessions", "deleted":"27", "process_failed_to_decrypt":"0", "process_pending_decryption":"0", "process_success":"250", "total":"250"}}
{"logTime": "0520/102033", "correlationVector":"yZUCzWYNmy9UGNC9sm/IJT.3","action":"GetUpdates Response", "result":"Success", "context":Received 250 update(s). cV=yZUCzWYNmy9UGNC9sm/IJT.0;server=akswtt10000001r;cloudType=Consumer;environment=Prod_brazilsouth_prod-s01-034-sam-brazilsouth;migrationStage=NotStarted Some updates remain.}
{"logTime": "0520/102033", "correlationVector":"oxhmBfIpikWcZaz0pgVF0/","action":"Initial GetUpdates", "result":"", "context":Reason: NEWLY_SUPPORTED_DATATYPE. cV=oxhmBfIpikWcZaz0pgVF0/}
{"logTime": "0520/102033", "correlationVector":"oxhmBfIpikWcZaz0pgVF0/.1","action":"SyncServerConnectionManagerRequest", "result":"SYNC_SERVER_OK", "context":{"environment":"Prod_brazilsouth_prod-s01-034-sam-brazilsouth", "migrationStage":"NotStarted", "server":"akswtt100000006"}}
{"logTime": "0520/102033", "correlationVector":"oxhmBfIpikWcZaz0pgVF0/.2","action":"ProcessGetUpdates", "result":"Done", "context":{"dataType":"Sessions", "deleted":"42", "process_failed_to_decrypt":"0", "process_pending_decryption":"0", "process_success":"250", "total":"250"}}
{"logTime": "0520/102033", "correlationVector":"oxhmBfIpikWcZaz0pgVF0/.3","action":"GetUpdates Response", "result":"Success", "context":Received 250 update(s). cV=oxhmBfIpikWcZaz0pgVF0/.0;server=akswtt100000006;cloudType=Consumer;environment=Prod_brazilsouth_prod-s01-034-sam-brazilsouth;migrationStage=NotStarted Some updates remain.}
{"logTime": "0520/102033", "correlationVector":"ZXynGvSfFxIf6pVGzcIW3V","action":"Initial GetUpdates", "result":"", "context":Reason: NEWLY_SUPPORTED_DATATYPE. cV=ZXynGvSfFxIf6pVGzcIW3V}
{"logTime": "0520/102044", "correlationVector":"ZXynGvSfFxIf6pVGzcIW3V.1","action":"SyncServerConnectionManagerRequest", "result":"SYNC_SERVER_OK", "context":{"environment":"Prod_brazilsouth_prod-s01-034-sam-brazilsouth", "migrationStage":"NotStarted", "server":"akswtt10000001t"}}
{"logTime": "0520/102044", "correlationVector":"ZXynGvSfFxIf6pVGzcIW3V.2","action":"ProcessGetUpdates", "result":"Done", "context":{"dataType":"Extensions", "deleted":"0", "process_failed_to_decrypt":"0", "process_pending_decryption":"0", "process_success":"1", "total":"1"}}
{"logTime": "0520/102044", "correlationVector":"ZXynGvSfFxIf6pVGzcIW3V.3","action":"ProcessGetUpdates", "result":"Done", "context":{"dataType":"Sessions", "deleted":"58", "process_failed_to_decrypt":"0", "process_pending_decryption":"0", "process_success":"249", "total":"249"}}
{"logTime": "0520/102044", "correlationVector":"ZXynGvSfFxIf6pVGzcIW3V.4","action":"GetUpdates Response", "result":"Success", "context":Received 250 update(s). cV=ZXynGvSfFxIf6pVGzcIW3V.0;server=akswtt10000001t;cloudType=Consumer;environment=Prod_brazilsouth_prod-s01-034-sam-brazilsouth;migrationStage=NotStarted Some updates remain.}
{"logTime": "0520/102044", "correlationVector":"fQDCB0sV1AViu5niBhSICR","action":"Initial GetUpdates", "result":"", "context":Reason: NEWLY_SUPPORTED_DATATYPE. cV=fQDCB0sV1AViu5niBhSICR}
{"logTime": "0520/102044", "correlationVector":"fQDCB0sV1AViu5niBhSICR.1","action":"SyncServerConnectionManagerRequest", "result":"SYNC_SERVER_OK", "context":{"environment":"Prod_brazilsouth_prod-s01-034-sam-brazilsouth", "migrationStage":"NotStarted", "server":"akswtt10000001r"}}
{"logTime": "0520/102044", "correlationVector":"fQDCB0sV1AViu5niBhSICR.2","action":"ProcessGetUpdates", "result":"Done", "context":{"dataType":"Sessions", "deleted":"42", "process_failed_to_decrypt":"0", "process_pending_decryption":"0", "process_success":"250", "total":"250"}}
{"logTime": "0520/102044", "correlationVector":"fQDCB0sV1AViu5niBhSICR.3","action":"GetUpdates Response", "result":"Success", "context":Received 250 update(s). cV=fQDCB0sV1AViu5niBhSICR.0;server=akswtt10000001r;cloudType=Consumer;environment=Prod_brazilsouth_prod-s01-034-sam-brazilsouth;migrationStage=NotStarted Some updates remain.}
{"logTime": "0520/102044", "correlationVector":"raE/CLKw/zNUwsSTYTQJ7y","action":"Initial GetUpdates", "result":"", "context":Reason: NEWLY_SUPPORTED_DATATYPE. cV=raE/CLKw/zNUwsSTYTQJ7y}
{"logTime": "0520/102045", "correlationVector":"raE/CLKw/zNUwsSTYTQJ7y.1","action":"SyncServerConnectionManagerRequest", "result":"SYNC_SERVER_OK", "context":{"environment":"Prod_brazilsouth_prod-s01-034-sam-brazilsouth", "migrationStage":"NotStarted", "server":"akswtt10000001r"}}
{"logTime": "0520/102045", "correlationVector":"raE/CLKw/zNUwsSTYTQJ7y.2","action":"ProcessGetUpdates", "result":"Done", "context":{"dataType":"Autofill", "deleted":"0", "process_failed_to_decrypt":"0", "process_pending_decryption":"0", "process_success":"6", "total":"6"}}
{"logTime": "0520/102045", "correlationVector":"raE/CLKw/zNUwsSTYTQJ7y.3","action":"ProcessGetUpdates", "result":"Done", "context":{"dataType":"Sessions", "deleted":"19", "process_failed_to_decrypt":"0", "process_pending_decryption":"0", "process_success":"95", "total":"95"}}
{"logTime": "0520/102045", "correlationVector":"raE/CLKw/zNUwsSTYTQJ7y.4","action":"ProcessGetUpdates", "result":"Done", "context":{"dataType":"Extension settings", "deleted":"0", "process_failed_to_decrypt":"0", "process_pending_decryption":"0", "process_success":"1", "total":"1"}}
{"logTime": "0520/102045", "correlationVector":"raE/CLKw/zNUwsSTYTQJ7y.5","action":"GetUpdates Response", "result":"Success", "context":Received 102 update(s). cV=raE/CLKw/zNUwsSTYTQJ7y.0;server=akswtt10000001r;cloudType=Consumer;environment=Prod_brazilsouth_prod-s01-034-sam-brazilsouth;migrationStage=NotStarted}
{"logTime": "0520/102045", "correlationVector":"f7Z/sHScpiA22nmPGUInl1","action":"Initial GetUpdates", "result":"", "context":Reason: NEWLY_SUPPORTED_DATATYPE. cV=f7Z/sHScpiA22nmPGUInl1}
{"logTime": "0520/102046", "correlationVector":"f7Z/sHScpiA22nmPGUInl1.1","action":"SyncServerConnectionManagerRequest", "result":"SYNC_SERVER_OK", "context":{"environment":"Prod_brazilsouth_prod-s01-034-sam-brazilsouth", "migrationStage":"NotStarted", "server":"akswtt100000006"}}
{"logTime": "0520/102046", "correlationVector":"f7Z/sHScpiA22nmPGUInl1.2","action":"ProcessGetUpdates", "result":"Done", "context":{"dataType":"History", "deleted":"0", "process_failed_to_decrypt":"0", "process_pending_decryption":"0", "process_success":"250", "total":"250"}}
{"logTime": "0520/102046", "correlationVector":"f7Z/sHScpiA22nmPGUInl1.3","action":"GetUpdates Response", "result":"Success", "context":Received 250 update(s). cV=f7Z/sHScpiA22nmPGUInl1.0;server=akswtt100000006;cloudType=Consumer;environment=Prod_brazilsouth_prod-s01-034-sam-brazilsouth;migrationStage=NotStarted Some updates remain.}
{"logTime": "0520/102046", "correlationVector":"FQshJgJcZhmG07pJiI7IIa","action":"Initial GetUpdates", "result":"", "context":Reason: NEWLY_SUPPORTED_DATATYPE. cV=FQshJgJcZhmG07pJiI7IIa}
{"logTime": "0520/102047", "correlationVector":"FQshJgJcZhmG07pJiI7IIa.1","action":"SyncServerConnectionManagerRequest", "result":"SYNC_SERVER_OK", "context":{"environment":"Prod_brazilsouth_prod-s01-034-sam-brazilsouth", "migrationStage":"NotStarted", "server":"akswtt10000001r"}}
{"logTime": "0520/102047", "correlationVector":"FQshJgJcZhmG07pJiI7IIa.2","action":"ProcessGetUpdates", "result":"Done", "context":{"dataType":"History", "deleted":"0", "process_failed_to_decrypt":"0", "process_pending_decryption":"0", "process_success":"250", "total":"250"}}
{"logTime": "0520/102047", "correlationVector":"FQshJgJcZhmG07pJiI7IIa.3","action":"GetUpdates Response", "result":"Success", "context":Received 250 update(s). cV=FQshJgJcZhmG07pJiI7IIa.0;server=akswtt10000001r;cloudType=Consumer;environment=Prod_brazilsouth_prod-s01-034-sam-brazilsouth;migrationStage=NotStarted Some updates remain.}
{"logTime": "0520/102047", "correlationVector":"9aM/1ldcPMEq5ltm/OpVpw","action":"Initial GetUpdates", "result":"", "context":Reason: NEWLY_SUPPORTED_DATATYPE. cV=9aM/1ldcPMEq5ltm/OpVpw}
{"logTime": "0520/102048", "correlationVector":"9aM/1ldcPMEq5ltm/OpVpw.1","action":"SyncServerConnectionManagerRequest", "result":"SYNC_SERVER_OK", "context":{"environment":"Prod_brazilsouth_prod-s01-034-sam-brazilsouth", "migrationStage":"NotStarted", "server":"akswtt10000001q"}}
{"logTime": "0520/102048", "correlationVector":"9aM/1ldcPMEq5ltm/OpVpw.2","action":"ProcessGetUpdates", "result":"Done", "context":{"dataType":"History", "deleted":"0", "process_failed_to_decrypt":"0", "process_pending_decryption":"0", "process_success":"250", "total":"250"}}
{"logTime": "0520/102048", "correlationVector":"9aM/1ldcPMEq5ltm/OpVpw.3","action":"GetUpdates Response", "result":"Success", "context":Received 250 update(s). cV=9aM/1ldcPMEq5ltm/OpVpw.0;server=akswtt10000001q;cloudType=Consumer;environment=Prod_brazilsouth_prod-s01-034-sam-brazilsouth;migrationStage=NotStarted Some updates remain.}
{"logTime": "0520/102048", "correlationVector":"yPlvA7wCnSe7a/MaMhh9l1","action":"Initial GetUpdates", "result":"", "context":Reason: NEWLY_SUPPORTED_DATATYPE. cV=yPlvA7wCnSe7a/MaMhh9l1}
{"logTime": "0520/102048", "correlationVector":"yPlvA7wCnSe7a/MaMhh9l1.1","action":"SyncServerConnectionManagerRequest", "result":"SYNC_SERVER_OK", "context":{"environment":"Prod_brazilsouth_prod-s01-034-sam-brazilsouth", "migrationStage":"NotStarted", "server":"akswtt10000000g"}}
{"logTime": "0520/102048", "correlationVector":"yPlvA7wCnSe7a/MaMhh9l1.2","action":"ProcessGetUpdates", "result":"Done", "context":{"dataType":"History", "deleted":"0", "process_failed_to_decrypt":"0", "process_pending_decryption":"0", "process_success":"250", "total":"250"}}
{"logTime": "0520/102048", "correlationVector":"yPlvA7wCnSe7a/MaMhh9l1.3","action":"GetUpdates Response", "result":"Success", "context":Received 250 update(s). cV=yPlvA7wCnSe7a/MaMhh9l1.0;server=akswtt10000000g;cloudType=Consumer;environment=Prod_brazilsouth_prod-s01-034-sam-brazilsouth;migrationStage=NotStarted Some updates remain.}
{"logTime": "0520/102048", "correlationVector":"y/aqbMY1B0jXLE9huaUgdb","action":"Initial GetUpdates", "result":"", "context":Reason: NEWLY_SUPPORTED_DATATYPE. cV=y/aqbMY1B0jXLE9huaUgdb}
{"logTime": "0520/102050", "correlationVector":"y/aqbMY1B0jXLE9huaUgdb.1","action":"SyncServerConnectionManagerRequest", "result":"SYNC_SERVER_OK", "context":{"environment":"Prod_brazilsouth_prod-s01-034-sam-brazilsouth", "migrationStage":"NotStarted", "server":"akswtt10000001o"}}
{"logTime": "0520/102050", "correlationVector":"y/aqbMY1B0jXLE9huaUgdb.2","action":"ProcessGetUpdates", "result":"Done", "context":{"dataType":"History", "deleted":"0", "process_failed_to_decrypt":"0", "process_pending_decryption":"0", "process_success":"250", "total":"250"}}
{"logTime": "0520/102050", "correlationVector":"y/aqbMY1B0jXLE9huaUgdb.3","action":"GetUpdates Response", "result":"Success", "context":Received 250 update(s). cV=y/aqbMY1B0jXLE9huaUgdb.0;server=akswtt10000001o;cloudType=Consumer;environment=Prod_brazilsouth_prod-s01-034-sam-brazilsouth;migrationStage=NotStarted Some updates remain.}
{"logTime": "0520/102050", "correlationVector":"sjA2piU3OMMeQQdXUP9Y/1","action":"Initial GetUpdates", "result":"", "context":Reason: NEWLY_SUPPORTED_DATATYPE. cV=sjA2piU3OMMeQQdXUP9Y/1}
{"logTime": "0520/102050", "correlationVector":"sjA2piU3OMMeQQdXUP9Y/1.1","action":"SyncServerConnectionManagerRequest", "result":"SYNC_SERVER_OK", "context":{"environment":"Prod_brazilsouth_prod-s01-034-sam-brazilsouth", "migrationStage":"NotStarted", "server":"akswtt10000000g"}}
{"logTime": "0520/102050", "correlationVector":"sjA2piU3OMMeQQdXUP9Y/1.2","action":"ProcessGetUpdates", "result":"Done", "context":{"dataType":"History", "deleted":"0", "process_failed_to_decrypt":"0", "process_pending_decryption":"0", "process_success":"250", "total":"250"}}
{"logTime": "0520/102050", "correlationVector":"sjA2piU3OMMeQQdXUP9Y/1.3","action":"GetUpdates Response", "result":"Success", "context":Received 250 update(s). cV=sjA2piU3OMMeQQdXUP9Y/1.0;server=akswtt10000000g;cloudType=Consumer;environment=Prod_brazilsouth_prod-s01-034-sam-brazilsouth;migrationStage=NotStarted Some updates remain.}
{"logTime": "0520/102050", "correlationVector":"w8Y67kp2XwYHz8Q6CjpGGK","action":"Initial GetUpdates", "result":"", "context":Reason: NEWLY_SUPPORTED_DATATYPE. cV=w8Y67kp2XwYHz8Q6CjpGGK}
{"logTime": "0520/102051", "correlationVector":"w8Y67kp2XwYHz8Q6CjpGGK.1","action":"SyncServerConnectionManagerRequest", "result":"SYNC_SERVER_OK", "context":{"environment":"Prod_brazilsouth_prod-s01-034-sam-brazilsouth", "migrationStage":"NotStarted", "server":"akswtt10000000g"}}
{"logTime": "0520/102051", "correlationVector":"w8Y67kp2XwYHz8Q6CjpGGK.2","action":"ProcessGetUpdates", "result":"Done", "context":{"dataType":"History", "deleted":"0", "process_failed_to_decrypt":"0", "process_pending_decryption":"0", "process_success":"250", "total":"250"}}
{"logTime": "0520/102051", "correlationVector":"w8Y67kp2XwYHz8Q6CjpGGK.3","action":"GetUpdates Response", "result":"Success", "context":Received 250 update(s). cV=w8Y67kp2XwYHz8Q6CjpGGK.0;server=akswtt10000000g;cloudType=Consumer;environment=Prod_brazilsouth_prod-s01-034-sam-brazilsouth;migrationStage=NotStarted Some updates remain.}
{"logTime": "0520/102051", "correlationVector":"t+RQeCPWPk+iUHqQjCHFGk","action":"Initial GetUpdates", "result":"", "context":Reason: NEWLY_SUPPORTED_DATATYPE. cV=t+RQeCPWPk+iUHqQjCHFGk}
{"logTime": "0520/102052", "correlationVector":"t+RQeCPWPk+iUHqQjCHFGk.1","action":"SyncServerConnectionManagerRequest", "result":"SYNC_SERVER_OK", "context":{"environment":"Prod_brazilsouth_prod-s01-034-sam-brazilsouth", "migrationStage":"NotStarted", "server":"akswtt10000001q"}}
{"logTime": "0520/102052", "correlationVector":"t+RQeCPWPk+iUHqQjCHFGk.2","action":"ProcessGetUpdates", "result":"Done", "context":{"dataType":"History", "deleted":"0", "process_failed_to_decrypt":"0", "process_pending_decryption":"0", "process_success":"250", "total":"250"}}
{"logTime": "0520/102052", "correlationVector":"t+RQeCPWPk+iUHqQjCHFGk.3","action":"GetUpdates Response", "result":"Success", "context":Received 250 update(s). cV=t+RQeCPWPk+iUHqQjCHFGk.0;server=akswtt10000001q;cloudType=Consumer;environment=Prod_brazilsouth_prod-s01-034-sam-brazilsouth;migrationStage=NotStarted Some updates remain.}
{"logTime": "0520/102052", "correlationVector":"PKr01I0eT1QqCcjV0gIBnm","action":"Initial GetUpdates", "result":"", "context":Reason: NEWLY_SUPPORTED_DATATYPE. cV=PKr01I0eT1QqCcjV0gIBnm}
{"logTime": "0520/102052", "correlationVector":"PKr01I0eT1QqCcjV0gIBnm.1","action":"SyncServerConnectionManagerRequest", "result":"SYNC_SERVER_OK", "context":{"environment":"Prod_brazilsouth_prod-s01-034-sam-brazilsouth", "migrationStage":"NotStarted", "server":"akswtt10000001l"}}
{"logTime": "0520/102052", "correlationVector":"PKr01I0eT1QqCcjV0gIBnm.2","action":"ProcessGetUpdates", "result":"Done", "context":{"dataType":"History", "deleted":"0", "process_failed_to_decrypt":"0", "process_pending_decryption":"0", "process_success":"29", "total":"29"}}
{"logTime": "0520/102052", "correlationVector":"PKr01I0eT1QqCcjV0gIBnm.3","action":"GetUpdates Response", "result":"Success", "context":Received 29 update(s). cV=PKr01I0eT1QqCcjV0gIBnm.0;server=akswtt10000001l;cloudType=Consumer;environment=Prod_brazilsouth_prod-s01-034-sam-brazilsouth;migrationStage=NotStarted}
{"logTime": "0520/102052", "correlationVector":"k2/eLNSH6zwgiVn3DbsbJ8","action":"Normal GetUpdate request", "result":"", "context":cV=k2/eLNSH6zwgiVn3DbsbJ8
Nudged types: Preferences, Sessions, Extension settings, Device Info, User Consents, History
Refresh requested types: Bookmarks, Preferences, Passwords, Autofill Profiles, Autofill, Extensions, Sessions, Extension settings, History Delete Directives, Device Info, User Consents, Send Tab To Self, Web Apps, History, Saved Tab Group, WebAuthn Credentials, Collection, Edge E Drop, Edge Hub App Usage, Edge Wallet, Edge Workspace, Encryption Keys}
{"logTime": "0520/102052", "correlationVector":"k2/eLNSH6zwgiVn3DbsbJ8.1","action":"SyncServerConnectionManagerRequest", "result":"SYNC_SERVER_OK", "context":{"environment":"Prod_brazilsouth_prod-s01-034-sam-brazilsouth", "migrationStage":"NotStarted", "server":"akswtt10000001t"}}
{"logTime": "0520/102052", "correlationVector":"k2/eLNSH6zwgiVn3DbsbJ8.2","action":"GetUpdates Response", "result":"Success", "context":Received 0 update(s). cV=k2/eLNSH6zwgiVn3DbsbJ8.0;server=akswtt10000001t;cloudType=Consumer;environment=Prod_brazilsouth_prod-s01-034-sam-brazilsouth;migrationStage=NotStarted}
{"logTime": "0520/102052", "correlationVector":"8ZZqYP7Ofqj1KQFjh0PXPB","action":"Commit Request", "result":"", "context":Item count: 17
Contributing types: Preferences, Sessions, Extension settings, Device Info, User Consents, History}
{"logTime": "0520/102057", "correlationVector":"8ZZqYP7Ofqj1KQFjh0PXPB.1","action":"SyncServerConnectionManagerRequest", "result":"SYNC_SERVER_OK", "context":{"environment":"Prod_brazilsouth_prod-s01-034-sam-brazilsouth", "migrationStage":"NotStarted", "server":"akswtt10000001t"}}
{"logTime": "0520/102057", "correlationVector":"8ZZqYP7Ofqj1KQFjh0PXPB.2","action":"Commit Response", "result":"Success", "context":Result: Success. cV=8ZZqYP7Ofqj1KQFjh0PXPB.0;server=akswtt10000001t;cloudType=Consumer;environment=Prod_brazilsouth_prod-s01-034-sam-brazilsouth;migrationStage=NotStarted}
{"logTime": "0520/102125", "correlationVector":"gL87pHUuBW+993R6U3VM3c","action":"Commit Request", "result":"", "context":Item count: 40
Contributing types: Passwords}
{"logTime": "0520/102135", "correlationVector":"gL87pHUuBW+993R6U3VM3c.1","action":"SyncServerConnectionManagerRequest", "result":"SYNC_SERVER_OK", "context":{"environment":"Prod_brazilsouth_prod-s01-034-sam-brazilsouth", "migrationStage":"NotStarted", "server":"akswtt10000001q"}}
{"logTime": "0520/102135", "correlationVector":"gL87pHUuBW+993R6U3VM3c.2","action":"Commit Response", "result":"Success", "context":Result: Success. cV=gL87pHUuBW+993R6U3VM3c.0;server=akswtt10000001q;cloudType=Consumer;environment=Prod_brazilsouth_prod-s01-034-sam-brazilsouth;migrationStage=NotStarted}
{"logTime": "0520/102135", "correlationVector":"lwFeT/GXVn2xyo21XN7Jaz","action":"Commit Request", "result":"", "context":Item count: 40
Contributing types: Passwords}
{"logTime": "0520/102144", "correlationVector":"lwFeT/GXVn2xyo21XN7Jaz.1","action":"SyncServerConnectionManagerRequest", "result":"SYNC_SERVER_OK", "context":{"environment":"Prod_brazilsouth_prod-s01-034-sam-brazilsouth", "migrationStage":"NotStarted", "server":"akswtt100000005"}}
{"logTime": "0520/102144", "correlationVector":"lwFeT/GXVn2xyo21XN7Jaz.2","action":"Commit Response", "result":"Success", "context":Result: Success. cV=lwFeT/GXVn2xyo21XN7Jaz.0;server=akswtt100000005;cloudType=Consumer;environment=Prod_brazilsouth_prod-s01-034-sam-brazilsouth;migrationStage=NotStarted}
{"logTime": "0520/102144", "correlationVector":"1FskrU+iRfrTkHFe/sqjhI","action":"Commit Request", "result":"", "context":Item count: 40
Contributing types: Passwords}
{"logTime": "0520/102153", "correlationVector":"1FskrU+iRfrTkHFe/sqjhI.1","action":"SyncServerConnectionManagerRequest", "result":"SYNC_SERVER_OK", "context":{"environment":"Prod_brazilsouth_prod-s01-034-sam-brazilsouth", "migrationStage":"NotStarted", "server":"akswtt10000001t"}}
{"logTime": "0520/102153", "correlationVector":"1FskrU+iRfrTkHFe/sqjhI.2","action":"Commit Response", "result":"Success", "context":Result: Success. cV=1FskrU+iRfrTkHFe/sqjhI.0;server=akswtt10000001t;cloudType=Consumer;environment=Prod_brazilsouth_prod-s01-034-sam-brazilsouth;migrationStage=NotStarted}
{"logTime": "0520/102153", "correlationVector":"pWtH7vs/lO/EL2Rv4xydu7","action":"Commit Request", "result":"", "context":Item count: 40
Contributing types: Passwords}
{"logTime": "0520/102203", "correlationVector":"pWtH7vs/lO/EL2Rv4xydu7.1","action":"SyncServerConnectionManagerRequest", "result":"SYNC_SERVER_OK", "context":{"environment":"Prod_brazilsouth_prod-s01-034-sam-brazilsouth", "migrationStage":"NotStarted", "server":"akswtt10000001t"}}
{"logTime": "0520/102203", "correlationVector":"pWtH7vs/lO/EL2Rv4xydu7.2","action":"Commit Response", "result":"Success", "context":Result: Success. cV=pWtH7vs/lO/EL2Rv4xydu7.0;server=akswtt10000001t;cloudType=Consumer;environment=Prod_brazilsouth_prod-s01-034-sam-brazilsouth;migrationStage=NotStarted}
{"logTime": "0520/102203", "correlationVector":"Gh2V+6zYiLUVUuPF8D7nUG","action":"Commit Request", "result":"", "context":Item count: 40
Contributing types: Passwords}
{"logTime": "0520/102212", "correlationVector":"Gh2V+6zYiLUVUuPF8D7nUG.1","action":"SyncServerConnectionManagerRequest", "result":"SYNC_SERVER_OK", "context":{"environment":"Prod_brazilsouth_prod-s01-034-sam-brazilsouth", "migrationStage":"NotStarted", "server":"akswtt10000001l"}}
{"logTime": "0520/102212", "correlationVector":"Gh2V+6zYiLUVUuPF8D7nUG.2","action":"Commit Response", "result":"Success", "context":Result: Success. cV=Gh2V+6zYiLUVUuPF8D7nUG.0;server=akswtt10000001l;cloudType=Consumer;environment=Prod_brazilsouth_prod-s01-034-sam-brazilsouth;migrationStage=NotStarted}
{"logTime": "0520/102212", "correlationVector":"ClTHuhSCrSIimuA6l/P9gG","action":"Commit Request", "result":"", "context":Item count: 40
Contributing types: Passwords}
{"logTime": "0520/102222", "correlationVector":"ClTHuhSCrSIimuA6l/P9gG.1","action":"SyncServerConnectionManagerRequest", "result":"SYNC_SERVER_OK", "context":{"environment":"Prod_brazilsouth_prod-s01-034-sam-brazilsouth", "migrationStage":"NotStarted", "server":"akswtt10000001q"}}
{"logTime": "0520/102222", "correlationVector":"ClTHuhSCrSIimuA6l/P9gG.2","action":"Commit Response", "result":"Success", "context":Result: Success. cV=ClTHuhSCrSIimuA6l/P9gG.0;server=akswtt10000001q;cloudType=Consumer;environment=Prod_brazilsouth_prod-s01-034-sam-brazilsouth;migrationStage=NotStarted}
{"logTime": "0520/102222", "correlationVector":"O/i1p077LLMV5TTeWOUp5T","action":"Commit Request", "result":"", "context":Item count: 17
Contributing types: Passwords}
{"logTime": "0520/102226", "correlationVector":"O/i1p077LLMV5TTeWOUp5T.1","action":"SyncServerConnectionManagerRequest", "result":"SYNC_SERVER_OK", "context":{"environment":"Prod_brazilsouth_prod-s01-034-sam-brazilsouth", "migrationStage":"NotStarted", "server":"akswtt10000001g"}}
{"logTime": "0520/102226", "correlationVector":"O/i1p077LLMV5TTeWOUp5T.2","action":"Commit Response", "result":"Success", "context":Result: Success. cV=O/i1p077LLMV5TTeWOUp5T.0;server=akswtt10000001g;cloudType=Consumer;environment=Prod_brazilsouth_prod-s01-034-sam-brazilsouth;migrationStage=NotStarted}
