{"logTime": "0520/113657", "correlationVector":"B24EBwR8htsZfDFeHZFVdI.1","action":"SyncServerConnectionManagerRequest", "result":"SYNC_SERVER_OK", "context":{"environment":"Prod_brazilsouth_prod-s01-001-sam-brazilsouth", "migrationStage":"NotStarted", "server":"akswtt004000015"}}
{"logTime": "0520/113657", "correlationVector":"B24EBwR8htsZfDFeHZFVdI.2","action":"ProcessGetUpdates", "result":"Done", "context":{"dataType":"Encryption Keys", "deleted":"0", "process_failed_to_decrypt":"0", "process_pending_decryption":"0", "process_success":"1", "total":"1"}}
{"logTime": "0520/113658", "correlationVector":"DSK91OznjiNLhNG8xYKJBS","action":"SyncServerConnectionManagerRequest", "result":"SYNC_SERVER_OK", "context":{"environment":"", "migrationStage":"", "server":""}}
{"logTime": "0520/113658", "correlationVector":"DSK91OznjiNLhNG8xYKJBS.0","action":"EncryptionKeysFetcher.DownloadKeys:", "result":"Success", "context":Key count: 7, Last key timestamp: 2026-02-09T01:20:38Z}
{"logTime": "0520/113658", "correlationVector":"DSK91OznjiNLhNG8xYKJBS.1","action":"EncryptionKeysManager::SetEncryptionKeys:", "result":"Success", "context":Key names[7]:[TQutwejxrYZ5W09vcSqKDGfKaPquwletOESQWOx2FGe/wJiI6411LbSMvaEJEDkwTg4XL66yHL8WPZ1WHLJ60w==][V4bEF1HBBGXn0QqQBYNNDE1qH0lkFowJ510XjGbcB9ooOkAlNad+KB7uHznNXJeIUpI5wtft5nqhE8GDlfyT9A==][QcO8Cg/lle/ViQ8qUOUtEisMICZLtZ4TRB7tI1VPSKWQ00iZnlhQpoPRFqhIc6jdQAZz65OwJJ5yfEHeVAHRzA==][257cvOaBRRDwlytD6ySOKZn72TTXJTsxvVdSrYa1Y1u3n2W3Uuj2/9yrTLKtrH3Bvqjp8lcBz2WkGMmRuOOnUA==][hcS3DmeZeC2fi5FYpn08+fBrgw31VIBzpJCBYp7/a64GH5lqkA3AaZQaJ3fcpWs8NH8CvZjirPq9LdmgooJUpg==][5wcftUQpbsOpNPjDszDTh7v2GSB7mqMIPpwwvvMVgKClGs9U29gIy209ddGamATeoTyE+9Nxcg0Dy+cfqxX08g==][sdj/9mzE7mmkbvsPdLkLfaJJ4Ll4LqkYHPiCbFkSgp6InZD9Keyz/WaxYsHnOAf9m1pLNNGyz2878fquRPrtKw==]}
{"logTime": "0520/113658", "correlationVector":"DSK91OznjiNLhNG8xYKJBS.2","action":"EncryptionKeysManager::SetEncryptionKeysWithTimestamps:", "result":"Success", "context":Key timestamps[7]:[2021-07-01T11:42:44Z][2023-02-22T23:39:34Z][2023-12-26T20:16:54Z][2024-06-24T14:18:48Z][2024-12-22T00:09:18Z][2025-07-18T20:11:02Z][2026-02-09T01:20:38Z]}
{"logTime": "0520/113658", "correlationVector":"B24EBwR8htsZfDFeHZFVdI","action":"Initial GetUpdates", "result":"", "context":Reason: NEW_CLIENT. cV=B24EBwR8htsZfDFeHZFVdI}
{"logTime": "0520/113658", "correlationVector":"B24EBwR8htsZfDFeHZFVdI.3","action":"GetUpdates Response", "result":"Success", "context":Received 1 update(s). cV=B24EBwR8htsZfDFeHZFVdI.0;server=akswtt004000015;cloudType=Consumer;environment=Prod_brazilsouth_prod-s01-001-sam-brazilsouth;migrationStage=NotStarted}
{"logTime": "0520/113658", "correlationVector":"MVoGXLD7ILaAPdZwuUNtEm","action":"Initial GetUpdates", "result":"", "context":Reason: NEWLY_SUPPORTED_DATATYPE. cV=MVoGXLD7ILaAPdZwuUNtEm}
{"logTime": "0520/113700", "correlationVector":"MVoGXLD7ILaAPdZwuUNtEm.1","action":"SyncServerConnectionManagerRequest", "result":"SYNC_SERVER_OK", "context":{"environment":"Prod_brazilsouth_prod-s01-034-sam-brazilsouth", "migrationStage":"NotStarted", "server":"akswtt100000005"}}
{"logTime": "0520/113700", "correlationVector":"MVoGXLD7ILaAPdZwuUNtEm.2","action":"ProcessGetUpdates", "result":"Done", "context":{"dataType":"Preferences", "deleted":"0", "process_failed_to_decrypt":"0", "process_pending_decryption":"0", "process_success":"107", "total":"107"}}
{"logTime": "0520/113700", "correlationVector":"MVoGXLD7ILaAPdZwuUNtEm.3","action":"ProcessGetUpdates", "result":"Done", "context":{"dataType":"Passwords", "deleted":"0", "process_failed_to_decrypt":"0", "process_pending_decryption":"0", "process_success":"17", "total":"17"}}
{"logTime": "0520/113700", "correlationVector":"MVoGXLD7ILaAPdZwuUNtEm.4","action":"ProcessGetUpdates", "result":"Done", "context":{"dataType":"Device Info", "deleted":"0", "process_failed_to_decrypt":"0", "process_pending_decryption":"0", "process_success":"126", "total":"126"}}
{"logTime": "0520/113700", "correlationVector":"MVoGXLD7ILaAPdZwuUNtEm.5","action":"GetUpdates Response", "result":"Success", "context":Received 250 update(s). cV=MVoGXLD7ILaAPdZwuUNtEm.0;server=akswtt100000005;cloudType=Consumer;environment=Prod_brazilsouth_prod-s01-034-sam-brazilsouth;migrationStage=NotStarted Some updates remain.}
{"logTime": "0520/113700", "correlationVector":"ag1Vhwzp/LfLRlgfRX/nQM","action":"Initial GetUpdates", "result":"", "context":Reason: NEWLY_SUPPORTED_DATATYPE. cV=ag1Vhwzp/LfLRlgfRX/nQM}
{"logTime": "0520/113700", "correlationVector":"ag1Vhwzp/LfLRlgfRX/nQM.1","action":"SyncServerConnectionManagerRequest", "result":"SYNC_SERVER_OK", "context":{"environment":"Prod_brazilsouth_prod-s01-034-sam-brazilsouth", "migrationStage":"NotStarted", "server":"akswtt10000000h"}}
{"logTime": "0520/113700", "correlationVector":"ag1Vhwzp/LfLRlgfRX/nQM.2","action":"ProcessGetUpdates", "result":"Done", "context":{"dataType":"Preferences", "deleted":"0", "process_failed_to_decrypt":"0", "process_pending_decryption":"0", "process_success":"1", "total":"1"}}
{"logTime": "0520/113700", "correlationVector":"ag1Vhwzp/LfLRlgfRX/nQM.3","action":"ProcessGetUpdates", "result":"Done", "context":{"dataType":"Passwords", "deleted":"0", "process_failed_to_decrypt":"0", "process_pending_decryption":"0", "process_success":"226", "total":"226"}}
{"logTime": "0520/113700", "correlationVector":"ag1Vhwzp/LfLRlgfRX/nQM.4","action":"ProcessGetUpdates", "result":"Done", "context":{"dataType":"Device Info", "deleted":"0", "process_failed_to_decrypt":"0", "process_pending_decryption":"0", "process_success":"23", "total":"23"}}
{"logTime": "0520/113700", "correlationVector":"ag1Vhwzp/LfLRlgfRX/nQM.5","action":"GetUpdates Response", "result":"Success", "context":Received 250 update(s). cV=ag1Vhwzp/LfLRlgfRX/nQM.0;server=akswtt10000000h;cloudType=Consumer;environment=Prod_brazilsouth_prod-s01-034-sam-brazilsouth;migrationStage=NotStarted Some updates remain.}
{"logTime": "0520/113700", "correlationVector":"SlxsU6KiqEpCmGZbWQuqBV","action":"Initial GetUpdates", "result":"", "context":Reason: NEWLY_SUPPORTED_DATATYPE. cV=SlxsU6KiqEpCmGZbWQuqBV}
{"logTime": "0520/113701", "correlationVector":"SlxsU6KiqEpCmGZbWQuqBV.1","action":"SyncServerConnectionManagerRequest", "result":"SYNC_SERVER_OK", "context":{"environment":"Prod_brazilsouth_prod-s01-034-sam-brazilsouth", "migrationStage":"NotStarted", "server":"akswtt10000001o"}}
{"logTime": "0520/113701", "correlationVector":"SlxsU6KiqEpCmGZbWQuqBV.2","action":"ProcessGetUpdates", "result":"Done", "context":{"dataType":"Passwords", "deleted":"0", "process_failed_to_decrypt":"0", "process_pending_decryption":"0", "process_success":"31", "total":"31"}}
{"logTime": "0520/113701", "correlationVector":"SlxsU6KiqEpCmGZbWQuqBV.3","action":"GetUpdates Response", "result":"Success", "context":Received 31 update(s). cV=SlxsU6KiqEpCmGZbWQuqBV.0;server=akswtt10000001o;cloudType=Consumer;environment=Prod_brazilsouth_prod-s01-034-sam-brazilsouth;migrationStage=NotStarted}
{"logTime": "0520/113701", "correlationVector":"w51uynjRYNUzSVzahCXYHo","action":"Initial GetUpdates", "result":"", "context":Reason: NEWLY_SUPPORTED_DATATYPE. cV=w51uynjRYNUzSVzahCXYHo}
{"logTime": "0520/113701", "correlationVector":"w51uynjRYNUzSVzahCXYHo.1","action":"SyncServerConnectionManagerRequest", "result":"SYNC_SERVER_OK", "context":{"environment":"Prod_brazilsouth_prod-s01-034-sam-brazilsouth", "migrationStage":"NotStarted", "server":"akswtt10000001h"}}
{"logTime": "0520/113701", "correlationVector":"w51uynjRYNUzSVzahCXYHo.2","action":"ProcessGetUpdates", "result":"Done", "context":{"dataType":"Bookmarks", "deleted":"0", "process_failed_to_decrypt":"0", "process_pending_decryption":"0", "process_success":"89", "total":"89"}}
{"logTime": "0520/113701", "correlationVector":"w51uynjRYNUzSVzahCXYHo.3","action":"GetUpdates Response", "result":"Success", "context":Received 89 update(s). cV=w51uynjRYNUzSVzahCXYHo.0;server=akswtt10000001h;cloudType=Consumer;environment=Prod_brazilsouth_prod-s01-034-sam-brazilsouth;migrationStage=NotStarted}
{"logTime": "0520/113701", "correlationVector":"gPmijUo0y+Ga2XRg0CI6zA","action":"Initial GetUpdates", "result":"", "context":Reason: NEWLY_SUPPORTED_DATATYPE. cV=gPmijUo0y+Ga2XRg0CI6zA}
{"logTime": "0520/113702", "correlationVector":"gPmijUo0y+Ga2XRg0CI6zA.1","action":"SyncServerConnectionManagerRequest", "result":"SYNC_SERVER_OK", "context":{"environment":"Prod_brazilsouth_prod-s01-034-sam-brazilsouth", "migrationStage":"NotStarted", "server":"akswtt10000001g"}}
{"logTime": "0520/113702", "correlationVector":"gPmijUo0y+Ga2XRg0CI6zA.2","action":"ProcessGetUpdates", "result":"Done", "context":{"dataType":"Autofill Profiles", "deleted":"0", "process_failed_to_decrypt":"0", "process_pending_decryption":"0", "process_success":"1", "total":"1"}}
{"logTime": "0520/113702", "correlationVector":"gPmijUo0y+Ga2XRg0CI6zA.3","action":"ProcessGetUpdates", "result":"Done", "context":{"dataType":"Autofill", "deleted":"0", "process_failed_to_decrypt":"0", "process_pending_decryption":"0", "process_success":"235", "total":"235"}}
{"logTime": "0520/113702", "correlationVector":"gPmijUo0y+Ga2XRg0CI6zA.4","action":"ProcessGetUpdates", "result":"Done", "context":{"dataType":"Extensions", "deleted":"0", "process_failed_to_decrypt":"0", "process_pending_decryption":"0", "process_success":"5", "total":"5"}}
{"logTime": "0520/113702", "correlationVector":"gPmijUo0y+Ga2XRg0CI6zA.5","action":"ProcessGetUpdates", "result":"Done", "context":{"dataType":"Extension settings", "deleted":"0", "process_failed_to_decrypt":"0", "process_pending_decryption":"0", "process_success":"7", "total":"7"}}
{"logTime": "0520/113702", "correlationVector":"gPmijUo0y+Ga2XRg0CI6zA.6","action":"ProcessGetUpdates", "result":"Done", "context":{"dataType":"Collection", "deleted":"0", "process_failed_to_decrypt":"0", "process_pending_decryption":"0", "process_success":"2", "total":"2"}}
{"logTime": "0520/113702", "correlationVector":"gPmijUo0y+Ga2XRg0CI6zA.7","action":"GetUpdates Response", "result":"Success", "context":Received 250 update(s). cV=gPmijUo0y+Ga2XRg0CI6zA.0;server=akswtt10000001g;cloudType=Consumer;environment=Prod_brazilsouth_prod-s01-034-sam-brazilsouth;migrationStage=NotStarted Some updates remain.}
{"logTime": "0520/113702", "correlationVector":"MgJCOQNB3/85JHeRBqO+PU","action":"Initial GetUpdates", "result":"", "context":Reason: NEWLY_SUPPORTED_DATATYPE. cV=MgJCOQNB3/85JHeRBqO+PU}
{"logTime": "0520/113703", "correlationVector":"MgJCOQNB3/85JHeRBqO+PU.1","action":"SyncServerConnectionManagerRequest", "result":"SYNC_SERVER_OK", "context":{"environment":"Prod_brazilsouth_prod-s01-034-sam-brazilsouth", "migrationStage":"NotStarted", "server":"akswtt10000001l"}}
{"logTime": "0520/113703", "correlationVector":"MgJCOQNB3/85JHeRBqO+PU.2","action":"ProcessGetUpdates", "result":"Done", "context":{"dataType":"Autofill", "deleted":"0", "process_failed_to_decrypt":"0", "process_pending_decryption":"0", "process_success":"250", "total":"250"}}
{"logTime": "0520/113703", "correlationVector":"MgJCOQNB3/85JHeRBqO+PU.3","action":"GetUpdates Response", "result":"Success", "context":Received 250 update(s). cV=MgJCOQNB3/85JHeRBqO+PU.0;server=akswtt10000001l;cloudType=Consumer;environment=Prod_brazilsouth_prod-s01-034-sam-brazilsouth;migrationStage=NotStarted Some updates remain.}
{"logTime": "0520/113703", "correlationVector":"5M2O73fBOc6zctTeDFviRR","action":"Initial GetUpdates", "result":"", "context":Reason: NEWLY_SUPPORTED_DATATYPE. cV=5M2O73fBOc6zctTeDFviRR}
{"logTime": "0520/113703", "correlationVector":"5M2O73fBOc6zctTeDFviRR.1","action":"SyncServerConnectionManagerRequest", "result":"SYNC_SERVER_OK", "context":{"environment":"Prod_brazilsouth_prod-s01-034-sam-brazilsouth", "migrationStage":"NotStarted", "server":"akswtt10000001r"}}
{"logTime": "0520/113703", "correlationVector":"5M2O73fBOc6zctTeDFviRR.2","action":"ProcessGetUpdates", "result":"Done", "context":{"dataType":"Autofill", "deleted":"0", "process_failed_to_decrypt":"0", "process_pending_decryption":"0", "process_success":"208", "total":"208"}}
{"logTime": "0520/113703", "correlationVector":"5M2O73fBOc6zctTeDFviRR.3","action":"ProcessGetUpdates", "result":"Done", "context":{"dataType":"Extensions", "deleted":"0", "process_failed_to_decrypt":"0", "process_pending_decryption":"0", "process_success":"1", "total":"1"}}
{"logTime": "0520/113703", "correlationVector":"5M2O73fBOc6zctTeDFviRR.4","action":"ProcessGetUpdates", "result":"Done", "context":{"dataType":"Sessions", "deleted":"36", "process_failed_to_decrypt":"0", "process_pending_decryption":"0", "process_success":"36", "total":"36"}}
{"logTime": "0520/113703", "correlationVector":"5M2O73fBOc6zctTeDFviRR.5","action":"ProcessGetUpdates", "result":"Done", "context":{"dataType":"Web Apps", "deleted":"0", "process_failed_to_decrypt":"0", "process_pending_decryption":"0", "process_success":"1", "total":"1"}}
{"logTime": "0520/113703", "correlationVector":"5M2O73fBOc6zctTeDFviRR.6","action":"ProcessGetUpdates", "result":"Done", "context":{"dataType":"Edge Hub App Usage", "deleted":"0", "process_failed_to_decrypt":"0", "process_pending_decryption":"0", "process_success":"2", "total":"2"}}
{"logTime": "0520/113703", "correlationVector":"5M2O73fBOc6zctTeDFviRR.7","action":"ProcessGetUpdates", "result":"Done", "context":{"dataType":"Edge Workspace", "deleted":"0", "process_failed_to_decrypt":"0", "process_pending_decryption":"0", "process_success":"2", "total":"2"}}
{"logTime": "0520/113703", "correlationVector":"5M2O73fBOc6zctTeDFviRR.8","action":"GetUpdates Response", "result":"Success", "context":Received 250 update(s). cV=5M2O73fBOc6zctTeDFviRR.0;server=akswtt10000001r;cloudType=Consumer;environment=Prod_brazilsouth_prod-s01-034-sam-brazilsouth;migrationStage=NotStarted Some updates remain.}
{"logTime": "0520/113703", "correlationVector":"N78c2JVsVFFKRao7n5NAqe","action":"Initial GetUpdates", "result":"", "context":Reason: NEWLY_SUPPORTED_DATATYPE. cV=N78c2JVsVFFKRao7n5NAqe}
{"logTime": "0520/113704", "correlationVector":"N78c2JVsVFFKRao7n5NAqe.1","action":"SyncServerConnectionManagerRequest", "result":"SYNC_SERVER_OK", "context":{"environment":"Prod_brazilsouth_prod-s01-034-sam-brazilsouth", "migrationStage":"NotStarted", "server":"akswtt10000001h"}}
{"logTime": "0520/113704", "correlationVector":"N78c2JVsVFFKRao7n5NAqe.2","action":"ProcessGetUpdates", "result":"Done", "context":{"dataType":"Autofill", "deleted":"0", "process_failed_to_decrypt":"0", "process_pending_decryption":"0", "process_success":"4", "total":"4"}}
{"logTime": "0520/113704", "correlationVector":"N78c2JVsVFFKRao7n5NAqe.3","action":"ProcessGetUpdates", "result":"Done", "context":{"dataType":"Sessions", "deleted":"63", "process_failed_to_decrypt":"0", "process_pending_decryption":"0", "process_success":"246", "total":"246"}}
{"logTime": "0520/113704", "correlationVector":"N78c2JVsVFFKRao7n5NAqe.4","action":"GetUpdates Response", "result":"Success", "context":Received 250 update(s). cV=N78c2JVsVFFKRao7n5NAqe.0;server=akswtt10000001h;cloudType=Consumer;environment=Prod_brazilsouth_prod-s01-034-sam-brazilsouth;migrationStage=NotStarted Some updates remain.}
{"logTime": "0520/113704", "correlationVector":"gIO9KI2cjMAaUN+n8yfFxu","action":"Initial GetUpdates", "result":"", "context":Reason: NEWLY_SUPPORTED_DATATYPE. cV=gIO9KI2cjMAaUN+n8yfFxu}
{"logTime": "0520/113705", "correlationVector":"gIO9KI2cjMAaUN+n8yfFxu.1","action":"SyncServerConnectionManagerRequest", "result":"SYNC_SERVER_OK", "context":{"environment":"Prod_brazilsouth_prod-s01-034-sam-brazilsouth", "migrationStage":"NotStarted", "server":"akswtt10000001r"}}
{"logTime": "0520/113705", "correlationVector":"gIO9KI2cjMAaUN+n8yfFxu.2","action":"ProcessGetUpdates", "result":"Done", "context":{"dataType":"Sessions", "deleted":"43", "process_failed_to_decrypt":"0", "process_pending_decryption":"0", "process_success":"250", "total":"250"}}
{"logTime": "0520/113705", "correlationVector":"gIO9KI2cjMAaUN+n8yfFxu.3","action":"GetUpdates Response", "result":"Success", "context":Received 250 update(s). cV=gIO9KI2cjMAaUN+n8yfFxu.0;server=akswtt10000001r;cloudType=Consumer;environment=Prod_brazilsouth_prod-s01-034-sam-brazilsouth;migrationStage=NotStarted Some updates remain.}
{"logTime": "0520/113705", "correlationVector":"2WjyYJeJ/KLdXPsVINZVzA","action":"Initial GetUpdates", "result":"", "context":Reason: NEWLY_SUPPORTED_DATATYPE. cV=2WjyYJeJ/KLdXPsVINZVzA}
{"logTime": "0520/113706", "correlationVector":"2WjyYJeJ/KLdXPsVINZVzA.1","action":"SyncServerConnectionManagerRequest", "result":"SYNC_SERVER_OK", "context":{"environment":"Prod_brazilsouth_prod-s01-034-sam-brazilsouth", "migrationStage":"NotStarted", "server":"akswtt10000001h"}}
{"logTime": "0520/113706", "correlationVector":"2WjyYJeJ/KLdXPsVINZVzA.2","action":"ProcessGetUpdates", "result":"Done", "context":{"dataType":"Extensions", "deleted":"0", "process_failed_to_decrypt":"0", "process_pending_decryption":"0", "process_success":"3", "total":"3"}}
{"logTime": "0520/113706", "correlationVector":"2WjyYJeJ/KLdXPsVINZVzA.3","action":"ProcessGetUpdates", "result":"Done", "context":{"dataType":"Sessions", "deleted":"16", "process_failed_to_decrypt":"0", "process_pending_decryption":"0", "process_success":"246", "total":"246"}}
{"logTime": "0520/113706", "correlationVector":"2WjyYJeJ/KLdXPsVINZVzA.4","action":"ProcessGetUpdates", "result":"Done", "context":{"dataType":"Edge Hub App Usage", "deleted":"0", "process_failed_to_decrypt":"0", "process_pending_decryption":"0", "process_success":"1", "total":"1"}}
{"logTime": "0520/113706", "correlationVector":"2WjyYJeJ/KLdXPsVINZVzA.5","action":"GetUpdates Response", "result":"Success", "context":Received 250 update(s). cV=2WjyYJeJ/KLdXPsVINZVzA.0;server=akswtt10000001h;cloudType=Consumer;environment=Prod_brazilsouth_prod-s01-034-sam-brazilsouth;migrationStage=NotStarted Some updates remain.}
{"logTime": "0520/113706", "correlationVector":"DIN8qy1ozN+lTONi/B6/2l","action":"Initial GetUpdates", "result":"", "context":Reason: NEWLY_SUPPORTED_DATATYPE. cV=DIN8qy1ozN+lTONi/B6/2l}
{"logTime": "0520/113715", "correlationVector":"DIN8qy1ozN+lTONi/B6/2l.1","action":"SyncServerConnectionManagerRequest", "result":"SYNC_SERVER_OK", "context":{"environment":"Prod_brazilsouth_prod-s01-034-sam-brazilsouth", "migrationStage":"NotStarted", "server":"akswtt10000001l"}}
{"logTime": "0520/113715", "correlationVector":"DIN8qy1ozN+lTONi/B6/2l.2","action":"ProcessGetUpdates", "result":"Done", "context":{"dataType":"Sessions", "deleted":"27", "process_failed_to_decrypt":"0", "process_pending_decryption":"0", "process_success":"250", "total":"250"}}
{"logTime": "0520/113715", "correlationVector":"DIN8qy1ozN+lTONi/B6/2l.3","action":"GetUpdates Response", "result":"Success", "context":Received 250 update(s). cV=DIN8qy1ozN+lTONi/B6/2l.0;server=akswtt10000001l;cloudType=Consumer;environment=Prod_brazilsouth_prod-s01-034-sam-brazilsouth;migrationStage=NotStarted Some updates remain.}
{"logTime": "0520/113715", "correlationVector":"+mZAzx5nfS29efMJ/8BigU","action":"Initial GetUpdates", "result":"", "context":Reason: NEWLY_SUPPORTED_DATATYPE. cV=+mZAzx5nfS29efMJ/8BigU}
{"logTime": "0520/113715", "correlationVector":"+mZAzx5nfS29efMJ/8BigU.1","action":"SyncServerConnectionManagerRequest", "result":"SYNC_SERVER_OK", "context":{"environment":"Prod_brazilsouth_prod-s01-034-sam-brazilsouth", "migrationStage":"NotStarted", "server":"akswtt100000006"}}
{"logTime": "0520/113715", "correlationVector":"+mZAzx5nfS29efMJ/8BigU.2","action":"ProcessGetUpdates", "result":"Done", "context":{"dataType":"Sessions", "deleted":"42", "process_failed_to_decrypt":"0", "process_pending_decryption":"0", "process_success":"250", "total":"250"}}
{"logTime": "0520/113715", "correlationVector":"+mZAzx5nfS29efMJ/8BigU.3","action":"GetUpdates Response", "result":"Success", "context":Received 250 update(s). cV=+mZAzx5nfS29efMJ/8BigU.0;server=akswtt100000006;cloudType=Consumer;environment=Prod_brazilsouth_prod-s01-034-sam-brazilsouth;migrationStage=NotStarted Some updates remain.}
{"logTime": "0520/113715", "correlationVector":"rXBOsOOOW73bnQNurpU6k+","action":"Initial GetUpdates", "result":"", "context":Reason: NEWLY_SUPPORTED_DATATYPE. cV=rXBOsOOOW73bnQNurpU6k+}
{"logTime": "0520/113716", "correlationVector":"rXBOsOOOW73bnQNurpU6k+.1","action":"SyncServerConnectionManagerRequest", "result":"SYNC_SERVER_OK", "context":{"environment":"Prod_brazilsouth_prod-s01-034-sam-brazilsouth", "migrationStage":"NotStarted", "server":"akswtt10000001o"}}
{"logTime": "0520/113716", "correlationVector":"rXBOsOOOW73bnQNurpU6k+.2","action":"ProcessGetUpdates", "result":"Done", "context":{"dataType":"Extensions", "deleted":"0", "process_failed_to_decrypt":"0", "process_pending_decryption":"0", "process_success":"1", "total":"1"}}
{"logTime": "0520/113716", "correlationVector":"rXBOsOOOW73bnQNurpU6k+.3","action":"ProcessGetUpdates", "result":"Done", "context":{"dataType":"Sessions", "deleted":"58", "process_failed_to_decrypt":"0", "process_pending_decryption":"0", "process_success":"249", "total":"249"}}
{"logTime": "0520/113716", "correlationVector":"rXBOsOOOW73bnQNurpU6k+.4","action":"GetUpdates Response", "result":"Success", "context":Received 250 update(s). cV=rXBOsOOOW73bnQNurpU6k+.0;server=akswtt10000001o;cloudType=Consumer;environment=Prod_brazilsouth_prod-s01-034-sam-brazilsouth;migrationStage=NotStarted Some updates remain.}
{"logTime": "0520/113716", "correlationVector":"auskYtcWjLKOBbD9YLSIA4","action":"Initial GetUpdates", "result":"", "context":Reason: NEWLY_SUPPORTED_DATATYPE. cV=auskYtcWjLKOBbD9YLSIA4}
{"logTime": "0520/113717", "correlationVector":"auskYtcWjLKOBbD9YLSIA4.1","action":"SyncServerConnectionManagerRequest", "result":"SYNC_SERVER_OK", "context":{"environment":"Prod_brazilsouth_prod-s01-034-sam-brazilsouth", "migrationStage":"NotStarted", "server":"akswtt10000001h"}}
{"logTime": "0520/113717", "correlationVector":"auskYtcWjLKOBbD9YLSIA4.2","action":"ProcessGetUpdates", "result":"Done", "context":{"dataType":"Sessions", "deleted":"42", "process_failed_to_decrypt":"0", "process_pending_decryption":"0", "process_success":"250", "total":"250"}}
{"logTime": "0520/113717", "correlationVector":"auskYtcWjLKOBbD9YLSIA4.3","action":"GetUpdates Response", "result":"Success", "context":Received 250 update(s). cV=auskYtcWjLKOBbD9YLSIA4.0;server=akswtt10000001h;cloudType=Consumer;environment=Prod_brazilsouth_prod-s01-034-sam-brazilsouth;migrationStage=NotStarted Some updates remain.}
{"logTime": "0520/113717", "correlationVector":"KXtfewTebWoK//AH/+WmgT","action":"Initial GetUpdates", "result":"", "context":Reason: NEWLY_SUPPORTED_DATATYPE. cV=KXtfewTebWoK//AH/+WmgT}
{"logTime": "0520/113717", "correlationVector":"KXtfewTebWoK//AH/+WmgT.1","action":"SyncServerConnectionManagerRequest", "result":"SYNC_SERVER_OK", "context":{"environment":"Prod_brazilsouth_prod-s01-034-sam-brazilsouth", "migrationStage":"NotStarted", "server":"akswtt10000000h"}}
{"logTime": "0520/113717", "correlationVector":"KXtfewTebWoK//AH/+WmgT.2","action":"ProcessGetUpdates", "result":"Done", "context":{"dataType":"Autofill", "deleted":"0", "process_failed_to_decrypt":"0", "process_pending_decryption":"0", "process_success":"6", "total":"6"}}
{"logTime": "0520/113717", "correlationVector":"KXtfewTebWoK//AH/+WmgT.3","action":"ProcessGetUpdates", "result":"Done", "context":{"dataType":"Sessions", "deleted":"19", "process_failed_to_decrypt":"0", "process_pending_decryption":"0", "process_success":"102", "total":"102"}}
{"logTime": "0520/113717", "correlationVector":"KXtfewTebWoK//AH/+WmgT.4","action":"ProcessGetUpdates", "result":"Done", "context":{"dataType":"Extension settings", "deleted":"0", "process_failed_to_decrypt":"0", "process_pending_decryption":"0", "process_success":"1", "total":"1"}}
{"logTime": "0520/113717", "correlationVector":"KXtfewTebWoK//AH/+WmgT.5","action":"GetUpdates Response", "result":"Success", "context":Received 109 update(s). cV=KXtfewTebWoK//AH/+WmgT.0;server=akswtt10000000h;cloudType=Consumer;environment=Prod_brazilsouth_prod-s01-034-sam-brazilsouth;migrationStage=NotStarted}
{"logTime": "0520/113717", "correlationVector":"kHbOEfZ0YmPXNkY9N9L6iF","action":"Initial GetUpdates", "result":"", "context":Reason: NEWLY_SUPPORTED_DATATYPE. cV=kHbOEfZ0YmPXNkY9N9L6iF}
{"logTime": "0520/113718", "correlationVector":"kHbOEfZ0YmPXNkY9N9L6iF.1","action":"SyncServerConnectionManagerRequest", "result":"SYNC_SERVER_OK", "context":{"environment":"Prod_brazilsouth_prod-s01-034-sam-brazilsouth", "migrationStage":"NotStarted", "server":"akswtt10000000h"}}
{"logTime": "0520/113718", "correlationVector":"kHbOEfZ0YmPXNkY9N9L6iF.2","action":"ProcessGetUpdates", "result":"Done", "context":{"dataType":"History", "deleted":"0", "process_failed_to_decrypt":"0", "process_pending_decryption":"0", "process_success":"250", "total":"250"}}
{"logTime": "0520/113718", "correlationVector":"kHbOEfZ0YmPXNkY9N9L6iF.3","action":"GetUpdates Response", "result":"Success", "context":Received 250 update(s). cV=kHbOEfZ0YmPXNkY9N9L6iF.0;server=akswtt10000000h;cloudType=Consumer;environment=Prod_brazilsouth_prod-s01-034-sam-brazilsouth;migrationStage=NotStarted Some updates remain.}
{"logTime": "0520/113718", "correlationVector":"w0qE246pGefShIU31isTpU","action":"Initial GetUpdates", "result":"", "context":Reason: NEWLY_SUPPORTED_DATATYPE. cV=w0qE246pGefShIU31isTpU}
{"logTime": "0520/113719", "correlationVector":"w0qE246pGefShIU31isTpU.1","action":"SyncServerConnectionManagerRequest", "result":"SYNC_SERVER_OK", "context":{"environment":"Prod_brazilsouth_prod-s01-034-sam-brazilsouth", "migrationStage":"NotStarted", "server":"akswtt100000005"}}
{"logTime": "0520/113719", "correlationVector":"w0qE246pGefShIU31isTpU.2","action":"ProcessGetUpdates", "result":"Done", "context":{"dataType":"History", "deleted":"0", "process_failed_to_decrypt":"0", "process_pending_decryption":"0", "process_success":"250", "total":"250"}}
{"logTime": "0520/113719", "correlationVector":"w0qE246pGefShIU31isTpU.3","action":"GetUpdates Response", "result":"Success", "context":Received 250 update(s). cV=w0qE246pGefShIU31isTpU.0;server=akswtt100000005;cloudType=Consumer;environment=Prod_brazilsouth_prod-s01-034-sam-brazilsouth;migrationStage=NotStarted Some updates remain.}
{"logTime": "0520/113719", "correlationVector":"BSWXlxO5xRxyoQRSz5pVEH","action":"Initial GetUpdates", "result":"", "context":Reason: NEWLY_SUPPORTED_DATATYPE. cV=BSWXlxO5xRxyoQRSz5pVEH}
{"logTime": "0520/113721", "correlationVector":"BSWXlxO5xRxyoQRSz5pVEH.1","action":"SyncServerConnectionManagerRequest", "result":"SYNC_SERVER_OK", "context":{"environment":"Prod_brazilsouth_prod-s01-034-sam-brazilsouth", "migrationStage":"NotStarted", "server":"akswtt10000001t"}}
{"logTime": "0520/113721", "correlationVector":"BSWXlxO5xRxyoQRSz5pVEH.2","action":"ProcessGetUpdates", "result":"Done", "context":{"dataType":"History", "deleted":"0", "process_failed_to_decrypt":"0", "process_pending_decryption":"0", "process_success":"250", "total":"250"}}
{"logTime": "0520/113721", "correlationVector":"BSWXlxO5xRxyoQRSz5pVEH.3","action":"GetUpdates Response", "result":"Success", "context":Received 250 update(s). cV=BSWXlxO5xRxyoQRSz5pVEH.0;server=akswtt10000001t;cloudType=Consumer;environment=Prod_brazilsouth_prod-s01-034-sam-brazilsouth;migrationStage=NotStarted Some updates remain.}
{"logTime": "0520/113721", "correlationVector":"fS6nNiX7ioXb7/O3h8VorI","action":"Initial GetUpdates", "result":"", "context":Reason: NEWLY_SUPPORTED_DATATYPE. cV=fS6nNiX7ioXb7/O3h8VorI}
{"logTime": "0520/113722", "correlationVector":"fS6nNiX7ioXb7/O3h8VorI.1","action":"SyncServerConnectionManagerRequest", "result":"SYNC_SERVER_OK", "context":{"environment":"Prod_brazilsouth_prod-s01-034-sam-brazilsouth", "migrationStage":"NotStarted", "server":"akswtt10000001o"}}
{"logTime": "0520/113722", "correlationVector":"fS6nNiX7ioXb7/O3h8VorI.2","action":"ProcessGetUpdates", "result":"Done", "context":{"dataType":"History", "deleted":"0", "process_failed_to_decrypt":"0", "process_pending_decryption":"0", "process_success":"250", "total":"250"}}
{"logTime": "0520/113722", "correlationVector":"fS6nNiX7ioXb7/O3h8VorI.3","action":"GetUpdates Response", "result":"Success", "context":Received 250 update(s). cV=fS6nNiX7ioXb7/O3h8VorI.0;server=akswtt10000001o;cloudType=Consumer;environment=Prod_brazilsouth_prod-s01-034-sam-brazilsouth;migrationStage=NotStarted Some updates remain.}
{"logTime": "0520/113722", "correlationVector":"kE/lFNP4mwWMt3HPue3NZe","action":"Initial GetUpdates", "result":"", "context":Reason: NEWLY_SUPPORTED_DATATYPE. cV=kE/lFNP4mwWMt3HPue3NZe}
{"logTime": "0520/113722", "correlationVector":"kE/lFNP4mwWMt3HPue3NZe.1","action":"SyncServerConnectionManagerRequest", "result":"SYNC_SERVER_OK", "context":{"environment":"Prod_brazilsouth_prod-s01-034-sam-brazilsouth", "migrationStage":"NotStarted", "server":"akswtt10000001l"}}
{"logTime": "0520/113722", "correlationVector":"kE/lFNP4mwWMt3HPue3NZe.2","action":"ProcessGetUpdates", "result":"Done", "context":{"dataType":"History", "deleted":"0", "process_failed_to_decrypt":"0", "process_pending_decryption":"0", "process_success":"250", "total":"250"}}
{"logTime": "0520/113722", "correlationVector":"kE/lFNP4mwWMt3HPue3NZe.3","action":"GetUpdates Response", "result":"Success", "context":Received 250 update(s). cV=kE/lFNP4mwWMt3HPue3NZe.0;server=akswtt10000001l;cloudType=Consumer;environment=Prod_brazilsouth_prod-s01-034-sam-brazilsouth;migrationStage=NotStarted Some updates remain.}
{"logTime": "0520/113722", "correlationVector":"GpfIptiybvIBFsz/aopbTD","action":"Initial GetUpdates", "result":"", "context":Reason: NEWLY_SUPPORTED_DATATYPE. cV=GpfIptiybvIBFsz/aopbTD}
{"logTime": "0520/113724", "correlationVector":"GpfIptiybvIBFsz/aopbTD.1","action":"SyncServerConnectionManagerRequest", "result":"SYNC_SERVER_OK", "context":{"environment":"Prod_brazilsouth_prod-s01-034-sam-brazilsouth", "migrationStage":"NotStarted", "server":"akswtt10000001g"}}
{"logTime": "0520/113724", "correlationVector":"GpfIptiybvIBFsz/aopbTD.2","action":"ProcessGetUpdates", "result":"Done", "context":{"dataType":"History", "deleted":"0", "process_failed_to_decrypt":"0", "process_pending_decryption":"0", "process_success":"250", "total":"250"}}
{"logTime": "0520/113724", "correlationVector":"GpfIptiybvIBFsz/aopbTD.3","action":"GetUpdates Response", "result":"Success", "context":Received 250 update(s). cV=GpfIptiybvIBFsz/aopbTD.0;server=akswtt10000001g;cloudType=Consumer;environment=Prod_brazilsouth_prod-s01-034-sam-brazilsouth;migrationStage=NotStarted Some updates remain.}
{"logTime": "0520/113724", "correlationVector":"GMC5WyPgBCZDfE7n+Fk4y+","action":"Initial GetUpdates", "result":"", "context":Reason: NEWLY_SUPPORTED_DATATYPE. cV=GMC5WyPgBCZDfE7n+Fk4y+}
{"logTime": "0520/113724", "correlationVector":"GMC5WyPgBCZDfE7n+Fk4y+.1","action":"SyncServerConnectionManagerRequest", "result":"SYNC_SERVER_OK", "context":{"environment":"Prod_brazilsouth_prod-s01-034-sam-brazilsouth", "migrationStage":"NotStarted", "server":"akswtt10000001m"}}
{"logTime": "0520/113724", "correlationVector":"GMC5WyPgBCZDfE7n+Fk4y+.2","action":"ProcessGetUpdates", "result":"Done", "context":{"dataType":"History", "deleted":"0", "process_failed_to_decrypt":"0", "process_pending_decryption":"0", "process_success":"250", "total":"250"}}
{"logTime": "0520/113724", "correlationVector":"GMC5WyPgBCZDfE7n+Fk4y+.3","action":"GetUpdates Response", "result":"Success", "context":Received 250 update(s). cV=GMC5WyPgBCZDfE7n+Fk4y+.0;server=akswtt10000001m;cloudType=Consumer;environment=Prod_brazilsouth_prod-s01-034-sam-brazilsouth;migrationStage=NotStarted Some updates remain.}
{"logTime": "0520/113724", "correlationVector":"oUcSPpVQsoLXicrtjfXqZL","action":"Initial GetUpdates", "result":"", "context":Reason: NEWLY_SUPPORTED_DATATYPE. cV=oUcSPpVQsoLXicrtjfXqZL}
{"logTime": "0520/113725", "correlationVector":"oUcSPpVQsoLXicrtjfXqZL.1","action":"SyncServerConnectionManagerRequest", "result":"SYNC_SERVER_OK", "context":{"environment":"Prod_brazilsouth_prod-s01-034-sam-brazilsouth", "migrationStage":"NotStarted", "server":"akswtt10000001g"}}
{"logTime": "0520/113725", "correlationVector":"oUcSPpVQsoLXicrtjfXqZL.2","action":"ProcessGetUpdates", "result":"Done", "context":{"dataType":"History", "deleted":"0", "process_failed_to_decrypt":"0", "process_pending_decryption":"0", "process_success":"250", "total":"250"}}
{"logTime": "0520/113725", "correlationVector":"oUcSPpVQsoLXicrtjfXqZL.3","action":"GetUpdates Response", "result":"Success", "context":Received 250 update(s). cV=oUcSPpVQsoLXicrtjfXqZL.0;server=akswtt10000001g;cloudType=Consumer;environment=Prod_brazilsouth_prod-s01-034-sam-brazilsouth;migrationStage=NotStarted Some updates remain.}
{"logTime": "0520/113725", "correlationVector":"K7s7RjUL82QJ+KRUVUqqwH","action":"Initial GetUpdates", "result":"", "context":Reason: NEWLY_SUPPORTED_DATATYPE. cV=K7s7RjUL82QJ+KRUVUqqwH}
{"logTime": "0520/113725", "correlationVector":"K7s7RjUL82QJ+KRUVUqqwH.1","action":"SyncServerConnectionManagerRequest", "result":"SYNC_SERVER_OK", "context":{"environment":"Prod_brazilsouth_prod-s01-034-sam-brazilsouth", "migrationStage":"NotStarted", "server":"akswtt100000005"}}
{"logTime": "0520/113725", "correlationVector":"K7s7RjUL82QJ+KRUVUqqwH.2","action":"ProcessGetUpdates", "result":"Done", "context":{"dataType":"History", "deleted":"0", "process_failed_to_decrypt":"0", "process_pending_decryption":"0", "process_success":"35", "total":"35"}}
{"logTime": "0520/113725", "correlationVector":"K7s7RjUL82QJ+KRUVUqqwH.3","action":"GetUpdates Response", "result":"Success", "context":Received 35 update(s). cV=K7s7RjUL82QJ+KRUVUqqwH.0;server=akswtt100000005;cloudType=Consumer;environment=Prod_brazilsouth_prod-s01-034-sam-brazilsouth;migrationStage=NotStarted}
{"logTime": "0520/113725", "correlationVector":"pYHkK+pNIn3bCdbUfb8MMv","action":"Normal GetUpdate request", "result":"", "context":cV=pYHkK+pNIn3bCdbUfb8MMv
Nudged types: Sessions, Extension settings, Device Info, User Consents, History
Refresh requested types: Bookmarks, Preferences, Passwords, Autofill Profiles, Autofill, Extensions, Sessions, Extension settings, History Delete Directives, Device Info, User Consents, Send Tab To Self, Web Apps, History, Saved Tab Group, WebAuthn Credentials, Collection, Edge E Drop, Edge Hub App Usage, Edge Wallet, Edge Workspace, Encryption Keys}
{"logTime": "0520/113727", "correlationVector":"pYHkK+pNIn3bCdbUfb8MMv.1","action":"SyncServerConnectionManagerRequest", "result":"SYNC_SERVER_OK", "context":{"environment":"Prod_brazilsouth_prod-s01-034-sam-brazilsouth", "migrationStage":"NotStarted", "server":"akswtt10000001g"}}
{"logTime": "0520/113727", "correlationVector":"pYHkK+pNIn3bCdbUfb8MMv.2","action":"GetUpdates Response", "result":"Success", "context":Received 0 update(s). cV=pYHkK+pNIn3bCdbUfb8MMv.0;server=akswtt10000001g;cloudType=Consumer;environment=Prod_brazilsouth_prod-s01-034-sam-brazilsouth;migrationStage=NotStarted}
{"logTime": "0520/113727", "correlationVector":"PUGSn2wnSzBWrigCoBspW8","action":"Commit Request", "result":"", "context":Item count: 30
Contributing types: Sessions, Extension settings, Device Info, User Consents, History}
{"logTime": "0520/113735", "correlationVector":"PUGSn2wnSzBWrigCoBspW8.1","action":"SyncServerConnectionManagerRequest", "result":"SYNC_SERVER_OK", "context":{"environment":"Prod_brazilsouth_prod-s01-034-sam-brazilsouth", "migrationStage":"NotStarted", "server":"akswtt10000001r"}}
{"logTime": "0520/113735", "correlationVector":"PUGSn2wnSzBWrigCoBspW8.2","action":"Commit Response", "result":"Success", "context":Result: Success. cV=PUGSn2wnSzBWrigCoBspW8.0;server=akswtt10000001r;cloudType=Consumer;environment=Prod_brazilsouth_prod-s01-034-sam-brazilsouth;migrationStage=NotStarted}
{"logTime": "0520/113735", "correlationVector":"7W0uVWL/E4RIFbPm2PEyu0","action":"Commit Request", "result":"", "context":Item count: 16
Contributing types: Sessions, History}
{"logTime": "0520/113740", "correlationVector":"7W0uVWL/E4RIFbPm2PEyu0.1","action":"SyncServerConnectionManagerRequest", "result":"SYNC_SERVER_OK", "context":{"environment":"Prod_brazilsouth_prod-s01-034-sam-brazilsouth", "migrationStage":"NotStarted", "server":"akswtt100000006"}}
{"logTime": "0520/113740", "correlationVector":"7W0uVWL/E4RIFbPm2PEyu0.2","action":"Commit Response", "result":"Success", "context":Result: Success. cV=7W0uVWL/E4RIFbPm2PEyu0.0;server=akswtt100000006;cloudType=Consumer;environment=Prod_brazilsouth_prod-s01-034-sam-brazilsouth;migrationStage=NotStarted}
{"logTime": "0520/113755", "correlationVector":"BC6/4LYNvaejza2q4vYprA","action":"Commit Request", "result":"", "context":Item count: 40
Contributing types: Passwords}
{"logTime": "0520/113804", "correlationVector":"BC6/4LYNvaejza2q4vYprA.1","action":"SyncServerConnectionManagerRequest", "result":"SYNC_SERVER_OK", "context":{"environment":"Prod_brazilsouth_prod-s01-034-sam-brazilsouth", "migrationStage":"NotStarted", "server":"akswtt10000001g"}}
{"logTime": "0520/113804", "correlationVector":"BC6/4LYNvaejza2q4vYprA.2","action":"Commit Response", "result":"Success", "context":Result: Success. cV=BC6/4LYNvaejza2q4vYprA.0;server=akswtt10000001g;cloudType=Consumer;environment=Prod_brazilsouth_prod-s01-034-sam-brazilsouth;migrationStage=NotStarted}
{"logTime": "0520/113804", "correlationVector":"Td8TWZmyMpr11+H7TCPyS+","action":"Commit Request", "result":"", "context":Item count: 40
Contributing types: Passwords}
