2026-05-20 11:42:46.003: [INFO] VisibilityChanged: 0
2026-05-20 11:42:46.113: [INFO] RecordSyncInitDuration has_sync_been_enabled: 0 state: 0
2026-05-20 11:42:46.114: [INFO] RecordSyncInitDuration has_sync_been_enabled: 0 state: 0
2026-05-20 11:42:46.115: [INFO] RecordSyncInitDuration has_sync_been_enabled: 0 state: 0
2026-05-20 11:42:46.116: [INFO] RecordSyncInitDuration has_sync_been_enabled: 0 state: 0
2026-05-20 11:42:46.116: [INFO] RecordSyncInitDuration has_sync_been_enabled: 0 state: 0
2026-05-20 11:42:46.117: [INFO] RecordSyncInitDuration has_sync_been_enabled: 0 state: 0
2026-05-20 11:42:46.118: [INFO] RecordSyncInitDuration has_sync_been_enabled: 0 state: 0
2026-05-20 11:42:46.118: [INFO] RecordSyncInitDuration has_sync_been_enabled: 0 state: 0
2026-05-20 11:42:46.119: [INFO] RecordSyncInitDuration has_sync_been_enabled: 0 state: 0
2026-05-20 11:42:46.120: [INFO] RecordSyncInitDuration has_sync_been_enabled: 0 state: 0
2026-05-20 11:42:46.121: [INFO] RecordSyncInitDuration has_sync_been_enabled: 0 state: 0
2026-05-20 11:42:46.121: [INFO] RecordSyncInitDuration has_sync_been_enabled: 0 state: 0
2026-05-20 11:42:46.128: [INFO] BookmarkModelLoaded, ids_reassigned: 0
2026-05-20 11:42:46.128: [INFO] OnDoneLoading sync enabled: 0
2026-05-20 11:42:46.164: [INFO] RecordSyncInitDuration has_sync_been_enabled: 0 state: 0
2026-05-20 11:42:47.117: [INFO] RecordSyncInitDuration has_sync_been_enabled: 0 state: 0
2026-05-20 11:42:47.119: [INFO] RecordSyncInitDuration has_sync_been_enabled: 0 state: 3
2026-05-20 11:42:47.119: [INFO] Primary account changed.
2026-05-20 11:42:47.119: [INFO] OnPrimaryAccountChanged PrimaryAccountChangeEvent::Type::kSet
2026-05-20 11:42:47.123: [INFO] RecordSyncInitDuration has_sync_been_enabled: 0 state: 3
2026-05-20 11:42:47.130: [INFO] RecordSyncInitDuration has_sync_been_enabled: 0 state: 3
