2026-05-20 11:36:54.607: [INFO] VisibilityChanged: 0
2026-05-20 11:36:54.718: [INFO] RecordSyncInitDuration has_sync_been_enabled: 0 state: 0
2026-05-20 11:36:54.718: [INFO] RecordSyncInitDuration has_sync_been_enabled: 0 state: 0
2026-05-20 11:36:54.719: [INFO] RecordSyncInitDuration has_sync_been_enabled: 0 state: 0
2026-05-20 11:36:54.720: [INFO] RecordSyncInitDuration has_sync_been_enabled: 0 state: 0
2026-05-20 11:36:54.721: [INFO] RecordSyncInitDuration has_sync_been_enabled: 0 state: 0
2026-05-20 11:36:54.722: [INFO] RecordSyncInitDuration has_sync_been_enabled: 0 state: 0
2026-05-20 11:36:54.722: [INFO] RecordSyncInitDuration has_sync_been_enabled: 0 state: 0
2026-05-20 11:36:54.723: [INFO] RecordSyncInitDuration has_sync_been_enabled: 0 state: 0
2026-05-20 11:36:54.724: [INFO] RecordSyncInitDuration has_sync_been_enabled: 0 state: 0
2026-05-20 11:36:54.725: [INFO] RecordSyncInitDuration has_sync_been_enabled: 0 state: 0
2026-05-20 11:36:54.725: [INFO] RecordSyncInitDuration has_sync_been_enabled: 0 state: 0
2026-05-20 11:36:54.726: [INFO] RecordSyncInitDuration has_sync_been_enabled: 0 state: 0
2026-05-20 11:36:54.733: [INFO] BookmarkModelLoaded, ids_reassigned: 0
2026-05-20 11:36:54.733: [INFO] OnDoneLoading sync enabled: 0
2026-05-20 11:36:54.770: [INFO] RecordSyncInitDuration has_sync_been_enabled: 0 state: 0
2026-05-20 11:36:56.717: [INFO] RecordSyncInitDuration has_sync_been_enabled: 0 state: 0
2026-05-20 11:36:56.720: [INFO] RecordSyncInitDuration has_sync_been_enabled: 0 state: 3
2026-05-20 11:36:56.721: [INFO] Primary account changed.
2026-05-20 11:36:56.721: [INFO] OnPrimaryAccountChanged PrimaryAccountChangeEvent::Type::kSet
2026-05-20 11:36:56.724: [INFO] RecordSyncInitDuration has_sync_been_enabled: 0 state: 3
2026-05-20 11:36:56.741: [INFO] RecordSyncInitDuration has_sync_been_enabled: 0 state: 3
2026-05-20 11:37:01.186: [INFO] VisibilityChanged: 1
2026-05-20 11:37:01.594: [INFO] BookmarkNodeAdded, ABU: 0
2026-05-20 11:37:01.595: [INFO] BookmarkNodeAdded, ABU: 0
2026-05-20 11:37:01.595: [INFO] BookmarkNodeAdded, ABU: 0
2026-05-20 11:37:01.596: [INFO] BookmarkNodeAdded, ABU: 0
2026-05-20 11:37:01.596: [INFO] BookmarkNodeAdded, ABU: 0
2026-05-20 11:37:01.597: [INFO] BookmarkNodeAdded, ABU: 0
2026-05-20 11:37:01.597: [INFO] BookmarkNodeAdded, ABU: 0
2026-05-20 11:37:01.597: [INFO] BookmarkNodeAdded, ABU: 0
2026-05-20 11:37:01.598: [INFO] BookmarkNodeAdded, ABU: 0
2026-05-20 11:37:01.598: [INFO] BookmarkNodeAdded, ABU: 0
2026-05-20 11:37:01.599: [INFO] BookmarkNodeAdded, ABU: 0
2026-05-20 11:37:01.600: [INFO] BookmarkNodeAdded, ABU: 0
2026-05-20 11:37:01.600: [INFO] BookmarkNodeAdded, ABU: 0
2026-05-20 11:37:01.600: [INFO] BookmarkNodeAdded, ABU: 0
2026-05-20 11:37:01.601: [INFO] BookmarkNodeAdded, ABU: 0
2026-05-20 11:37:01.601: [INFO] BookmarkNodeAdded, ABU: 0
2026-05-20 11:37:01.602: [INFO] BookmarkNodeAdded, ABU: 0
2026-05-20 11:37:01.602: [INFO] BookmarkNodeAdded, ABU: 0
2026-05-20 11:37:01.602: [INFO] BookmarkNodeAdded, ABU: 0
2026-05-20 11:37:01.603: [INFO] BookmarkNodeAdded, ABU: 0
2026-05-20 11:37:01.603: [INFO] BookmarkNodeAdded, ABU: 0
2026-05-20 11:37:01.603: [INFO] BookmarkNodeAdded, ABU: 0
2026-05-20 11:37:01.604: [INFO] BookmarkNodeAdded, ABU: 0
2026-05-20 11:37:01.605: [INFO] BookmarkNodeAdded, ABU: 0
2026-05-20 11:37:01.605: [INFO] BookmarkNodeAdded, ABU: 0
2026-05-20 11:37:01.605: [INFO] BookmarkNodeAdded, ABU: 0
2026-05-20 11:37:01.606: [INFO] BookmarkNodeAdded, ABU: 0
2026-05-20 11:37:01.606: [INFO] BookmarkNodeAdded, ABU: 0
2026-05-20 11:37:01.606: [INFO] BookmarkNodeAdded, ABU: 0
2026-05-20 11:37:01.607: [INFO] BookmarkNodeAdded, ABU: 0
2026-05-20 11:37:01.607: [INFO] BookmarkNodeAdded, ABU: 0
2026-05-20 11:37:01.607: [INFO] BookmarkNodeAdded, ABU: 0
2026-05-20 11:37:01.608: [INFO] BookmarkNodeAdded, ABU: 0
2026-05-20 11:37:01.608: [INFO] BookmarkNodeAdded, ABU: 0
2026-05-20 11:37:01.609: [INFO] BookmarkNodeAdded, ABU: 0
2026-05-20 11:37:01.609: [INFO] BookmarkNodeAdded, ABU: 0
2026-05-20 11:37:01.610: [INFO] BookmarkNodeAdded, ABU: 0
2026-05-20 11:37:01.610: [INFO] BookmarkNodeAdded, ABU: 0
2026-05-20 11:37:01.611: [INFO] BookmarkNodeAdded, ABU: 0
2026-05-20 11:37:01.611: [INFO] BookmarkNodeAdded, ABU: 0
2026-05-20 11:37:01.611: [INFO] BookmarkNodeAdded, ABU: 0
2026-05-20 11:37:01.612: [INFO] BookmarkNodeAdded, ABU: 0
2026-05-20 11:37:01.612: [INFO] BookmarkNodeAdded, ABU: 0
2026-05-20 11:37:01.613: [INFO] BookmarkNodeAdded, ABU: 0
2026-05-20 11:37:01.613: [INFO] BookmarkNodeAdded, ABU: 0
2026-05-20 11:37:01.614: [INFO] BookmarkNodeAdded, ABU: 0
2026-05-20 11:37:01.614: [INFO] BookmarkNodeAdded, ABU: 0
2026-05-20 11:37:01.614: [INFO] BookmarkNodeAdded, ABU: 0
2026-05-20 11:37:01.615: [INFO] BookmarkNodeAdded, ABU: 0
2026-05-20 11:37:01.615: [INFO] BookmarkNodeAdded, ABU: 0
2026-05-20 11:37:01.615: [INFO] BookmarkNodeAdded, ABU: 0
2026-05-20 11:37:01.616: [INFO] BookmarkNodeAdded, ABU: 0
2026-05-20 11:37:01.616: [INFO] BookmarkNodeAdded, ABU: 0
2026-05-20 11:37:01.616: [INFO] BookmarkNodeAdded, ABU: 0
2026-05-20 11:37:01.617: [INFO] BookmarkNodeAdded, ABU: 0
2026-05-20 11:37:01.617: [INFO] BookmarkNodeAdded, ABU: 0
2026-05-20 11:37:01.617: [INFO] BookmarkNodeAdded, ABU: 0
2026-05-20 11:37:01.617: [INFO] BookmarkNodeAdded, ABU: 0
2026-05-20 11:37:01.618: [INFO] BookmarkNodeAdded, ABU: 0
2026-05-20 11:37:01.618: [INFO] BookmarkNodeAdded, ABU: 0
2026-05-20 11:37:01.619: [INFO] BookmarkNodeAdded, ABU: 0
2026-05-20 11:37:01.619: [INFO] BookmarkNodeAdded, ABU: 0
2026-05-20 11:37:01.620: [INFO] BookmarkNodeAdded, ABU: 0
2026-05-20 11:37:01.620: [INFO] BookmarkNodeAdded, ABU: 0
2026-05-20 11:37:01.621: [INFO] BookmarkNodeAdded, ABU: 0
2026-05-20 11:37:01.621: [INFO] BookmarkNodeAdded, ABU: 0
2026-05-20 11:37:01.622: [INFO] BookmarkNodeAdded, ABU: 0
2026-05-20 11:37:01.622: [INFO] BookmarkNodeAdded, ABU: 0
2026-05-20 11:37:01.623: [INFO] BookmarkNodeAdded, ABU: 0
2026-05-20 11:37:01.623: [INFO] BookmarkNodeAdded, ABU: 0
2026-05-20 11:37:01.623: [INFO] BookmarkNodeAdded, ABU: 0
2026-05-20 11:37:01.624: [INFO] BookmarkNodeAdded, ABU: 0
2026-05-20 11:37:01.624: [INFO] BookmarkNodeAdded, ABU: 0
2026-05-20 11:37:01.625: [INFO] BookmarkNodeAdded, ABU: 0
2026-05-20 11:37:01.625: [INFO] BookmarkNodeAdded, ABU: 0
2026-05-20 11:37:01.626: [INFO] BookmarkNodeAdded, ABU: 0
2026-05-20 11:37:01.626: [INFO] BookmarkNodeAdded, ABU: 0
2026-05-20 11:37:01.627: [INFO] BookmarkNodeAdded, ABU: 0
2026-05-20 11:37:01.627: [INFO] BookmarkNodeAdded, ABU: 0
2026-05-20 11:37:01.628: [INFO] BookmarkNodeAdded, ABU: 0
2026-05-20 11:37:01.628: [INFO] BookmarkNodeAdded, ABU: 0
2026-05-20 11:37:01.628: [INFO] BookmarkNodeAdded, ABU: 0
2026-05-20 11:37:01.629: [INFO] BookmarkNodeAdded, ABU: 0
2026-05-20 11:37:17.616: [INFO] Sync initialization duration: 20722ms
