{"logTime": "0520/114338", "correlationVector":"acra12FvXHj98ulLm/kyya.1","action":"SyncServerConnectionManagerRequest", "result":"SYNC_SERVER_OK", "context":{"environment":"Prod_brazilsouth_prod-s01-001-sam-brazilsouth", "migrationStage":"NotStarted", "server":"akswtt004000013"}}
{"logTime": "0520/114338", "correlationVector":"acra12FvXHj98ulLm/kyya.2","action":"ProcessGetUpdates", "result":"Done", "context":{"dataType":"Encryption Keys", "deleted":"0", "process_failed_to_decrypt":"0", "process_pending_decryption":"0", "process_success":"1", "total":"1"}}
{"logTime": "0520/114338", "correlationVector":"kOtXojEmvCZ/Rwh8kqGRFJ","action":"SyncServerConnectionManagerRequest", "result":"SYNC_SERVER_OK", "context":{"environment":"", "migrationStage":"", "server":""}}
{"logTime": "0520/114338", "correlationVector":"kOtXojEmvCZ/Rwh8kqGRFJ.0","action":"EncryptionKeysFetcher.DownloadKeys:", "result":"Success", "context":Key count: 7, Last key timestamp: 2026-02-09T01:20:38Z}
{"logTime": "0520/114338", "correlationVector":"kOtXojEmvCZ/Rwh8kqGRFJ.1","action":"EncryptionKeysManager::SetEncryptionKeys:", "result":"Success", "context":Key names[7]:[TQutwejxrYZ5W09vcSqKDGfKaPquwletOESQWOx2FGe/wJiI6411LbSMvaEJEDkwTg4XL66yHL8WPZ1WHLJ60w==][V4bEF1HBBGXn0QqQBYNNDE1qH0lkFowJ510XjGbcB9ooOkAlNad+KB7uHznNXJeIUpI5wtft5nqhE8GDlfyT9A==][QcO8Cg/lle/ViQ8qUOUtEisMICZLtZ4TRB7tI1VPSKWQ00iZnlhQpoPRFqhIc6jdQAZz65OwJJ5yfEHeVAHRzA==][257cvOaBRRDwlytD6ySOKZn72TTXJTsxvVdSrYa1Y1u3n2W3Uuj2/9yrTLKtrH3Bvqjp8lcBz2WkGMmRuOOnUA==][hcS3DmeZeC2fi5FYpn08+fBrgw31VIBzpJCBYp7/a64GH5lqkA3AaZQaJ3fcpWs8NH8CvZjirPq9LdmgooJUpg==][5wcftUQpbsOpNPjDszDTh7v2GSB7mqMIPpwwvvMVgKClGs9U29gIy209ddGamATeoTyE+9Nxcg0Dy+cfqxX08g==][sdj/9mzE7mmkbvsPdLkLfaJJ4Ll4LqkYHPiCbFkSgp6InZD9Keyz/WaxYsHnOAf9m1pLNNGyz2878fquRPrtKw==]}
{"logTime": "0520/114338", "correlationVector":"kOtXojEmvCZ/Rwh8kqGRFJ.2","action":"EncryptionKeysManager::SetEncryptionKeysWithTimestamps:", "result":"Success", "context":Key timestamps[7]:[2021-07-01T11:42:44Z][2023-02-22T23:39:34Z][2023-12-26T20:16:54Z][2024-06-24T14:18:48Z][2024-12-22T00:09:18Z][2025-07-18T20:11:02Z][2026-02-09T01:20:38Z]}
{"logTime": "0520/114338", "correlationVector":"acra12FvXHj98ulLm/kyya","action":"Initial GetUpdates", "result":"", "context":Reason: NEW_CLIENT. cV=acra12FvXHj98ulLm/kyya}
{"logTime": "0520/114338", "correlationVector":"acra12FvXHj98ulLm/kyya.3","action":"GetUpdates Response", "result":"Success", "context":Received 1 update(s). cV=acra12FvXHj98ulLm/kyya.0;server=akswtt004000013;cloudType=Consumer;environment=Prod_brazilsouth_prod-s01-001-sam-brazilsouth;migrationStage=NotStarted}
{"logTime": "0520/114338", "correlationVector":"bANn+Q1K1OmF6d9LdWCdSm","action":"Initial GetUpdates", "result":"", "context":Reason: NEWLY_SUPPORTED_DATATYPE. cV=bANn+Q1K1OmF6d9LdWCdSm}
{"logTime": "0520/114339", "correlationVector":"bANn+Q1K1OmF6d9LdWCdSm.1","action":"SyncServerConnectionManagerRequest", "result":"SYNC_SERVER_OK", "context":{"environment":"Prod_brazilsouth_prod-s01-001-sam-brazilsouth", "migrationStage":"NotStarted", "server":"akswtt00400000z"}}
{"logTime": "0520/114339", "correlationVector":"bANn+Q1K1OmF6d9LdWCdSm.2","action":"ProcessGetUpdates", "result":"Done", "context":{"dataType":"Preferences", "deleted":"0", "process_failed_to_decrypt":"0", "process_pending_decryption":"0", "process_success":"107", "total":"107"}}
{"logTime": "0520/114339", "correlationVector":"bANn+Q1K1OmF6d9LdWCdSm.3","action":"ProcessGetUpdates", "result":"Done", "context":{"dataType":"Passwords", "deleted":"0", "process_failed_to_decrypt":"0", "process_pending_decryption":"0", "process_success":"17", "total":"17"}}
{"logTime": "0520/114339", "correlationVector":"bANn+Q1K1OmF6d9LdWCdSm.4","action":"ProcessGetUpdates", "result":"Done", "context":{"dataType":"Device Info", "deleted":"0", "process_failed_to_decrypt":"0", "process_pending_decryption":"0", "process_success":"126", "total":"126"}}
{"logTime": "0520/114339", "correlationVector":"bANn+Q1K1OmF6d9LdWCdSm.5","action":"GetUpdates Response", "result":"Success", "context":Received 250 update(s). cV=bANn+Q1K1OmF6d9LdWCdSm.0;server=akswtt00400000z;cloudType=Consumer;environment=Prod_brazilsouth_prod-s01-001-sam-brazilsouth;migrationStage=NotStarted Some updates remain.}
{"logTime": "0520/114339", "correlationVector":"ZVbIDUnN+xSI09zpqNKVPW","action":"Initial GetUpdates", "result":"", "context":Reason: NEWLY_SUPPORTED_DATATYPE. cV=ZVbIDUnN+xSI09zpqNKVPW}
{"logTime": "0520/114340", "correlationVector":"ZVbIDUnN+xSI09zpqNKVPW.1","action":"SyncServerConnectionManagerRequest", "result":"SYNC_SERVER_OK", "context":{"environment":"Prod_brazilsouth_prod-s01-001-sam-brazilsouth", "migrationStage":"NotStarted", "server":"akswtt004000014"}}
{"logTime": "0520/114340", "correlationVector":"ZVbIDUnN+xSI09zpqNKVPW.2","action":"ProcessGetUpdates", "result":"Done", "context":{"dataType":"Preferences", "deleted":"0", "process_failed_to_decrypt":"0", "process_pending_decryption":"0", "process_success":"1", "total":"1"}}
{"logTime": "0520/114340", "correlationVector":"ZVbIDUnN+xSI09zpqNKVPW.3","action":"ProcessGetUpdates", "result":"Done", "context":{"dataType":"Passwords", "deleted":"0", "process_failed_to_decrypt":"0", "process_pending_decryption":"0", "process_success":"224", "total":"224"}}
{"logTime": "0520/114340", "correlationVector":"ZVbIDUnN+xSI09zpqNKVPW.4","action":"ProcessGetUpdates", "result":"Done", "context":{"dataType":"Device Info", "deleted":"0", "process_failed_to_decrypt":"0", "process_pending_decryption":"0", "process_success":"25", "total":"25"}}
{"logTime": "0520/114340", "correlationVector":"ZVbIDUnN+xSI09zpqNKVPW.5","action":"GetUpdates Response", "result":"Success", "context":Received 250 update(s). cV=ZVbIDUnN+xSI09zpqNKVPW.0;server=akswtt004000014;cloudType=Consumer;environment=Prod_brazilsouth_prod-s01-001-sam-brazilsouth;migrationStage=NotStarted Some updates remain.}
{"logTime": "0520/114340", "correlationVector":"rm0hqBkUwNqrtDWsUpEnmU","action":"Initial GetUpdates", "result":"", "context":Reason: NEWLY_SUPPORTED_DATATYPE. cV=rm0hqBkUwNqrtDWsUpEnmU}
{"logTime": "0520/114340", "correlationVector":"rm0hqBkUwNqrtDWsUpEnmU.1","action":"SyncServerConnectionManagerRequest", "result":"SYNC_SERVER_OK", "context":{"environment":"Prod_brazilsouth_prod-s01-001-sam-brazilsouth", "migrationStage":"NotStarted", "server":"akswtt004000013"}}
{"logTime": "0520/114340", "correlationVector":"rm0hqBkUwNqrtDWsUpEnmU.2","action":"ProcessGetUpdates", "result":"Done", "context":{"dataType":"Passwords", "deleted":"0", "process_failed_to_decrypt":"0", "process_pending_decryption":"0", "process_success":"33", "total":"33"}}
{"logTime": "0520/114340", "correlationVector":"rm0hqBkUwNqrtDWsUpEnmU.3","action":"GetUpdates Response", "result":"Success", "context":Received 33 update(s). cV=rm0hqBkUwNqrtDWsUpEnmU.0;server=akswtt004000013;cloudType=Consumer;environment=Prod_brazilsouth_prod-s01-001-sam-brazilsouth;migrationStage=NotStarted}
{"logTime": "0520/114340", "correlationVector":"zcYaSeIgAQF1KUaConFEMz","action":"Initial GetUpdates", "result":"", "context":Reason: NEWLY_SUPPORTED_DATATYPE. cV=zcYaSeIgAQF1KUaConFEMz}
{"logTime": "0520/114341", "correlationVector":"zcYaSeIgAQF1KUaConFEMz.1","action":"SyncServerConnectionManagerRequest", "result":"SYNC_SERVER_OK", "context":{"environment":"Prod_brazilsouth_prod-s01-001-sam-brazilsouth", "migrationStage":"NotStarted", "server":"akswtt004000015"}}
{"logTime": "0520/114341", "correlationVector":"zcYaSeIgAQF1KUaConFEMz.2","action":"ProcessGetUpdates", "result":"Done", "context":{"dataType":"Bookmarks", "deleted":"0", "process_failed_to_decrypt":"0", "process_pending_decryption":"0", "process_success":"89", "total":"89"}}
{"logTime": "0520/114341", "correlationVector":"zcYaSeIgAQF1KUaConFEMz.3","action":"GetUpdates Response", "result":"Success", "context":Received 89 update(s). cV=zcYaSeIgAQF1KUaConFEMz.0;server=akswtt004000015;cloudType=Consumer;environment=Prod_brazilsouth_prod-s01-001-sam-brazilsouth;migrationStage=NotStarted}
{"logTime": "0520/114341", "correlationVector":"0hW6FpDFSi/guYh8JsCokr","action":"Initial GetUpdates", "result":"", "context":Reason: NEWLY_SUPPORTED_DATATYPE. cV=0hW6FpDFSi/guYh8JsCokr}
{"logTime": "0520/114342", "correlationVector":"0hW6FpDFSi/guYh8JsCokr.1","action":"SyncServerConnectionManagerRequest", "result":"SYNC_SERVER_OK", "context":{"environment":"Prod_brazilsouth_prod-s01-001-sam-brazilsouth", "migrationStage":"NotStarted", "server":"akswtt004000013"}}
{"logTime": "0520/114342", "correlationVector":"0hW6FpDFSi/guYh8JsCokr.2","action":"ProcessGetUpdates", "result":"Done", "context":{"dataType":"Autofill Profiles", "deleted":"0", "process_failed_to_decrypt":"0", "process_pending_decryption":"0", "process_success":"1", "total":"1"}}
{"logTime": "0520/114342", "correlationVector":"0hW6FpDFSi/guYh8JsCokr.3","action":"ProcessGetUpdates", "result":"Done", "context":{"dataType":"Autofill", "deleted":"0", "process_failed_to_decrypt":"0", "process_pending_decryption":"0", "process_success":"235", "total":"235"}}
{"logTime": "0520/114342", "correlationVector":"0hW6FpDFSi/guYh8JsCokr.4","action":"ProcessGetUpdates", "result":"Done", "context":{"dataType":"Extensions", "deleted":"0", "process_failed_to_decrypt":"0", "process_pending_decryption":"0", "process_success":"5", "total":"5"}}
{"logTime": "0520/114342", "correlationVector":"0hW6FpDFSi/guYh8JsCokr.5","action":"ProcessGetUpdates", "result":"Done", "context":{"dataType":"Extension settings", "deleted":"0", "process_failed_to_decrypt":"0", "process_pending_decryption":"0", "process_success":"7", "total":"7"}}
{"logTime": "0520/114342", "correlationVector":"0hW6FpDFSi/guYh8JsCokr.6","action":"ProcessGetUpdates", "result":"Done", "context":{"dataType":"Collection", "deleted":"0", "process_failed_to_decrypt":"0", "process_pending_decryption":"0", "process_success":"2", "total":"2"}}
{"logTime": "0520/114342", "correlationVector":"0hW6FpDFSi/guYh8JsCokr.7","action":"GetUpdates Response", "result":"Success", "context":Received 250 update(s). cV=0hW6FpDFSi/guYh8JsCokr.0;server=akswtt004000013;cloudType=Consumer;environment=Prod_brazilsouth_prod-s01-001-sam-brazilsouth;migrationStage=NotStarted Some updates remain.}
{"logTime": "0520/114342", "correlationVector":"odLYthvTAxMPexBAUq94X1","action":"Initial GetUpdates", "result":"", "context":Reason: NEWLY_SUPPORTED_DATATYPE. cV=odLYthvTAxMPexBAUq94X1}
{"logTime": "0520/114343", "correlationVector":"odLYthvTAxMPexBAUq94X1.1","action":"SyncServerConnectionManagerRequest", "result":"SYNC_SERVER_OK", "context":{"environment":"Prod_brazilsouth_prod-s01-001-sam-brazilsouth", "migrationStage":"NotStarted", "server":"akswtt004000015"}}
{"logTime": "0520/114343", "correlationVector":"odLYthvTAxMPexBAUq94X1.2","action":"ProcessGetUpdates", "result":"Done", "context":{"dataType":"Autofill", "deleted":"0", "process_failed_to_decrypt":"0", "process_pending_decryption":"0", "process_success":"250", "total":"250"}}
{"logTime": "0520/114343", "correlationVector":"odLYthvTAxMPexBAUq94X1.3","action":"GetUpdates Response", "result":"Success", "context":Received 250 update(s). cV=odLYthvTAxMPexBAUq94X1.0;server=akswtt004000015;cloudType=Consumer;environment=Prod_brazilsouth_prod-s01-001-sam-brazilsouth;migrationStage=NotStarted Some updates remain.}
{"logTime": "0520/114343", "correlationVector":"CHWx7DbUBH8CaWmuMN9JGT","action":"Initial GetUpdates", "result":"", "context":Reason: NEWLY_SUPPORTED_DATATYPE. cV=CHWx7DbUBH8CaWmuMN9JGT}
{"logTime": "0520/114344", "correlationVector":"CHWx7DbUBH8CaWmuMN9JGT.1","action":"SyncServerConnectionManagerRequest", "result":"SYNC_SERVER_OK", "context":{"environment":"Prod_brazilsouth_prod-s01-001-sam-brazilsouth", "migrationStage":"NotStarted", "server":"akswtt004000015"}}
{"logTime": "0520/114344", "correlationVector":"CHWx7DbUBH8CaWmuMN9JGT.2","action":"ProcessGetUpdates", "result":"Done", "context":{"dataType":"Autofill", "deleted":"0", "process_failed_to_decrypt":"0", "process_pending_decryption":"0", "process_success":"208", "total":"208"}}
{"logTime": "0520/114344", "correlationVector":"CHWx7DbUBH8CaWmuMN9JGT.3","action":"ProcessGetUpdates", "result":"Done", "context":{"dataType":"Extensions", "deleted":"0", "process_failed_to_decrypt":"0", "process_pending_decryption":"0", "process_success":"1", "total":"1"}}
{"logTime": "0520/114344", "correlationVector":"CHWx7DbUBH8CaWmuMN9JGT.4","action":"ProcessGetUpdates", "result":"Done", "context":{"dataType":"Sessions", "deleted":"36", "process_failed_to_decrypt":"0", "process_pending_decryption":"0", "process_success":"36", "total":"36"}}
{"logTime": "0520/114344", "correlationVector":"CHWx7DbUBH8CaWmuMN9JGT.5","action":"ProcessGetUpdates", "result":"Done", "context":{"dataType":"Web Apps", "deleted":"0", "process_failed_to_decrypt":"0", "process_pending_decryption":"0", "process_success":"1", "total":"1"}}
{"logTime": "0520/114344", "correlationVector":"CHWx7DbUBH8CaWmuMN9JGT.6","action":"ProcessGetUpdates", "result":"Done", "context":{"dataType":"Edge Hub App Usage", "deleted":"0", "process_failed_to_decrypt":"0", "process_pending_decryption":"0", "process_success":"2", "total":"2"}}
{"logTime": "0520/114344", "correlationVector":"CHWx7DbUBH8CaWmuMN9JGT.7","action":"ProcessGetUpdates", "result":"Done", "context":{"dataType":"Edge Workspace", "deleted":"0", "process_failed_to_decrypt":"0", "process_pending_decryption":"0", "process_success":"2", "total":"2"}}
{"logTime": "0520/114344", "correlationVector":"CHWx7DbUBH8CaWmuMN9JGT.8","action":"GetUpdates Response", "result":"Success", "context":Received 250 update(s). cV=CHWx7DbUBH8CaWmuMN9JGT.0;server=akswtt004000015;cloudType=Consumer;environment=Prod_brazilsouth_prod-s01-001-sam-brazilsouth;migrationStage=NotStarted Some updates remain.}
{"logTime": "0520/114344", "correlationVector":"a1L0orePZmCGzcXcNEE7k2","action":"Initial GetUpdates", "result":"", "context":Reason: NEWLY_SUPPORTED_DATATYPE. cV=a1L0orePZmCGzcXcNEE7k2}
{"logTime": "0520/114344", "correlationVector":"a1L0orePZmCGzcXcNEE7k2.1","action":"SyncServerConnectionManagerRequest", "result":"SYNC_SERVER_OK", "context":{"environment":"Prod_brazilsouth_prod-s01-001-sam-brazilsouth", "migrationStage":"NotStarted", "server":"akswtt00400000w"}}
{"logTime": "0520/114344", "correlationVector":"a1L0orePZmCGzcXcNEE7k2.2","action":"ProcessGetUpdates", "result":"Done", "context":{"dataType":"Autofill", "deleted":"0", "process_failed_to_decrypt":"0", "process_pending_decryption":"0", "process_success":"4", "total":"4"}}
{"logTime": "0520/114344", "correlationVector":"a1L0orePZmCGzcXcNEE7k2.3","action":"ProcessGetUpdates", "result":"Done", "context":{"dataType":"Sessions", "deleted":"63", "process_failed_to_decrypt":"0", "process_pending_decryption":"0", "process_success":"246", "total":"246"}}
{"logTime": "0520/114344", "correlationVector":"a1L0orePZmCGzcXcNEE7k2.4","action":"GetUpdates Response", "result":"Success", "context":Received 250 update(s). cV=a1L0orePZmCGzcXcNEE7k2.0;server=akswtt00400000w;cloudType=Consumer;environment=Prod_brazilsouth_prod-s01-001-sam-brazilsouth;migrationStage=NotStarted Some updates remain.}
{"logTime": "0520/114344", "correlationVector":"u0Bt6XSiW0Bnw1qNRSrklr","action":"Initial GetUpdates", "result":"", "context":Reason: NEWLY_SUPPORTED_DATATYPE. cV=u0Bt6XSiW0Bnw1qNRSrklr}
{"logTime": "0520/114345", "correlationVector":"u0Bt6XSiW0Bnw1qNRSrklr.1","action":"SyncServerConnectionManagerRequest", "result":"SYNC_SERVER_OK", "context":{"environment":"Prod_brazilsouth_prod-s01-001-sam-brazilsouth", "migrationStage":"NotStarted", "server":"akswtt004000014"}}
{"logTime": "0520/114345", "correlationVector":"u0Bt6XSiW0Bnw1qNRSrklr.2","action":"ProcessGetUpdates", "result":"Done", "context":{"dataType":"Sessions", "deleted":"43", "process_failed_to_decrypt":"0", "process_pending_decryption":"0", "process_success":"250", "total":"250"}}
{"logTime": "0520/114345", "correlationVector":"u0Bt6XSiW0Bnw1qNRSrklr.3","action":"GetUpdates Response", "result":"Success", "context":Received 250 update(s). cV=u0Bt6XSiW0Bnw1qNRSrklr.0;server=akswtt004000014;cloudType=Consumer;environment=Prod_brazilsouth_prod-s01-001-sam-brazilsouth;migrationStage=NotStarted Some updates remain.}
{"logTime": "0520/114345", "correlationVector":"3EbUaBaSXnpkLzeQH9b/az","action":"Initial GetUpdates", "result":"", "context":Reason: NEWLY_SUPPORTED_DATATYPE. cV=3EbUaBaSXnpkLzeQH9b/az}
{"logTime": "0520/114346", "correlationVector":"3EbUaBaSXnpkLzeQH9b/az.1","action":"SyncServerConnectionManagerRequest", "result":"SYNC_SERVER_OK", "context":{"environment":"Prod_brazilsouth_prod-s01-001-sam-brazilsouth", "migrationStage":"NotStarted", "server":"akswtt00400000x"}}
{"logTime": "0520/114346", "correlationVector":"3EbUaBaSXnpkLzeQH9b/az.2","action":"ProcessGetUpdates", "result":"Done", "context":{"dataType":"Extensions", "deleted":"0", "process_failed_to_decrypt":"0", "process_pending_decryption":"0", "process_success":"3", "total":"3"}}
{"logTime": "0520/114346", "correlationVector":"3EbUaBaSXnpkLzeQH9b/az.3","action":"ProcessGetUpdates", "result":"Done", "context":{"dataType":"Sessions", "deleted":"16", "process_failed_to_decrypt":"0", "process_pending_decryption":"0", "process_success":"246", "total":"246"}}
{"logTime": "0520/114346", "correlationVector":"3EbUaBaSXnpkLzeQH9b/az.4","action":"ProcessGetUpdates", "result":"Done", "context":{"dataType":"Edge Hub App Usage", "deleted":"0", "process_failed_to_decrypt":"0", "process_pending_decryption":"0", "process_success":"1", "total":"1"}}
{"logTime": "0520/114346", "correlationVector":"3EbUaBaSXnpkLzeQH9b/az.5","action":"GetUpdates Response", "result":"Success", "context":Received 250 update(s). cV=3EbUaBaSXnpkLzeQH9b/az.0;server=akswtt00400000x;cloudType=Consumer;environment=Prod_brazilsouth_prod-s01-001-sam-brazilsouth;migrationStage=NotStarted Some updates remain.}
{"logTime": "0520/114346", "correlationVector":"7LjkUjmCEWvFIHqxxdvVZH","action":"Initial GetUpdates", "result":"", "context":Reason: NEWLY_SUPPORTED_DATATYPE. cV=7LjkUjmCEWvFIHqxxdvVZH}
{"logTime": "0520/114347", "correlationVector":"7LjkUjmCEWvFIHqxxdvVZH.1","action":"SyncServerConnectionManagerRequest", "result":"SYNC_SERVER_OK", "context":{"environment":"Prod_brazilsouth_prod-s01-001-sam-brazilsouth", "migrationStage":"NotStarted", "server":"akswtt00400000s"}}
{"logTime": "0520/114347", "correlationVector":"7LjkUjmCEWvFIHqxxdvVZH.2","action":"ProcessGetUpdates", "result":"Done", "context":{"dataType":"Sessions", "deleted":"27", "process_failed_to_decrypt":"0", "process_pending_decryption":"0", "process_success":"250", "total":"250"}}
{"logTime": "0520/114347", "correlationVector":"7LjkUjmCEWvFIHqxxdvVZH.3","action":"GetUpdates Response", "result":"Success", "context":Received 250 update(s). cV=7LjkUjmCEWvFIHqxxdvVZH.0;server=akswtt00400000s;cloudType=Consumer;environment=Prod_brazilsouth_prod-s01-001-sam-brazilsouth;migrationStage=NotStarted Some updates remain.}
{"logTime": "0520/114347", "correlationVector":"fSiXUEdu2ikf3cIfqai8zf","action":"Initial GetUpdates", "result":"", "context":Reason: NEWLY_SUPPORTED_DATATYPE. cV=fSiXUEdu2ikf3cIfqai8zf}
{"logTime": "0520/114348", "correlationVector":"fSiXUEdu2ikf3cIfqai8zf.1","action":"SyncServerConnectionManagerRequest", "result":"SYNC_SERVER_OK", "context":{"environment":"Prod_brazilsouth_prod-s01-001-sam-brazilsouth", "migrationStage":"NotStarted", "server":"akswtt00400000x"}}
{"logTime": "0520/114348", "correlationVector":"fSiXUEdu2ikf3cIfqai8zf.2","action":"ProcessGetUpdates", "result":"Done", "context":{"dataType":"Sessions", "deleted":"42", "process_failed_to_decrypt":"0", "process_pending_decryption":"0", "process_success":"250", "total":"250"}}
{"logTime": "0520/114348", "correlationVector":"fSiXUEdu2ikf3cIfqai8zf.3","action":"GetUpdates Response", "result":"Success", "context":Received 250 update(s). cV=fSiXUEdu2ikf3cIfqai8zf.0;server=akswtt00400000x;cloudType=Consumer;environment=Prod_brazilsouth_prod-s01-001-sam-brazilsouth;migrationStage=NotStarted Some updates remain.}
{"logTime": "0520/114348", "correlationVector":"5oDdzZ/PUPYWixRnmRAGnV","action":"Initial GetUpdates", "result":"", "context":Reason: NEWLY_SUPPORTED_DATATYPE. cV=5oDdzZ/PUPYWixRnmRAGnV}
{"logTime": "0520/114348", "correlationVector":"5oDdzZ/PUPYWixRnmRAGnV.1","action":"SyncServerConnectionManagerRequest", "result":"SYNC_SERVER_OK", "context":{"environment":"Prod_brazilsouth_prod-s01-001-sam-brazilsouth", "migrationStage":"NotStarted", "server":"akswtt00400000x"}}
{"logTime": "0520/114348", "correlationVector":"5oDdzZ/PUPYWixRnmRAGnV.2","action":"ProcessGetUpdates", "result":"Done", "context":{"dataType":"Extensions", "deleted":"0", "process_failed_to_decrypt":"0", "process_pending_decryption":"0", "process_success":"1", "total":"1"}}
{"logTime": "0520/114348", "correlationVector":"5oDdzZ/PUPYWixRnmRAGnV.3","action":"ProcessGetUpdates", "result":"Done", "context":{"dataType":"Sessions", "deleted":"58", "process_failed_to_decrypt":"0", "process_pending_decryption":"0", "process_success":"249", "total":"249"}}
{"logTime": "0520/114348", "correlationVector":"5oDdzZ/PUPYWixRnmRAGnV.4","action":"GetUpdates Response", "result":"Success", "context":Received 250 update(s). cV=5oDdzZ/PUPYWixRnmRAGnV.0;server=akswtt00400000x;cloudType=Consumer;environment=Prod_brazilsouth_prod-s01-001-sam-brazilsouth;migrationStage=NotStarted Some updates remain.}
{"logTime": "0520/114348", "correlationVector":"IwAMV+KY8+4nJehKR0OkA5","action":"Initial GetUpdates", "result":"", "context":Reason: NEWLY_SUPPORTED_DATATYPE. cV=IwAMV+KY8+4nJehKR0OkA5}
{"logTime": "0520/114349", "correlationVector":"IwAMV+KY8+4nJehKR0OkA5.1","action":"SyncServerConnectionManagerRequest", "result":"SYNC_SERVER_OK", "context":{"environment":"Prod_brazilsouth_prod-s01-001-sam-brazilsouth", "migrationStage":"NotStarted", "server":"akswtt004000010"}}
{"logTime": "0520/114349", "correlationVector":"IwAMV+KY8+4nJehKR0OkA5.2","action":"ProcessGetUpdates", "result":"Done", "context":{"dataType":"Sessions", "deleted":"42", "process_failed_to_decrypt":"0", "process_pending_decryption":"0", "process_success":"250", "total":"250"}}
{"logTime": "0520/114349", "correlationVector":"IwAMV+KY8+4nJehKR0OkA5.3","action":"GetUpdates Response", "result":"Success", "context":Received 250 update(s). cV=IwAMV+KY8+4nJehKR0OkA5.0;server=akswtt004000010;cloudType=Consumer;environment=Prod_brazilsouth_prod-s01-001-sam-brazilsouth;migrationStage=NotStarted Some updates remain.}
{"logTime": "0520/114349", "correlationVector":"Q+ojw2olym957NeRWCx5Cc","action":"Initial GetUpdates", "result":"", "context":Reason: NEWLY_SUPPORTED_DATATYPE. cV=Q+ojw2olym957NeRWCx5Cc}
{"logTime": "0520/114350", "correlationVector":"Q+ojw2olym957NeRWCx5Cc.1","action":"SyncServerConnectionManagerRequest", "result":"SYNC_SERVER_OK", "context":{"environment":"Prod_brazilsouth_prod-s01-001-sam-brazilsouth", "migrationStage":"NotStarted", "server":"akswtt00400000w"}}
{"logTime": "0520/114350", "correlationVector":"Q+ojw2olym957NeRWCx5Cc.2","action":"ProcessGetUpdates", "result":"Done", "context":{"dataType":"Autofill", "deleted":"0", "process_failed_to_decrypt":"0", "process_pending_decryption":"0", "process_success":"6", "total":"6"}}
{"logTime": "0520/114350", "correlationVector":"Q+ojw2olym957NeRWCx5Cc.3","action":"ProcessGetUpdates", "result":"Done", "context":{"dataType":"Sessions", "deleted":"19", "process_failed_to_decrypt":"0", "process_pending_decryption":"0", "process_success":"118", "total":"118"}}
{"logTime": "0520/114350", "correlationVector":"Q+ojw2olym957NeRWCx5Cc.4","action":"ProcessGetUpdates", "result":"Done", "context":{"dataType":"Extension settings", "deleted":"0", "process_failed_to_decrypt":"0", "process_pending_decryption":"0", "process_success":"1", "total":"1"}}
{"logTime": "0520/114350", "correlationVector":"Q+ojw2olym957NeRWCx5Cc.5","action":"GetUpdates Response", "result":"Success", "context":Received 125 update(s). cV=Q+ojw2olym957NeRWCx5Cc.0;server=akswtt00400000w;cloudType=Consumer;environment=Prod_brazilsouth_prod-s01-001-sam-brazilsouth;migrationStage=NotStarted}
{"logTime": "0520/114350", "correlationVector":"FLuS1glhMv/e3KUFmIeHpN","action":"Initial GetUpdates", "result":"", "context":Reason: NEWLY_SUPPORTED_DATATYPE. cV=FLuS1glhMv/e3KUFmIeHpN}
{"logTime": "0520/114350", "correlationVector":"FLuS1glhMv/e3KUFmIeHpN.1","action":"SyncServerConnectionManagerRequest", "result":"SYNC_SERVER_OK", "context":{"environment":"Prod_brazilsouth_prod-s01-001-sam-brazilsouth", "migrationStage":"NotStarted", "server":"akswtt00400000r"}}
{"logTime": "0520/114350", "correlationVector":"FLuS1glhMv/e3KUFmIeHpN.2","action":"ProcessGetUpdates", "result":"Done", "context":{"dataType":"History", "deleted":"0", "process_failed_to_decrypt":"0", "process_pending_decryption":"0", "process_success":"250", "total":"250"}}
{"logTime": "0520/114350", "correlationVector":"FLuS1glhMv/e3KUFmIeHpN.3","action":"GetUpdates Response", "result":"Success", "context":Received 250 update(s). cV=FLuS1glhMv/e3KUFmIeHpN.0;server=akswtt00400000r;cloudType=Consumer;environment=Prod_brazilsouth_prod-s01-001-sam-brazilsouth;migrationStage=NotStarted Some updates remain.}
{"logTime": "0520/114350", "correlationVector":"awRgtvcGwRXbvMNr2OfGdt","action":"Initial GetUpdates", "result":"", "context":Reason: NEWLY_SUPPORTED_DATATYPE. cV=awRgtvcGwRXbvMNr2OfGdt}
{"logTime": "0520/114352", "correlationVector":"awRgtvcGwRXbvMNr2OfGdt.1","action":"SyncServerConnectionManagerRequest", "result":"SYNC_SERVER_OK", "context":{"environment":"Prod_brazilsouth_prod-s01-001-sam-brazilsouth", "migrationStage":"NotStarted", "server":"akswtt004000010"}}
{"logTime": "0520/114352", "correlationVector":"awRgtvcGwRXbvMNr2OfGdt.2","action":"ProcessGetUpdates", "result":"Done", "context":{"dataType":"History", "deleted":"0", "process_failed_to_decrypt":"0", "process_pending_decryption":"0", "process_success":"250", "total":"250"}}
{"logTime": "0520/114352", "correlationVector":"awRgtvcGwRXbvMNr2OfGdt.3","action":"GetUpdates Response", "result":"Success", "context":Received 250 update(s). cV=awRgtvcGwRXbvMNr2OfGdt.0;server=akswtt004000010;cloudType=Consumer;environment=Prod_brazilsouth_prod-s01-001-sam-brazilsouth;migrationStage=NotStarted Some updates remain.}
{"logTime": "0520/114352", "correlationVector":"vvdsU09Mmpad156mABlaKD","action":"Initial GetUpdates", "result":"", "context":Reason: NEWLY_SUPPORTED_DATATYPE. cV=vvdsU09Mmpad156mABlaKD}
{"logTime": "0520/114353", "correlationVector":"vvdsU09Mmpad156mABlaKD.1","action":"SyncServerConnectionManagerRequest", "result":"SYNC_SERVER_OK", "context":{"environment":"Prod_brazilsouth_prod-s01-001-sam-brazilsouth", "migrationStage":"NotStarted", "server":"akswtt004000013"}}
{"logTime": "0520/114353", "correlationVector":"vvdsU09Mmpad156mABlaKD.2","action":"ProcessGetUpdates", "result":"Done", "context":{"dataType":"History", "deleted":"0", "process_failed_to_decrypt":"0", "process_pending_decryption":"0", "process_success":"250", "total":"250"}}
{"logTime": "0520/114353", "correlationVector":"vvdsU09Mmpad156mABlaKD.3","action":"GetUpdates Response", "result":"Success", "context":Received 250 update(s). cV=vvdsU09Mmpad156mABlaKD.0;server=akswtt004000013;cloudType=Consumer;environment=Prod_brazilsouth_prod-s01-001-sam-brazilsouth;migrationStage=NotStarted Some updates remain.}
{"logTime": "0520/114353", "correlationVector":"S6dDVxlp2rYGotIz1vRGKQ","action":"Initial GetUpdates", "result":"", "context":Reason: NEWLY_SUPPORTED_DATATYPE. cV=S6dDVxlp2rYGotIz1vRGKQ}
{"logTime": "0520/114354", "correlationVector":"S6dDVxlp2rYGotIz1vRGKQ.1","action":"SyncServerConnectionManagerRequest", "result":"SYNC_SERVER_OK", "context":{"environment":"Prod_brazilsouth_prod-s01-001-sam-brazilsouth", "migrationStage":"NotStarted", "server":"akswtt00400000v"}}
{"logTime": "0520/114354", "correlationVector":"S6dDVxlp2rYGotIz1vRGKQ.2","action":"ProcessGetUpdates", "result":"Done", "context":{"dataType":"History", "deleted":"0", "process_failed_to_decrypt":"0", "process_pending_decryption":"0", "process_success":"250", "total":"250"}}
{"logTime": "0520/114354", "correlationVector":"S6dDVxlp2rYGotIz1vRGKQ.3","action":"GetUpdates Response", "result":"Success", "context":Received 250 update(s). cV=S6dDVxlp2rYGotIz1vRGKQ.0;server=akswtt00400000v;cloudType=Consumer;environment=Prod_brazilsouth_prod-s01-001-sam-brazilsouth;migrationStage=NotStarted Some updates remain.}
{"logTime": "0520/114354", "correlationVector":"R6ddO5kLYGtjGfPl3TUPrJ","action":"Initial GetUpdates", "result":"", "context":Reason: NEWLY_SUPPORTED_DATATYPE. cV=R6ddO5kLYGtjGfPl3TUPrJ}
{"logTime": "0520/114354", "correlationVector":"R6ddO5kLYGtjGfPl3TUPrJ.1","action":"SyncServerConnectionManagerRequest", "result":"SYNC_SERVER_OK", "context":{"environment":"Prod_brazilsouth_prod-s01-001-sam-brazilsouth", "migrationStage":"NotStarted", "server":"akswtt00400000v"}}
{"logTime": "0520/114354", "correlationVector":"R6ddO5kLYGtjGfPl3TUPrJ.2","action":"ProcessGetUpdates", "result":"Done", "context":{"dataType":"History", "deleted":"0", "process_failed_to_decrypt":"0", "process_pending_decryption":"0", "process_success":"250", "total":"250"}}
{"logTime": "0520/114354", "correlationVector":"R6ddO5kLYGtjGfPl3TUPrJ.3","action":"GetUpdates Response", "result":"Success", "context":Received 250 update(s). cV=R6ddO5kLYGtjGfPl3TUPrJ.0;server=akswtt00400000v;cloudType=Consumer;environment=Prod_brazilsouth_prod-s01-001-sam-brazilsouth;migrationStage=NotStarted Some updates remain.}
{"logTime": "0520/114354", "correlationVector":"Q69vguQeFBhUDhYfeZa1L9","action":"Initial GetUpdates", "result":"", "context":Reason: NEWLY_SUPPORTED_DATATYPE. cV=Q69vguQeFBhUDhYfeZa1L9}
{"logTime": "0520/114355", "correlationVector":"Q69vguQeFBhUDhYfeZa1L9.1","action":"SyncServerConnectionManagerRequest", "result":"SYNC_SERVER_OK", "context":{"environment":"Prod_brazilsouth_prod-s01-001-sam-brazilsouth", "migrationStage":"NotStarted", "server":"akswtt004000010"}}
{"logTime": "0520/114355", "correlationVector":"Q69vguQeFBhUDhYfeZa1L9.2","action":"ProcessGetUpdates", "result":"Done", "context":{"dataType":"History", "deleted":"0", "process_failed_to_decrypt":"0", "process_pending_decryption":"0", "process_success":"250", "total":"250"}}
{"logTime": "0520/114355", "correlationVector":"Q69vguQeFBhUDhYfeZa1L9.3","action":"GetUpdates Response", "result":"Success", "context":Received 250 update(s). cV=Q69vguQeFBhUDhYfeZa1L9.0;server=akswtt004000010;cloudType=Consumer;environment=Prod_brazilsouth_prod-s01-001-sam-brazilsouth;migrationStage=NotStarted Some updates remain.}
{"logTime": "0520/114355", "correlationVector":"/snKQO6KTkwKkrYMTxdLhw","action":"Initial GetUpdates", "result":"", "context":Reason: NEWLY_SUPPORTED_DATATYPE. cV=/snKQO6KTkwKkrYMTxdLhw}
{"logTime": "0520/114356", "correlationVector":"/snKQO6KTkwKkrYMTxdLhw.1","action":"SyncServerConnectionManagerRequest", "result":"SYNC_SERVER_OK", "context":{"environment":"Prod_brazilsouth_prod-s01-001-sam-brazilsouth", "migrationStage":"NotStarted", "server":"akswtt004000013"}}
{"logTime": "0520/114356", "correlationVector":"/snKQO6KTkwKkrYMTxdLhw.2","action":"ProcessGetUpdates", "result":"Done", "context":{"dataType":"History", "deleted":"0", "process_failed_to_decrypt":"0", "process_pending_decryption":"0", "process_success":"250", "total":"250"}}
{"logTime": "0520/114356", "correlationVector":"/snKQO6KTkwKkrYMTxdLhw.3","action":"GetUpdates Response", "result":"Success", "context":Received 250 update(s). cV=/snKQO6KTkwKkrYMTxdLhw.0;server=akswtt004000013;cloudType=Consumer;environment=Prod_brazilsouth_prod-s01-001-sam-brazilsouth;migrationStage=NotStarted Some updates remain.}
{"logTime": "0520/114356", "correlationVector":"VdJIkqDwq20onqVWRnVtwZ","action":"Initial GetUpdates", "result":"", "context":Reason: NEWLY_SUPPORTED_DATATYPE. cV=VdJIkqDwq20onqVWRnVtwZ}
{"logTime": "0520/114357", "correlationVector":"VdJIkqDwq20onqVWRnVtwZ.1","action":"SyncServerConnectionManagerRequest", "result":"SYNC_SERVER_OK", "context":{"environment":"Prod_brazilsouth_prod-s01-001-sam-brazilsouth", "migrationStage":"NotStarted", "server":"akswtt004000010"}}
{"logTime": "0520/114357", "correlationVector":"VdJIkqDwq20onqVWRnVtwZ.2","action":"ProcessGetUpdates", "result":"Done", "context":{"dataType":"History", "deleted":"0", "process_failed_to_decrypt":"0", "process_pending_decryption":"0", "process_success":"250", "total":"250"}}
{"logTime": "0520/114357", "correlationVector":"VdJIkqDwq20onqVWRnVtwZ.3","action":"GetUpdates Response", "result":"Success", "context":Received 250 update(s). cV=VdJIkqDwq20onqVWRnVtwZ.0;server=akswtt004000010;cloudType=Consumer;environment=Prod_brazilsouth_prod-s01-001-sam-brazilsouth;migrationStage=NotStarted Some updates remain.}
{"logTime": "0520/114357", "correlationVector":"Pg87Jd+mrnKkuanpNo0kqF","action":"Initial GetUpdates", "result":"", "context":Reason: NEWLY_SUPPORTED_DATATYPE. cV=Pg87Jd+mrnKkuanpNo0kqF}
{"logTime": "0520/114357", "correlationVector":"Pg87Jd+mrnKkuanpNo0kqF.1","action":"SyncServerConnectionManagerRequest", "result":"SYNC_SERVER_OK", "context":{"environment":"Prod_brazilsouth_prod-s01-001-sam-brazilsouth", "migrationStage":"NotStarted", "server":"akswtt00400000s"}}
{"logTime": "0520/114357", "correlationVector":"Pg87Jd+mrnKkuanpNo0kqF.2","action":"ProcessGetUpdates", "result":"Done", "context":{"dataType":"History", "deleted":"0", "process_failed_to_decrypt":"0", "process_pending_decryption":"0", "process_success":"94", "total":"94"}}
{"logTime": "0520/114357", "correlationVector":"Pg87Jd+mrnKkuanpNo0kqF.3","action":"GetUpdates Response", "result":"Success", "context":Received 94 update(s). cV=Pg87Jd+mrnKkuanpNo0kqF.0;server=akswtt00400000s;cloudType=Consumer;environment=Prod_brazilsouth_prod-s01-001-sam-brazilsouth;migrationStage=NotStarted}
{"logTime": "0520/114357", "correlationVector":"aCRDUdz6UzXa0ZTLzGo9C6","action":"Normal GetUpdate request", "result":"", "context":cV=aCRDUdz6UzXa0ZTLzGo9C6
Nudged types: Sessions, Extension settings, Device Info, User Consents, History
Refresh requested types: Bookmarks, Preferences, Passwords, Autofill Profiles, Autofill, Extensions, Sessions, Extension settings, History Delete Directives, Device Info, User Consents, Send Tab To Self, Web Apps, History, Saved Tab Group, WebAuthn Credentials, Collection, Edge E Drop, Edge Hub App Usage, Edge Wallet, Edge Workspace, Encryption Keys}
{"logTime": "0520/114358", "correlationVector":"aCRDUdz6UzXa0ZTLzGo9C6.1","action":"SyncServerConnectionManagerRequest", "result":"SYNC_SERVER_OK", "context":{"environment":"Prod_brazilsouth_prod-s01-034-sam-brazilsouth", "migrationStage":"NotStarted", "server":"akswtt10000000g"}}
{"logTime": "0520/114358", "correlationVector":"aCRDUdz6UzXa0ZTLzGo9C6.2","action":"GetUpdates Response", "result":"Success", "context":Received 0 update(s). cV=aCRDUdz6UzXa0ZTLzGo9C6.0;server=akswtt10000000g;cloudType=Consumer;environment=Prod_brazilsouth_prod-s01-034-sam-brazilsouth;migrationStage=NotStarted}
{"logTime": "0520/114358", "correlationVector":"8046TlMo1GyUNIm6NZdSBS","action":"Commit Request", "result":"", "context":Item count: 24
Contributing types: Sessions, Extension settings, Device Info, User Consents, History}
{"logTime": "0520/114404", "correlationVector":"8046TlMo1GyUNIm6NZdSBS.1","action":"SyncServerConnectionManagerRequest", "result":"SYNC_SERVER_OK", "context":{"environment":"Prod_brazilsouth_prod-s01-034-sam-brazilsouth", "migrationStage":"NotStarted", "server":"akswtt10000001l"}}
{"logTime": "0520/114404", "correlationVector":"8046TlMo1GyUNIm6NZdSBS.2","action":"Commit Response", "result":"Success", "context":Result: Success. cV=8046TlMo1GyUNIm6NZdSBS.0;server=akswtt10000001l;cloudType=Consumer;environment=Prod_brazilsouth_prod-s01-034-sam-brazilsouth;migrationStage=NotStarted}
{"logTime": "0520/114404", "correlationVector":"tgVP8jMl42vJ+Zahe/PblR","action":"Commit Request", "result":"", "context":Item count: 11
Contributing types: Sessions, History}
{"logTime": "0520/114407", "correlationVector":"tgVP8jMl42vJ+Zahe/PblR.1","action":"SyncServerConnectionManagerRequest", "result":"SYNC_SERVER_OK", "context":{"environment":"Prod_brazilsouth_prod-s01-034-sam-brazilsouth", "migrationStage":"NotStarted", "server":"akswtt10000001r"}}
{"logTime": "0520/114407", "correlationVector":"tgVP8jMl42vJ+Zahe/PblR.2","action":"Commit Response", "result":"Success", "context":Result: Success. cV=tgVP8jMl42vJ+Zahe/PblR.0;server=akswtt10000001r;cloudType=Consumer;environment=Prod_brazilsouth_prod-s01-034-sam-brazilsouth;migrationStage=NotStarted}
{"logTime": "0520/114437", "correlationVector":"EZZVuSFeuY/B8xXDm2Ly5O","action":"Commit Request", "result":"", "context":Item count: 40
Contributing types: Passwords}
{"logTime": "0520/114450", "correlationVector":"EZZVuSFeuY/B8xXDm2Ly5O.1","action":"SyncServerConnectionManagerRequest", "result":"SYNC_SERVER_OK", "context":{"environment":"Prod_brazilsouth_prod-s01-034-sam-brazilsouth", "migrationStage":"NotStarted", "server":"akswtt10000000g"}}
{"logTime": "0520/114450", "correlationVector":"EZZVuSFeuY/B8xXDm2Ly5O.2","action":"Commit Response", "result":"Success", "context":Result: Success. cV=EZZVuSFeuY/B8xXDm2Ly5O.0;server=akswtt10000000g;cloudType=Consumer;environment=Prod_brazilsouth_prod-s01-034-sam-brazilsouth;migrationStage=NotStarted}
{"logTime": "0520/114450", "correlationVector":"gj9XfoS8MorWsteHEhfVim","action":"Commit Request", "result":"", "context":Item count: 40
Contributing types: Passwords}
{"logTime": "0520/114459", "correlationVector":"gj9XfoS8MorWsteHEhfVim.1","action":"SyncServerConnectionManagerRequest", "result":"SYNC_SERVER_OK", "context":{"environment":"Prod_brazilsouth_prod-s01-034-sam-brazilsouth", "migrationStage":"NotStarted", "server":"akswtt10000001r"}}
{"logTime": "0520/114459", "correlationVector":"gj9XfoS8MorWsteHEhfVim.2","action":"Commit Response", "result":"Success", "context":Result: Success. cV=gj9XfoS8MorWsteHEhfVim.0;server=akswtt10000001r;cloudType=Consumer;environment=Prod_brazilsouth_prod-s01-034-sam-brazilsouth;migrationStage=NotStarted}
{"logTime": "0520/114459", "correlationVector":"EA2qpttjpVc3F/DueE/yRY","action":"Commit Request", "result":"", "context":Item count: 40
Contributing types: Passwords}
