2026-05-20 10:24:49.915: [INFO] VisibilityChanged: 0
2026-05-20 10:24:50.178: [INFO] RecordSyncInitDuration has_sync_been_enabled: 0 state: 0
2026-05-20 10:24:50.179: [INFO] RecordSyncInitDuration has_sync_been_enabled: 0 state: 0
2026-05-20 10:24:50.179: [INFO] RecordSyncInitDuration has_sync_been_enabled: 0 state: 0
2026-05-20 10:24:50.180: [INFO] RecordSyncInitDuration has_sync_been_enabled: 0 state: 0
2026-05-20 10:24:50.181: [INFO] RecordSyncInitDuration has_sync_been_enabled: 0 state: 0
2026-05-20 10:24:50.181: [INFO] RecordSyncInitDuration has_sync_been_enabled: 0 state: 0
2026-05-20 10:24:50.182: [INFO] RecordSyncInitDuration has_sync_been_enabled: 0 state: 0
2026-05-20 10:24:50.183: [INFO] RecordSyncInitDuration has_sync_been_enabled: 0 state: 0
2026-05-20 10:24:50.184: [INFO] RecordSyncInitDuration has_sync_been_enabled: 0 state: 0
2026-05-20 10:24:50.185: [INFO] RecordSyncInitDuration has_sync_been_enabled: 0 state: 0
2026-05-20 10:24:50.185: [INFO] RecordSyncInitDuration has_sync_been_enabled: 0 state: 0
2026-05-20 10:24:50.186: [INFO] RecordSyncInitDuration has_sync_been_enabled: 0 state: 0
2026-05-20 10:24:50.221: [INFO] BookmarkModelLoaded, ids_reassigned: 0
2026-05-20 10:24:50.221: [INFO] OnDoneLoading sync enabled: 0
2026-05-20 10:24:50.225: [INFO] RecordSyncInitDuration has_sync_been_enabled: 0 state: 0
2026-05-20 10:24:51.709: [INFO] RecordSyncInitDuration has_sync_been_enabled: 0 state: 0
2026-05-20 10:24:51.712: [INFO] RecordSyncInitDuration has_sync_been_enabled: 0 state: 3
2026-05-20 10:24:51.713: [INFO] Primary account changed.
2026-05-20 10:24:51.713: [INFO] OnPrimaryAccountChanged PrimaryAccountChangeEvent::Type::kSet
2026-05-20 10:24:51.716: [INFO] RecordSyncInitDuration has_sync_been_enabled: 0 state: 3
2026-05-20 10:24:51.748: [INFO] RecordSyncInitDuration has_sync_been_enabled: 0 state: 3
